W/AudioTrack( 3185): AUDIO_OUTPUT_FLAG_FAST denied by client
I/ActivityManager( 3185): START u0 {act=android.intent.action.MAIN cat=[android.intent.category.LAUNCHER] flg=0x10000000 cmp=hello.radek.washington.edu.activityspy/.MainActivity (has extras)} from uid 10008 on display 0
I/art     ( 2964): Background concurrent mark sweep GC freed 784(33KB) AllocSpace objects, 0(0B) LOS objects, 90% free, 111KB/1135KB, paused 12.186ms total 19.007ms
I/art     ( 5560): Not late-enabling -Xcheck:jni (already on)
I/ActivityManager( 3185): Start proc hello.radek.washington.edu.activityspy for activity hello.radek.washington.edu.activityspy/.MainActivity: pid=5560 uid=10059 gids={50059, 9997} abi=x86
I/MainActivity( 5560): onCreate event fired
I/MainActivity( 5560): onStart event fired
I/MainActivity( 5560): onResume event fired
D/OpenGLRenderer( 5560): Render dirty regions requested: true
D/        ( 5560): HostConnection::get() New Host Connection established 0xa6d474e0, tid 5560
D/Atlas   ( 5560): Validating map...
D/        ( 5560): HostConnection::get() New Host Connection established 0xa6d47a10, tid 5575
I/OpenGLRenderer( 5560): Initialized EGL, version 1.4
D/OpenGLRenderer( 5560): Enabling debug mode 0
W/EGL_emulation( 5560): eglSurfaceAttrib not implemented
W/OpenGLRenderer( 5560): Failed to set EGL_SWAP_BEHAVIOR on surface 0xa6d20780, error=EGL_SUCCESS
I/ActivityManager( 3185): Displayed hello.radek.washington.edu.activityspy/.MainActivity: +445ms
I/ActivityManager( 3185): START u0 {act=android.intent.action.MAIN cat=[android.intent.category.HOME] flg=0x10200000 cmp=com.android.launcher/com.android.launcher2.Launcher} from uid 1000 on display 0
E/EGL_emulation(  920): tid 920: eglCreateSyncKHR(1237): error 0x3004 (EGL_BAD_ATTRIBUTE)
I/MainActivity( 5560): onPause event fired
W/AudioTrack( 3185): AUDIO_OUTPUT_FLAG_FAST denied by client
I/MainActivity( 5560): onStop event fired
W/EGL_emulation( 3502): eglSurfaceAttrib not implemented
W/OpenGLRenderer( 3502): Failed to set EGL_SWAP_BEHAVIOR on surface 0xa3e949a0, error=EGL_SUCCESS
W/SurfaceFlinger(  920): couldn't log to binary event log: overflow.
W/OpenGLRenderer( 3502): Incorrectly called buildLayer on View: ShortcutAndWidgetContainer, destroying layer...
W/OpenGLRenderer( 3502): Incorrectly called buildLayer on View: ShortcutAndWidgetContainer, destroying layer...
W/OpenGLRenderer( 3502): Incorrectly called buildLayer on View: ShortcutAndWidgetContainer, destroying layer...
W/AudioTrack( 3185): AUDIO_OUTPUT_FLAG_FAST denied by client
I/ActivityManager( 3185): START u0 {act=com.android.systemui.recents.SHOW_RECENTS flg=0x10804000 cmp=com.android.systemui/.recents.RecentsActivity (has extras)} from uid 10013 on display 0
W/ResourceType( 3267): No package identifier when getting value for resource number 0x00000000
W/PackageManager( 3267): Failure retrieving resources for hello.radek.washington.edu.activityspy: Resource ID #0x0
W/EGL_emulation( 3267): eglSurfaceAttrib not implemented
W/OpenGLRenderer( 3267): Failed to set EGL_SWAP_BEHAVIOR on surface 0xa56d6da0, error=EGL_SUCCESS
W/AudioTrack( 3185): AUDIO_OUTPUT_FLAG_FAST denied by client
I/ActivityManager( 3185): Killing 5560:hello.radek.washington.edu.activityspy/u0a59 (adj 9): remove task
I/WindowState( 3185): WIN DEATH: Window{2a949116 u0 hello.radek.washington.edu.activityspy/hello.radek.washington.edu.activityspy.MainActivity}
W/libprocessgroup( 3185): failed to open /acct/uid_10059/pid_5560/cgroup.procs: No such file or directory
D/TaskPersister( 3185): removeObsoleteFile: deleting file=30_task.xml
D/TaskPersister( 3185): removeObsoleteFile: deleting file=30_task_thumbnail.png
W/AudioTrack( 3185): AUDIO_OUTPUT_FLAG_FAST denied by client
I/ActivityManager( 3185): START u0 {act=android.intent.action.MAIN cat=[android.intent.category.HOME] flg=0x10200000 cmp=com.android.launcher/com.android.launcher2.Launcher} from uid 10013 on display 0
W/EGL_emulation( 3502): eglSurfaceAttrib not implemented
W/OpenGLRenderer( 3502): Failed to set EGL_SWAP_BEHAVIOR on surface 0xa5799200, error=EGL_SUCCESS
W/OpenGLRenderer( 3502): Incorrectly called buildLayer on View: ShortcutAndWidgetContainer, destroying layer...
W/OpenGLRenderer( 3502): Incorrectly called buildLayer on View: ShortcutAndWidgetContainer, destroying layer...
W/OpenGLRenderer( 3502): Incorrectly called buildLayer on View: ShortcutAndWidgetContainer, destroying layer...
W/AudioTrack( 3185): AUDIO_OUTPUT_FLAG_FAST denied by client
W/AudioTrack( 3185): AUDIO_OUTPUT_FLAG_FAST denied by client
I/ActivityManager( 3185): START u0 {act=android.intent.action.MAIN cat=[android.intent.category.LAUNCHER] flg=0x10000000 cmp=hello.radek.washington.edu.activityspy/.MainActivity (has extras)} from uid 10008 on display 0
I/ActivityManager( 3185): Start proc hello.radek.washington.edu.activityspy for activity hello.radek.washington.edu.activityspy/.MainActivity: pid=5588 uid=10059 gids={50059, 9997} abi=x86
I/art     ( 5588): Not late-enabling -Xcheck:jni (already on)
I/MainActivity( 5588): onCreate event fired
I/MainActivity( 5588): onStart event fired
I/MainActivity( 5588): onResume event fired
D/OpenGLRenderer( 5588): Render dirty regions requested: true
D/        ( 5588): HostConnection::get() New Host Connection established 0xa68494e0, tid 5588
D/Atlas   ( 5588): Validating map...
D/        ( 5588): HostConnection::get() New Host Connection established 0xa6849970, tid 5603
I/OpenGLRenderer( 5588): Initialized EGL, version 1.4
D/OpenGLRenderer( 5588): Enabling debug mode 0
W/EGL_emulation( 5588): eglSurfaceAttrib not implemented
W/OpenGLRenderer( 5588): Failed to set EGL_SWAP_BEHAVIOR on surface 0xa68226a0, error=EGL_SUCCESS
I/ActivityManager( 3185): Displayed hello.radek.washington.edu.activityspy/.MainActivity: +471ms
W/AudioTrack( 3185): AUDIO_OUTPUT_FLAG_FAST denied by client
W/ResourceType( 3267): No package identifier when getting value for resource number 0x00000000
W/PackageManager( 3267): Failure retrieving resources for hello.radek.washington.edu.activityspy: Resource ID #0x0
I/ActivityManager( 3185): START u0 {act=com.android.systemui.recents.SHOW_RECENTS flg=0x10804000 cmp=com.android.systemui/.recents.RecentsActivity (has extras)} from uid 10013 on display 0
D/        ( 3185): HostConnection::get() New Host Connection established 0x9fdfc8a0, tid 3560
E/EGL_emulation(  920): tid 920: eglCreateSyncKHR(1237): error 0x3004 (EGL_BAD_ATTRIBUTE)
I/MainActivity( 5588): onPause event fired
I/MainActivity( 5588): onStop event fired
W/ResourceType( 3267): No package identifier when getting value for resource number 0x00000000
W/PackageManager( 3267): Failure retrieving resources for hello.radek.washington.edu.activityspy: Resource ID #0x0
I/art     ( 3185): Background partial concurrent mark sweep GC freed 4323(211KB) AllocSpace objects, 4(4MB) LOS objects, 20% free, 15MB/19MB, paused 5.743ms total 66.273ms
W/EGL_emulation( 3267): eglSurfaceAttrib not implemented
W/OpenGLRenderer( 3267): Failed to set EGL_SWAP_BEHAVIOR on surface 0xa3228020, error=EGL_SUCCESS
I/Choreographer( 3267): Skipped 72 frames!  The application may be doing too much work on its main thread.
W/InputMethodManagerService( 3185): Starting input on non-focused client com.android.internal.view.IInputMethodClient$Stub$Proxy@11dcd081 (uid=10059 pid=5588)
W/SurfaceFlinger(  920): couldn't log to binary event log: overflow.
W/AudioTrack( 3185): AUDIO_OUTPUT_FLAG_FAST denied by client
I/ActivityManager( 3185): Killing 5588:hello.radek.washington.edu.activityspy/u0a59 (adj 9): remove task
I/WindowState( 3185): WIN DEATH: Window{d714077 u0 hello.radek.washington.edu.activityspy/hello.radek.washington.edu.activityspy.MainActivity}
W/libprocessgroup( 3185): failed to open /acct/uid_10059/pid_5588/cgroup.procs: No such file or directory
D/TaskPersister( 3185): removeObsoleteFile: deleting file=31_task.xml
D/TaskPersister( 3185): removeObsoleteFile: deleting file=31_task_thumbnail.png
W/AudioTrack( 3185): AUDIO_OUTPUT_FLAG_FAST denied by client
I/ActivityManager( 3185): START u0 {act=android.intent.action.MAIN cat=[android.intent.category.HOME] flg=0x10200000 cmp=com.android.launcher/com.android.launcher2.Launcher} from uid 10013 on display 0
W/EGL_emulation( 3502): eglSurfaceAttrib not implemented
W/OpenGLRenderer( 3502): Failed to set EGL_SWAP_BEHAVIOR on surface 0xa5799200, error=EGL_SUCCESS
W/OpenGLRenderer( 3502): Incorrectly called buildLayer on View: ShortcutAndWidgetContainer, destroying layer...
W/OpenGLRenderer( 3502): Incorrectly called buildLayer on View: ShortcutAndWidgetContainer, destroying layer...
W/OpenGLRenderer( 3502): Incorrectly called buildLayer on View: ShortcutAndWidgetContainer, destroying layer...
I/UsageStatsService( 3185): User[0] Flushing usage stats to disk
I/EventLogService( 3711): Aggregate from 1429049210986 (log), 1429049210986 (data)
W/AudioTrack( 3185): AUDIO_OUTPUT_FLAG_FAST denied by client
W/AudioTrack( 3185): AUDIO_OUTPUT_FLAG_FAST denied by client
I/ActivityManager( 3185): START u0 {act=android.intent.action.MAIN cat=[android.intent.category.LAUNCHER] flg=0x10000000 cmp=hello.radek.washington.edu.hello/.MainActivity (has extras)} from uid 10008 on display 0
I/ActivityManager( 3185): Start proc hello.radek.washington.edu.hello for activity hello.radek.washington.edu.hello/.MainActivity: pid=5616 uid=10058 gids={50058, 9997} abi=x86
I/art     ( 2964): Explicit concurrent mark sweep GC freed 705(30KB) AllocSpace objects, 0(0B) LOS objects, 90% free, 110KB/1134KB, paused 1.253ms total 19.206ms
I/art     ( 2964): Explicit concurrent mark sweep GC freed 8(256B) AllocSpace objects, 0(0B) LOS objects, 90% free, 110KB/1134KB, paused 1.188ms total 18.483ms
I/art     ( 5616): Not late-enabling -Xcheck:jni (already on)
I/art     ( 2964): Explicit concurrent mark sweep GC freed 5(160B) AllocSpace objects, 0(0B) LOS objects, 90% free, 110KB/1134KB, paused 1.156ms total 19.083ms
D/OpenGLRenderer( 5616): Render dirty regions requested: true
D/        ( 5616): HostConnection::get() New Host Connection established 0xa6d484a0, tid 5616
D/Atlas   ( 5616): Validating map...
D/        ( 5616): HostConnection::get() New Host Connection established 0xa6d488d0, tid 5631
I/OpenGLRenderer( 5616): Initialized EGL, version 1.4
D/OpenGLRenderer( 5616): Enabling debug mode 0
W/EGL_emulation( 5616): eglSurfaceAttrib not implemented
W/OpenGLRenderer( 5616): Failed to set EGL_SWAP_BEHAVIOR on surface 0xae1ff340, error=EGL_SUCCESS
I/art     ( 5616): Background sticky concurrent mark sweep GC freed 3036(238KB) AllocSpace objects, 0(0B) LOS objects, 24% free, 858KB/1135KB, paused 7.830ms total 29.001ms
I/ActivityManager( 3185): Displayed hello.radek.washington.edu.hello/.MainActivity: +506ms
W/AudioTrack( 3185): AUDIO_OUTPUT_FLAG_FAST denied by client
I/ActivityManager( 3185): START u0 {act=android.intent.action.MAIN cat=[android.intent.category.HOME] flg=0x10200000 cmp=com.android.launcher/com.android.launcher2.Launcher} from uid 1000 on display 0
E/EGL_emulation(  920): tid 920: eglCreateSyncKHR(1237): error 0x3004 (EGL_BAD_ATTRIBUTE)
W/EGL_emulation( 3502): eglSurfaceAttrib not implemented
W/OpenGLRenderer( 3502): Failed to set EGL_SWAP_BEHAVIOR on surface 0xa5799200, error=EGL_SUCCESS
I/art     ( 3185): Background sticky concurrent mark sweep GC freed 12186(770KB) AllocSpace objects, 9(144KB) LOS objects, 6% free, 18MB/19MB, paused 9.014ms total 21.580ms
W/OpenGLRenderer( 3502): Incorrectly called buildLayer on View: ShortcutAndWidgetContainer, destroying layer...
W/OpenGLRenderer( 3502): Incorrectly called buildLayer on View: ShortcutAndWidgetContainer, destroying layer...
W/OpenGLRenderer( 3502): Incorrectly called buildLayer on View: ShortcutAndWidgetContainer, destroying layer...
W/AudioTrack( 3185): AUDIO_OUTPUT_FLAG_FAST denied by client
I/ActivityManager( 3185): START u0 {act=android.intent.action.MAIN cat=[android.intent.category.LAUNCHER] flg=0x10000000 cmp=hello.radek.washington.edu.activityspy/.MainActivity (has extras)} from uid 10008 on display 0
W/AudioTrack( 3185): AUDIO_OUTPUT_FLAG_FAST denied by client
I/ActivityManager( 3185): Start proc hello.radek.washington.edu.activityspy for activity hello.radek.washington.edu.activityspy/.MainActivity: pid=5638 uid=10059 gids={50059, 9997} abi=x86
I/art     ( 5638): Not late-enabling -Xcheck:jni (already on)
I/MainActivity( 5638): onCreate event fired
I/MainActivity( 5638): onStart event fired
I/MainActivity( 5638): onResume event fired
D/OpenGLRenderer( 5638): Render dirty regions requested: true
D/        ( 5638): HostConnection::get() New Host Connection established 0xa6d404e0, tid 5638
D/Atlas   ( 5638): Validating map...
D/        ( 5638): HostConnection::get() New Host Connection established 0xa6d40830, tid 5653
I/OpenGLRenderer( 5638): Initialized EGL, version 1.4
D/OpenGLRenderer( 5638): Enabling debug mode 0
W/EGL_emulation( 5638): eglSurfaceAttrib not implemented
W/OpenGLRenderer( 5638): Failed to set EGL_SWAP_BEHAVIOR on surface 0xae1e3300, error=EGL_SUCCESS
I/ActivityManager( 3185): Displayed hello.radek.washington.edu.activityspy/.MainActivity: +654ms
W/AudioTrack( 3185): AUDIO_OUTPUT_FLAG_FAST denied by client
W/ResourceType( 3267): No package identifier when getting value for resource number 0x00000000
W/PackageManager( 3267): Failure retrieving resources for hello.radek.washington.edu.activityspy: Resource ID #0x0
I/ActivityManager( 3185): START u0 {act=com.android.systemui.recents.SHOW_RECENTS flg=0x10804000 cmp=com.android.systemui/.recents.RecentsActivity (has extras)} from uid 10013 on display 0
E/EGL_emulation(  920): tid 920: eglCreateSyncKHR(1237): error 0x3004 (EGL_BAD_ATTRIBUTE)
I/MainActivity( 5638): onPause event fired
I/MainActivity( 5638): onStop event fired
W/ResourceType( 3267): No package identifier when getting value for resource number 0x00000000
W/PackageManager( 3267): Failure retrieving resources for hello.radek.washington.edu.hello: Resource ID #0x0
W/ResourceType( 3267): No package identifier when getting value for resource number 0x00000000
W/PackageManager( 3267): Failure retrieving resources for hello.radek.washington.edu.activityspy: Resource ID #0x0
I/art     ( 3185): Background partial concurrent mark sweep GC freed 4117(221KB) AllocSpace objects, 4(4MB) LOS objects, 19% free, 16MB/20MB, paused 1.789ms total 100.401ms
W/art     ( 3267): Suspending all threads took: 12.952ms
I/art     ( 3267): Background sticky concurrent mark sweep GC freed 1437(93KB) AllocSpace objects, 0(0B) LOS objects, 0% free, 26MB/26MB, paused 17.257ms total 28.100ms
W/EGL_emulation( 3267): eglSurfaceAttrib not implemented
W/OpenGLRenderer( 3267): Failed to set EGL_SWAP_BEHAVIOR on surface 0xa3201340, error=EGL_SUCCESS
W/InputMethodManagerService( 3185): Starting input on non-focused client com.android.internal.view.IInputMethodClient$Stub$Proxy@301026d1 (uid=10059 pid=5638)
W/SurfaceFlinger(  920): couldn't log to binary event log: overflow.
W/AudioTrack( 3185): AUDIO_OUTPUT_FLAG_FAST denied by client
I/MainActivity( 5638): onRestart event fired
I/MainActivity( 5638): onStart event fired
I/MainActivity( 5638): onResume event fired
W/EGL_emulation( 5638): eglSurfaceAttrib not implemented
W/OpenGLRenderer( 5638): Failed to set EGL_SWAP_BEHAVIOR on surface 0xae1e3300, error=EGL_SUCCESS
I/InputDispatcher( 3185): Window 'Window{20f17347 u0 hello.radek.washington.edu.activityspy/hello.radek.washington.edu.activityspy.MainActivity}' spent 4064.2ms processing the last input event: MotionEvent(deviceId=0, source=0x00001002, action=0, flags=0x00000000, metaState=0x00000000, buttonState=0x00000000, edgeFlags=0x00000000, xPrecision=1.0, yPrecision=1.0, displayId=0, pointers=[0: (441.0, 1574.0)]), policyFlags=0x62000000
I/InputDispatcher( 3185): Window 'Window{20f17347 u0 hello.radek.washington.edu.activityspy/hello.radek.washington.edu.activityspy.MainActivity}' spent 4063.7ms processing the last input event: MotionEvent(deviceId=0, source=0x00001002, action=1, flags=0x00000000, metaState=0x00000000, buttonState=0x00000000, edgeFlags=0x00000000, xPrecision=1.0, yPrecision=1.0, displayId=0, pointers=[0: (441.0, 1574.0)]), policyFlags=0x62000000
V/DeadZone( 3267): consuming errant click: (829.0,26.0)
W/AudioTrack( 3185): AUDIO_OUTPUT_FLAG_FAST denied by client
W/ResourceType( 3267): No package identifier when getting value for resource number 0x00000000
W/PackageManager( 3267): Failure retrieving resources for hello.radek.washington.edu.activityspy: Resource ID #0x0
I/ActivityManager( 3185): START u0 {act=com.android.systemui.recents.SHOW_RECENTS flg=0x10804000 cmp=com.android.systemui/.recents.RecentsActivity (has extras)} from uid 10013 on display 0
E/EGL_emulation(  920): tid 920: eglCreateSyncKHR(1237): error 0x3004 (EGL_BAD_ATTRIBUTE)
I/MainActivity( 5638): onPause event fired
I/MainActivity( 5638): onStop event fired
W/ResourceType( 3267): No package identifier when getting value for resource number 0x00000000
W/PackageManager( 3267): Failure retrieving resources for hello.radek.washington.edu.activityspy: Resource ID #0x0
W/EGL_emulation( 3267): eglSurfaceAttrib not implemented
W/OpenGLRenderer( 3267): Failed to set EGL_SWAP_BEHAVIOR on surface 0xa31713a0, error=EGL_SUCCESS
W/AudioTrack( 3185): AUDIO_OUTPUT_FLAG_FAST denied by client
I/ActivityManager( 3185): Killing 5638:hello.radek.washington.edu.activityspy/u0a59 (adj 9): remove task
I/WindowState( 3185): WIN DEATH: Window{20f17347 u0 hello.radek.washington.edu.activityspy/hello.radek.washington.edu.activityspy.MainActivity}
W/libprocessgroup( 3185): failed to open /acct/uid_10059/pid_5638/cgroup.procs: No such file or directory
D/TaskPersister( 3185): removeObsoleteFile: deleting file=33_task.xml
D/TaskPersister( 3185): removeObsoleteFile: deleting file=33_task_thumbnail.png
W/AudioTrack( 3185): AUDIO_OUTPUT_FLAG_FAST denied by client
I/ActivityManager( 3185): START u0 {act=android.intent.action.MAIN cat=[android.intent.category.HOME] flg=0x10200000 cmp=com.android.launcher/com.android.launcher2.Launcher} from uid 10013 on display 0
W/EGL_emulation( 3502): eglSurfaceAttrib not implemented
W/OpenGLRenderer( 3502): Failed to set EGL_SWAP_BEHAVIOR on surface 0xa5799200, error=EGL_SUCCESS
W/AudioTrack( 3185): AUDIO_OUTPUT_FLAG_FAST denied by client
I/ActivityManager( 3185): START u0 {act=android.intent.action.MAIN cat=[android.intent.category.HOME] flg=0x10200000 cmp=com.android.launcher/com.android.launcher2.Launcher} from uid 1000 on display 0
I/InputDispatcher( 3185): Window 'Window{2a3343c0 u0 NavigationBar}' spent 3888.1ms processing the last input event: MotionEvent(deviceId=0, source=0x00001002, action=1, flags=0x00000000, metaState=0x00000000, buttonState=0x00000000, edgeFlags=0x00000000, xPrecision=1.0, yPrecision=1.0, displayId=0, pointers=[0: (553.0, 1855.0)]), policyFlags=0x62000000
W/OpenGLRenderer( 3502): Incorrectly called buildLayer on View: ShortcutAndWidgetContainer, destroying layer...
W/OpenGLRenderer( 3502): Incorrectly called buildLayer on View: ShortcutAndWidgetContainer, destroying layer...
W/OpenGLRenderer( 3502): Incorrectly called buildLayer on View: ShortcutAndWidgetContainer, destroying layer...
W/AudioTrack( 3185): AUDIO_OUTPUT_FLAG_FAST denied by client
I/ActivityManager( 3185): START u0 {act=android.intent.action.MAIN cat=[android.intent.category.LAUNCHER] flg=0x10000000 cmp=hello.radek.washington.edu.activityspy/.MainActivity (has extras)} from uid 10008 on display 0
W/AudioTrack( 3185): AUDIO_OUTPUT_FLAG_FAST denied by client
I/art     ( 5674): Not late-enabling -Xcheck:jni (already on)
I/ActivityManager( 3185): Start proc hello.radek.washington.edu.activityspy for activity hello.radek.washington.edu.activityspy/.MainActivity: pid=5674 uid=10059 gids={50059, 9997} abi=x86
I/MainActivity( 5674): onCreate event fired
I/MainActivity( 5674): onStart event fired
I/MainActivity( 5674): onResume event fired
D/OpenGLRenderer( 5674): Render dirty regions requested: true
D/        ( 5674): HostConnection::get() New Host Connection established 0xa68434e0, tid 5674
D/Atlas   ( 5674): Validating map...
D/        ( 5674): HostConnection::get() New Host Connection established 0xa6843790, tid 5689
I/OpenGLRenderer( 5674): Initialized EGL, version 1.4
D/OpenGLRenderer( 5674): Enabling debug mode 0
W/EGL_emulation( 5674): eglSurfaceAttrib not implemented
W/OpenGLRenderer( 5674): Failed to set EGL_SWAP_BEHAVIOR on surface 0xae1fe820, error=EGL_SUCCESS
I/ActivityManager( 3185): Displayed hello.radek.washington.edu.activityspy/.MainActivity: +534ms
W/AudioTrack( 3185): AUDIO_OUTPUT_FLAG_FAST denied by client
W/ResourceType( 3267): No package identifier when getting value for resource number 0x00000000
W/PackageManager( 3267): Failure retrieving resources for hello.radek.washington.edu.activityspy: Resource ID #0x0
I/ActivityManager( 3185): START u0 {act=com.android.systemui.recents.SHOW_RECENTS flg=0x10804000 cmp=com.android.systemui/.recents.RecentsActivity (has extras)} from uid 10013 on display 0
E/EGL_emulation(  920): tid 920: eglCreateSyncKHR(1237): error 0x3004 (EGL_BAD_ATTRIBUTE)
I/MainActivity( 5674): onPause event fired
I/MainActivity( 5674): onStop event fired
I/art     ( 3185): Background partial concurrent mark sweep GC freed 8450(485KB) AllocSpace objects, 8(6MB) LOS objects, 19% free, 16MB/20MB, paused 1.925ms total 118.422ms
W/ResourceType( 3267): No package identifier when getting value for resource number 0x00000000
W/PackageManager( 3267): Failure retrieving resources for hello.radek.washington.edu.activityspy: Resource ID #0x0
W/EGL_emulation( 3267): eglSurfaceAttrib not implemented
W/OpenGLRenderer( 3267): Failed to set EGL_SWAP_BEHAVIOR on surface 0xa3228c00, error=EGL_SUCCESS
W/SurfaceFlinger(  920): couldn't log to binary event log: overflow.
W/AudioTrack( 3185): AUDIO_OUTPUT_FLAG_FAST denied by client
I/ActivityManager( 3185): Killing 5674:hello.radek.washington.edu.activityspy/u0a59 (adj 9): remove task
W/InputDispatcher( 3185): channel '2a613c72 hello.radek.washington.edu.activityspy/hello.radek.washington.edu.activityspy.MainActivity (server)' ~ Consumer closed input channel or an error occurred.  events=0x9
E/InputDispatcher( 3185): channel '2a613c72 hello.radek.washington.edu.activityspy/hello.radek.washington.edu.activityspy.MainActivity (server)' ~ Channel is unrecoverably broken and will be disposed!
I/WindowState( 3185): WIN DEATH: Window{2a613c72 u0 hello.radek.washington.edu.activityspy/hello.radek.washington.edu.activityspy.MainActivity}
W/InputDispatcher( 3185): Attempted to unregister already unregistered input channel '2a613c72 hello.radek.washington.edu.activityspy/hello.radek.washington.edu.activityspy.MainActivity (server)'
W/libprocessgroup( 3185): failed to open /acct/uid_10059/pid_5674/cgroup.procs: No such file or directory
D/TaskPersister( 3185): removeObsoleteFile: deleting file=34_task.xml
D/TaskPersister( 3185): removeObsoleteFile: deleting file=34_task_thumbnail.png
W/AudioTrack( 3185): AUDIO_OUTPUT_FLAG_FAST denied by client
I/ActivityManager( 3185): START u0 {act=android.intent.action.MAIN cat=[android.intent.category.HOME] flg=0x10200000 cmp=com.android.launcher/com.android.launcher2.Launcher} from uid 10013 on display 0
W/EGL_emulation( 3502): eglSurfaceAttrib not implemented
W/OpenGLRenderer( 3502): Failed to set EGL_SWAP_BEHAVIOR on surface 0xa5799200, error=EGL_SUCCESS
W/OpenGLRenderer( 3502): Incorrectly called buildLayer on View: ShortcutAndWidgetContainer, destroying layer...
W/OpenGLRenderer( 3502): Incorrectly called buildLayer on View: ShortcutAndWidgetContainer, destroying layer...
W/OpenGLRenderer( 3502): Incorrectly called buildLayer on View: ShortcutAndWidgetContainer, destroying layer...
W/AudioTrack( 3185): AUDIO_OUTPUT_FLAG_FAST denied by client
W/AudioTrack( 3185): AUDIO_OUTPUT_FLAG_FAST denied by client
I/ActivityManager( 3185): START u0 {act=android.intent.action.MAIN cat=[android.intent.category.LAUNCHER] flg=0x10000000 cmp=hello.radek.washington.edu.activityspy/.MainActivity (has extras)} from uid 10008 on display 0
I/ActivityManager( 3185): Start proc hello.radek.washington.edu.activityspy for activity hello.radek.washington.edu.activityspy/.MainActivity: pid=5700 uid=10059 gids={50059, 9997} abi=x86
I/art     ( 5700): Not late-enabling -Xcheck:jni (already on)
I/MainActivity( 5700): onCreate event fired
I/MainActivity( 5700): onStart event fired
I/MainActivity( 5700): onResume event fired
D/OpenGLRenderer( 5700): Render dirty regions requested: true
D/        ( 5700): HostConnection::get() New Host Connection established 0xa6d514e0, tid 5700
D/Atlas   ( 5700): Validating map...
D/        ( 5700): HostConnection::get() New Host Connection established 0xa6d516f0, tid 5715
I/OpenGLRenderer( 5700): Initialized EGL, version 1.4
D/OpenGLRenderer( 5700): Enabling debug mode 0
W/EGL_emulation( 5700): eglSurfaceAttrib not implemented
W/OpenGLRenderer( 5700): Failed to set EGL_SWAP_BEHAVIOR on surface 0xa6d1bd80, error=EGL_SUCCESS
I/ActivityManager( 3185): Displayed hello.radek.washington.edu.activityspy/.MainActivity: +539ms
I/ActivityManager( 3185): START u0 {act=android.intent.action.MAIN cat=[android.intent.category.HOME] flg=0x10200000 cmp=com.android.launcher/com.android.launcher2.Launcher} from uid 1000 on display 0
E/EGL_emulation(  920): tid 920: eglCreateSyncKHR(1237): error 0x3004 (EGL_BAD_ATTRIBUTE)
I/MainActivity( 5700): onPause event fired
W/AudioTrack( 3185): AUDIO_OUTPUT_FLAG_FAST denied by client
I/MainActivity( 5700): onStop event fired
W/EGL_emulation( 3502): eglSurfaceAttrib not implemented
W/OpenGLRenderer( 3502): Failed to set EGL_SWAP_BEHAVIOR on surface 0xa5799560, error=EGL_SUCCESS
W/SurfaceFlinger(  920): couldn't log to binary event log: overflow.
W/OpenGLRenderer( 3502): Incorrectly called buildLayer on View: ShortcutAndWidgetContainer, destroying layer...
W/OpenGLRenderer( 3502): Incorrectly called buildLayer on View: ShortcutAndWidgetContainer, destroying layer...
W/OpenGLRenderer( 3502): Incorrectly called buildLayer on View: ShortcutAndWidgetContainer, destroying layer...
W/AudioTrack( 3185): AUDIO_OUTPUT_FLAG_FAST denied by client
V/DeadZone( 3267): consuming errant click: (803.0,34.0)
W/AudioTrack( 3185): AUDIO_OUTPUT_FLAG_FAST denied by client
I/ActivityManager( 3185): START u0 {act=com.android.systemui.recents.SHOW_RECENTS flg=0x10804000 cmp=com.android.systemui/.recents.RecentsActivity (has extras)} from uid 10013 on display 0
W/ResourceType( 3267): No package identifier when getting value for resource number 0x00000000
W/PackageManager( 3267): Failure retrieving resources for hello.radek.washington.edu.activityspy: Resource ID #0x0
W/EGL_emulation( 3267): eglSurfaceAttrib not implemented
W/OpenGLRenderer( 3267): Failed to set EGL_SWAP_BEHAVIOR on surface 0xa32734e0, error=EGL_SUCCESS
W/AudioTrack( 3185): AUDIO_OUTPUT_FLAG_FAST denied by client
I/MainActivity( 5700): onRestart event fired
I/MainActivity( 5700): onStart event fired
I/MainActivity( 5700): onResume event fired
W/EGL_emulation( 5700): eglSurfaceAttrib not implemented
W/OpenGLRenderer( 5700): Failed to set EGL_SWAP_BEHAVIOR on surface 0xa6d1bd80, error=EGL_SUCCESS
W/AudioTrack( 3185): AUDIO_OUTPUT_FLAG_FAST denied by client
W/ResourceType( 3267): No package identifier when getting value for resource number 0x00000000
W/PackageManager( 3267): Failure retrieving resources for hello.radek.washington.edu.activityspy: Resource ID #0x0
I/ActivityManager( 3185): START u0 {act=com.android.systemui.recents.SHOW_RECENTS flg=0x10804000 cmp=com.android.systemui/.recents.RecentsActivity (has extras)} from uid 10013 on display 0
E/EGL_emulation(  920): tid 920: eglCreateSyncKHR(1237): error 0x3004 (EGL_BAD_ATTRIBUTE)
I/MainActivity( 5700): onPause event fired
W/art     ( 3185): Suspending all threads took: 6.385ms
I/art     ( 3185): Background sticky concurrent mark sweep GC freed 3224(186KB) AllocSpace objects, 2(32KB) LOS objects, 1% free, 19MB/20MB, paused 9.996ms total 22.904ms
W/ResourceType( 3267): No package identifier when getting value for resource number 0x00000000
W/PackageManager( 3267): Failure retrieving resources for hello.radek.washington.edu.activityspy: Resource ID #0x0
W/EGL_emulation( 3267): eglSurfaceAttrib not implemented
W/OpenGLRenderer( 3267): Failed to set EGL_SWAP_BEHAVIOR on surface 0xa3171cc0, error=EGL_SUCCESS
I/MainActivity( 5700): onStop event fired
W/InputMethodManagerService( 3185): Starting input on non-focused client com.android.internal.view.IInputMethodClient$Stub$Proxy@34203cc9 (uid=10059 pid=5700)
W/AudioTrack( 3185): AUDIO_OUTPUT_FLAG_FAST denied by client
I/ActivityManager( 3185): Killing 5700:hello.radek.washington.edu.activityspy/u0a59 (adj 9): remove task
W/InputDispatcher( 3185): channel '27a3419c hello.radek.washington.edu.activityspy/hello.radek.washington.edu.activityspy.MainActivity (server)' ~ Consumer closed input channel or an error occurred.  events=0x9
E/InputDispatcher( 3185): channel '27a3419c hello.radek.washington.edu.activityspy/hello.radek.washington.edu.activityspy.MainActivity (server)' ~ Channel is unrecoverably broken and will be disposed!
I/WindowState( 3185): WIN DEATH: Window{27a3419c u0 hello.radek.washington.edu.activityspy/hello.radek.washington.edu.activityspy.MainActivity}
W/InputDispatcher( 3185): Attempted to unregister already unregistered input channel '27a3419c hello.radek.washington.edu.activityspy/hello.radek.washington.edu.activityspy.MainActivity (server)'
W/libprocessgroup( 3185): failed to open /acct/uid_10059/pid_5700/cgroup.procs: No such file or directory
D/TaskPersister( 3185): removeObsoleteFile: deleting file=35_task.xml
D/TaskPersister( 3185): removeObsoleteFile: deleting file=35_task_thumbnail.png
W/AudioTrack( 3185): AUDIO_OUTPUT_FLAG_FAST denied by client
I/ActivityManager( 3185): START u0 {act=android.intent.action.MAIN cat=[android.intent.category.HOME] flg=0x10200000 cmp=com.android.launcher/com.android.launcher2.Launcher} from uid 10013 on display 0
W/EGL_emulation( 3502): eglSurfaceAttrib not implemented
W/OpenGLRenderer( 3502): Failed to set EGL_SWAP_BEHAVIOR on surface 0xa45b9560, error=EGL_SUCCESS
W/OpenGLRenderer( 3502): Incorrectly called buildLayer on View: ShortcutAndWidgetContainer, destroying layer...
W/OpenGLRenderer( 3502): Incorrectly called buildLayer on View: ShortcutAndWidgetContainer, destroying layer...
W/OpenGLRenderer( 3502): Incorrectly called buildLayer on View: ShortcutAndWidgetContainer, destroying layer...
W/AudioTrack( 3185): AUDIO_OUTPUT_FLAG_FAST denied by client
W/AudioTrack( 3185): AUDIO_OUTPUT_FLAG_FAST denied by client
I/ActivityManager( 3185): START u0 {act=android.intent.action.MAIN cat=[android.intent.category.LAUNCHER] flg=0x10000000 cmp=com.android.gallery/com.android.camera.GalleryPicker (has extras)} from uid 10008 on display 0
I/art     ( 2964): Background concurrent mark sweep GC freed 787(33KB) AllocSpace objects, 0(0B) LOS objects, 90% free, 111KB/1135KB, paused 11.448ms total 18.415ms
I/ActivityManager( 3185): Start proc com.android.gallery for activity com.android.gallery/com.android.camera.GalleryPicker: pid=5736 uid=10005 gids={50005, 9997, 1028, 1015, 1023, 1024, 2001, 3003, 3007} abi=x86
E/ImageManager( 5736): create NNNAAAAA file: /storage/sdcard/DCIM/100ANDRO failed
V/PhoneStatusBar( 3267): setLightsOn(true)
D/        ( 5736): HostConnection::get() New Host Connection established 0xae1deb90, tid 5736
I/ActivityManager( 3185): Displayed com.android.gallery/com.android.camera.GalleryPicker: +323ms
W/AudioTrack( 3185): AUDIO_OUTPUT_FLAG_FAST denied by client
I/ActivityManager( 3185): START u0 {act=android.intent.action.MAIN cat=[android.intent.category.HOME] flg=0x10200000 cmp=com.android.launcher/com.android.launcher2.Launcher} from uid 1000 on display 0
E/EGL_emulation(  920): tid 920: eglCreateSyncKHR(1237): error 0x3004 (EGL_BAD_ATTRIBUTE)
W/EGL_emulation( 3502): eglSurfaceAttrib not implemented
W/OpenGLRenderer( 3502): Failed to set EGL_SWAP_BEHAVIOR on surface 0xa45b9560, error=EGL_SUCCESS
W/OpenGLRenderer( 3502): Incorrectly called buildLayer on View: ShortcutAndWidgetContainer, destroying layer...
W/OpenGLRenderer( 3502): Incorrectly called buildLayer on View: ShortcutAndWidgetContainer, destroying layer...
W/OpenGLRenderer( 3502): Incorrectly called buildLayer on View: ShortcutAndWidgetContainer, destroying layer...
I/ActivityManager( 3185): START u0 {act=android.intent.action.MAIN cat=[android.intent.category.LAUNCHER] flg=0x10200000 cmp=com.android.browser/.BrowserActivity bnds=[828,1560][1020,1752] (has extras)} from uid 10008 on display 0
W/AudioTrack( 3185): AUDIO_OUTPUT_FLAG_FAST denied by client
D/WebViewTimersControl( 4902): onBrowserActivityResume
D/WebViewTimersControl( 4902): Resuming webview timers, view=com.android.browser.BrowserWebView{16d0e639 VFEDHVCL .F....ID 0,0-1080,1207}
W/EGL_emulation( 4902): eglSurfaceAttrib not implemented
W/OpenGLRenderer( 4902): Failed to set EGL_SWAP_BEHAVIOR on surface 0x99ce44e0, error=EGL_SUCCESS
E/eglCodecCommon( 4902): glUtilsParamSize: unknow param 0x00000b44
E/eglCodecCommon( 4902): glUtilsParamSize: unknow param 0x00000bd0
E/eglCodecCommon( 4902): **** ERROR unknown type 0x0 (glSizeof,72)
E/eglCodecCommon( 4902): glUtilsParamSize: unknow param 0x00000b44
E/eglCodecCommon( 4902): glUtilsParamSize: unknow param 0x00000bd0
E/eglCodecCommon( 4902): **** ERROR unknown type 0x0 (glSizeof,72)
E/eglCodecCommon( 4902): glUtilsParamSize: unknow param 0x00000b44
E/eglCodecCommon( 4902): glUtilsParamSize: unknow param 0x00000bd0
E/eglCodecCommon( 4902): **** ERROR unknown type 0x0 (glSizeof,72)
E/eglCodecCommon( 4902): glUtilsParamSize: unknow param 0x00000b44
E/eglCodecCommon( 4902): glUtilsParamSize: unknow param 0x00000bd0
E/eglCodecCommon( 4902): **** ERROR unknown type 0x0 (glSizeof,72)
E/eglCodecCommon( 4902): glUtilsParamSize: unknow param 0x00000b44
E/eglCodecCommon( 4902): glUtilsParamSize: unknow param 0x00000bd0
E/eglCodecCommon( 4902): **** ERROR unknown type 0x0 (glSizeof,72)
E/eglCodecCommon( 4902): glUtilsParamSize: unknow param 0x00000b44
E/eglCodecCommon( 4902): glUtilsParamSize: unknow param 0x00000bd0
E/eglCodecCommon( 4902): **** ERROR unknown type 0x0 (glSizeof,72)
E/eglCodecCommon( 4902): glUtilsParamSize: unknow param 0x00000b44
E/eglCodecCommon( 4902): glUtilsParamSize: unknow param 0x00000bd0
E/eglCodecCommon( 4902): **** ERROR unknown type 0x0 (glSizeof,72)
E/eglCodecCommon( 4902): glUtilsParamSize: unknow param 0x00000b44
E/eglCodecCommon( 4902): glUtilsParamSize: unknow param 0x00000bd0
E/eglCodecCommon( 4902): **** ERROR unknown type 0x0 (glSizeof,72)
E/eglCodecCommon( 4902): glUtilsParamSize: unknow param 0x00000b44
E/eglCodecCommon( 4902): glUtilsParamSize: unknow param 0x00000bd0
E/eglCodecCommon( 4902): **** ERROR unknown type 0x0 (glSizeof,72)
E/eglCodecCommon( 4902): glUtilsParamSize: unknow param 0x00000b44
E/eglCodecCommon( 4902): glUtilsParamSize: unknow param 0x00000bd0
E/eglCodecCommon( 4902): **** ERROR unknown type 0x0 (glSizeof,72)
E/eglCodecCommon( 4902): glUtilsParamSize: unknow param 0x00000b44
E/eglCodecCommon( 4902): glUtilsParamSize: unknow param 0x00000bd0
E/eglCodecCommon( 4902): **** ERROR unknown type 0x0 (glSizeof,72)
E/eglCodecCommon( 4902): glUtilsParamSize: unknow param 0x00000b44
E/eglCodecCommon( 4902): glUtilsParamSize: unknow param 0x00000bd0
E/eglCodecCommon( 4902): **** ERROR unknown type 0x0 (glSizeof,72)
E/eglCodecCommon( 4902): glUtilsParamSize: unknow param 0x00000b44
E/eglCodecCommon( 4902): glUtilsParamSize: unknow param 0x00000bd0
E/eglCodecCommon( 4902): **** ERROR unknown type 0x0 (glSizeof,72)
E/eglCodecCommon( 4902): glUtilsParamSize: unknow param 0x00000b44
E/eglCodecCommon( 4902): glUtilsParamSize: unknow param 0x00000bd0
E/eglCodecCommon( 4902): **** ERROR unknown type 0x0 (glSizeof,72)
E/eglCodecCommon( 4902): glUtilsParamSize: unknow param 0x00000b44
E/eglCodecCommon( 4902): glUtilsParamSize: unknow param 0x00000bd0
E/eglCodecCommon( 4902): **** ERROR unknown type 0x0 (glSizeof,72)
E/eglCodecCommon( 4902): glUtilsParamSize: unknow param 0x00000b44
E/eglCodecCommon( 4902): glUtilsParamSize: unknow param 0x00000bd0
E/eglCodecCommon( 4902): **** ERROR unknown type 0x0 (glSizeof,72)
E/eglCodecCommon( 4902): glUtilsParamSize: unknow param 0x00000b44
E/eglCodecCommon( 4902): glUtilsParamSize: unknow param 0x00000bd0
E/eglCodecCommon( 4902): **** ERROR unknown type 0x0 (glSizeof,72)
E/eglCodecCommon( 4902): glUtilsParamSize: unknow param 0x00000b44
E/eglCodecCommon( 4902): glUtilsParamSize: unknow param 0x00000bd0
E/eglCodecCommon( 4902): **** ERROR unknown type 0x0 (glSizeof,72)
E/eglCodecCommon( 4902): glUtilsParamSize: unknow param 0x00000b44
E/eglCodecCommon( 4902): glUtilsParamSize: unknow param 0x00000bd0
E/eglCodecCommon( 4902): **** ERROR unknown type 0x0 (glSizeof,72)
E/eglCodecCommon( 4902): glUtilsParamSize: unknow param 0x00000b44
E/eglCodecCommon( 4902): glUtilsParamSize: unknow param 0x00000bd0
E/eglCodecCommon( 4902): **** ERROR unknown type 0x0 (glSizeof,72)
E/eglCodecCommon( 4902): glUtilsParamSize: unknow param 0x00000b44
E/eglCodecCommon( 4902): glUtilsParamSize: unknow param 0x00000bd0
E/eglCodecCommon( 4902): **** ERROR unknown type 0x0 (glSizeof,72)
E/eglCodecCommon( 4902): glUtilsParamSize: unknow param 0x00000b44
E/eglCodecCommon( 4902): glUtilsParamSize: unknow param 0x00000bd0
E/eglCodecCommon( 4902): **** ERROR unknown type 0x0 (glSizeof,72)
E/eglCodecCommon( 4902): glUtilsParamSize: unknow param 0x00000b44
E/eglCodecCommon( 4902): glUtilsParamSize: unknow param 0x00000bd0
E/eglCodecCommon( 4902): **** ERROR unknown type 0x0 (glSizeof,72)
E/eglCodecCommon( 4902): glUtilsParamSize: unknow param 0x00000b44
E/eglCodecCommon( 4902): glUtilsParamSize: unknow param 0x00000bd0
E/eglCodecCommon( 4902): **** ERROR unknown type 0x0 (glSizeof,72)
E/eglCodecCommon( 4902): glUtilsParamSize: unknow param 0x00000b44
E/eglCodecCommon( 4902): glUtilsParamSize: unknow param 0x00000bd0
E/eglCodecCommon( 4902): **** ERROR unknown type 0x0 (glSizeof,72)
E/eglCodecCommon( 4902): glUtilsParamSize: unknow param 0x00000b44
E/eglCodecCommon( 4902): glUtilsParamSize: unknow param 0x00000bd0
E/eglCodecCommon( 4902): **** ERROR unknown type 0x0 (glSizeof,72)
E/eglCodecCommon( 4902): glUtilsParamSize: unknow param 0x00000b44
E/eglCodecCommon( 4902): glUtilsParamSize: unknow param 0x00000bd0
E/eglCodecCommon( 4902): **** ERROR unknown type 0x0 (glSizeof,72)
E/eglCodecCommon( 4902): glUtilsParamSize: unknow param 0x00000b44
E/eglCodecCommon( 4902): glUtilsParamSize: unknow param 0x00000bd0
E/eglCodecCommon( 4902): **** ERROR unknown type 0x0 (glSizeof,72)
E/eglCodecCommon( 4902): glUtilsParamSize: unknow param 0x00000b44
E/eglCodecCommon( 4902): glUtilsParamSize: unknow param 0x00000bd0
E/eglCodecCommon( 4902): **** ERROR unknown type 0x0 (glSizeof,72)
E/eglCodecCommon( 4902): glUtilsParamSize: unknow param 0x00000b44
E/eglCodecCommon( 4902): glUtilsParamSize: unknow param 0x00000bd0
E/eglCodecCommon( 4902): **** ERROR unknown type 0x0 (glSizeof,72)
E/eglCodecCommon( 4902): glUtilsParamSize: unknow param 0x00000b44
E/eglCodecCommon( 4902): glUtilsParamSize: unknow param 0x00000bd0
E/eglCodecCommon( 4902): **** ERROR unknown type 0x0 (glSizeof,72)
E/eglCodecCommon( 4902): glUtilsParamSize: unknow param 0x00000b44
E/eglCodecCommon( 4902): glUtilsParamSize: unknow param 0x00000bd0
E/eglCodecCommon( 4902): **** ERROR unknown type 0x0 (glSizeof,72)
E/eglCodecCommon( 4902): glUtilsParamSize: unknow param 0x00000b44
E/eglCodecCommon( 4902): glUtilsParamSize: unknow param 0x00000bd0
E/eglCodecCommon( 4902): **** ERROR unknown type 0x0 (glSizeof,72)
E/eglCodecCommon( 4902): glUtilsParamSize: unknow param 0x00000b44
E/eglCodecCommon( 4902): glUtilsParamSize: unknow param 0x00000bd0
E/eglCodecCommon( 4902): **** ERROR unknown type 0x0 (glSizeof,72)
E/eglCodecCommon( 4902): glUtilsParamSize: unknow param 0x00000b44
E/eglCodecCommon( 4902): glUtilsParamSize: unknow param 0x00000bd0
E/eglCodecCommon( 4902): **** ERROR unknown type 0x0 (glSizeof,72)
E/eglCodecCommon( 4902): glUtilsParamSize: unknow param 0x00000b44
E/eglCodecCommon( 4902): glUtilsParamSize: unknow param 0x00000bd0
E/eglCodecCommon( 4902): **** ERROR unknown type 0x0 (glSizeof,72)
E/eglCodecCommon( 4902): glUtilsParamSize: unknow param 0x00000b44
E/eglCodecCommon( 4902): glUtilsParamSize: unknow param 0x00000bd0
E/eglCodecCommon( 4902): **** ERROR unknown type 0x0 (glSizeof,72)
E/eglCodecCommon( 4902): glUtilsParamSize: unknow param 0x00000b44
E/eglCodecCommon( 4902): glUtilsParamSize: unknow param 0x00000bd0
E/eglCodecCommon( 4902): **** ERROR unknown type 0x0 (glSizeof,72)
E/eglCodecCommon( 4902): glUtilsParamSize: unknow param 0x00000b44
E/eglCodecCommon( 4902): glUtilsParamSize: unknow param 0x00000bd0
E/eglCodecCommon( 4902): **** ERROR unknown type 0x0 (glSizeof,72)
E/eglCodecCommon( 4902): glUtilsParamSize: unknow param 0x00000b44
E/eglCodecCommon( 4902): glUtilsParamSize: unknow param 0x00000bd0
E/eglCodecCommon( 4902): **** ERROR unknown type 0x0 (glSizeof,72)
E/eglCodecCommon( 4902): glUtilsParamSize: unknow param 0x00000b44
E/eglCodecCommon( 4902): glUtilsParamSize: unknow param 0x00000bd0
E/eglCodecCommon( 4902): **** ERROR unknown type 0x0 (glSizeof,72)
E/eglCodecCommon( 4902): glUtilsParamSize: unknow param 0x00000b44
E/eglCodecCommon( 4902): glUtilsParamSize: unknow param 0x00000bd0
E/eglCodecCommon( 4902): **** ERROR unknown type 0x0 (glSizeof,72)
E/eglCodecCommon( 4902): glUtilsParamSize: unknow param 0x00000b44
E/eglCodecCommon( 4902): glUtilsParamSize: unknow param 0x00000bd0
E/eglCodecCommon( 4902): **** ERROR unknown type 0x0 (glSizeof,72)
E/eglCodecCommon( 4902): glUtilsParamSize: unknow param 0x00000b44
E/eglCodecCommon( 4902): glUtilsParamSize: unknow param 0x00000bd0
E/eglCodecCommon( 4902): **** ERROR unknown type 0x0 (glSizeof,72)
E/eglCodecCommon( 4902): glUtilsParamSize: unknow param 0x00000b44
E/eglCodecCommon( 4902): glUtilsParamSize: unknow param 0x00000bd0
E/eglCodecCommon( 4902): **** ERROR unknown type 0x0 (glSizeof,72)
E/eglCodecCommon( 4902): glUtilsParamSize: unknow param 0x00000b44
E/eglCodecCommon( 4902): glUtilsParamSize: unknow param 0x00000bd0
E/eglCodecCommon( 4902): **** ERROR unknown type 0x0 (glSizeof,72)
E/eglCodecCommon( 4902): glUtilsParamSize: unknow param 0x00000b44
E/eglCodecCommon( 4902): glUtilsParamSize: unknow param 0x00000bd0
E/eglCodecCommon( 4902): **** ERROR unknown type 0x0 (glSizeof,72)
E/eglCodecCommon( 4902): glUtilsParamSize: unknow param 0x00000b44
E/eglCodecCommon( 4902): glUtilsParamSize: unknow param 0x00000bd0
E/eglCodecCommon( 4902): **** ERROR unknown type 0x0 (glSizeof,72)
E/eglCodecCommon( 4902): glUtilsParamSize: unknow param 0x00000b44
E/eglCodecCommon( 4902): glUtilsParamSize: unknow param 0x00000bd0
E/eglCodecCommon( 4902): **** ERROR unknown type 0x0 (glSizeof,72)
E/eglCodecCommon( 4902): glUtilsParamSize: unknow param 0x00000b44
E/eglCodecCommon( 4902): glUtilsParamSize: unknow param 0x00000bd0
E/eglCodecCommon( 4902): **** ERROR unknown type 0x0 (glSizeof,72)
E/eglCodecCommon( 4902): glUtilsParamSize: unknow param 0x00000b44
E/eglCodecCommon( 4902): glUtilsParamSize: unknow param 0x00000bd0
E/eglCodecCommon( 4902): **** ERROR unknown type 0x0 (glSizeof,72)
E/eglCodecCommon( 4902): glUtilsParamSize: unknow param 0x00000b44
E/eglCodecCommon( 4902): glUtilsParamSize: unknow param 0x00000bd0
E/eglCodecCommon( 4902): **** ERROR unknown type 0x0 (glSizeof,72)
E/eglCodecCommon( 4902): glUtilsParamSize: unknow param 0x00000b44
E/eglCodecCommon( 4902): glUtilsParamSize: unknow param 0x00000bd0
E/eglCodecCommon( 4902): **** ERROR unknown type 0x0 (glSizeof,72)
E/eglCodecCommon( 4902): glUtilsParamSize: unknow param 0x00000b44
E/eglCodecCommon( 4902): glUtilsParamSize: unknow param 0x00000bd0
E/eglCodecCommon( 4902): **** ERROR unknown type 0x0 (glSizeof,72)
E/eglCodecCommon( 4902): glUtilsParamSize: unknow param 0x00000b44
E/eglCodecCommon( 4902): glUtilsParamSize: unknow param 0x00000bd0
E/eglCodecCommon( 4902): **** ERROR unknown type 0x0 (glSizeof,72)
E/eglCodecCommon( 4902): glUtilsParamSize: unknow param 0x00000b44
E/eglCodecCommon( 4902): glUtilsParamSize: unknow param 0x00000bd0
E/eglCodecCommon( 4902): **** ERROR unknown type 0x0 (glSizeof,72)
E/eglCodecCommon( 4902): glUtilsParamSize: unknow param 0x00000b44
E/eglCodecCommon( 4902): glUtilsParamSize: unknow param 0x00000bd0
E/eglCodecCommon( 4902): **** ERROR unknown type 0x0 (glSizeof,72)
E/eglCodecCommon( 4902): glUtilsParamSize: unknow param 0x00000b44
E/eglCodecCommon( 4902): glUtilsParamSize: unknow param 0x00000bd0
E/eglCodecCommon( 4902): **** ERROR unknown type 0x0 (glSizeof,72)
E/eglCodecCommon( 4902): glUtilsParamSize: unknow param 0x00000b44
E/eglCodecCommon( 4902): glUtilsParamSize: unknow param 0x00000bd0
E/eglCodecCommon( 4902): **** ERROR unknown type 0x0 (glSizeof,72)
E/eglCodecCommon( 4902): glUtilsParamSize: unknow param 0x00000b44
E/eglCodecCommon( 4902): glUtilsParamSize: unknow param 0x00000bd0
E/eglCodecCommon( 4902): **** ERROR unknown type 0x0 (glSizeof,72)
E/eglCodecCommon( 4902): glUtilsParamSize: unknow param 0x00000b44
E/eglCodecCommon( 4902): glUtilsParamSize: unknow param 0x00000bd0
E/eglCodecCommon( 4902): **** ERROR unknown type 0x0 (glSizeof,72)
E/eglCodecCommon( 4902): glUtilsParamSize: unknow param 0x00000b44
E/eglCodecCommon( 4902): glUtilsParamSize: unknow param 0x00000bd0
E/eglCodecCommon( 4902): **** ERROR unknown type 0x0 (glSizeof,72)
E/eglCodecCommon( 4902): glUtilsParamSize: unknow param 0x00000b44
E/eglCodecCommon( 4902): glUtilsParamSize: unknow param 0x00000bd0
E/eglCodecCommon( 4902): **** ERROR unknown type 0x0 (glSizeof,72)
E/eglCodecCommon( 4902): glUtilsParamSize: unknow param 0x00000b44
E/eglCodecCommon( 4902): glUtilsParamSize: unknow param 0x00000bd0
E/eglCodecCommon( 4902): **** ERROR unknown type 0x0 (glSizeof,72)
E/eglCodecCommon( 4902): glUtilsParamSize: unknow param 0x00000b44
E/eglCodecCommon( 4902): glUtilsParamSize: unknow param 0x00000bd0
E/eglCodecCommon( 4902): **** ERROR unknown type 0x0 (glSizeof,72)
E/eglCodecCommon( 4902): glUtilsParamSize: unknow param 0x00000b44
E/eglCodecCommon( 4902): glUtilsParamSize: unknow param 0x00000bd0
E/eglCodecCommon( 4902): **** ERROR unknown type 0x0 (glSizeof,72)
E/eglCodecCommon( 4902): glUtilsParamSize: unknow param 0x00000b44
E/eglCodecCommon( 4902): glUtilsParamSize: unknow param 0x00000bd0
E/eglCodecCommon( 4902): **** ERROR unknown type 0x0 (glSizeof,72)
E/eglCodecCommon( 4902): glUtilsParamSize: unknow param 0x00000b44
E/eglCodecCommon( 4902): glUtilsParamSize: unknow param 0x00000bd0
E/eglCodecCommon( 4902): **** ERROR unknown type 0x0 (glSizeof,72)
E/eglCodecCommon( 4902): glUtilsParamSize: unknow param 0x00000b44
E/eglCodecCommon( 4902): glUtilsParamSize: unknow param 0x00000bd0
E/eglCodecCommon( 4902): **** ERROR unknown type 0x0 (glSizeof,72)
E/eglCodecCommon( 4902): glUtilsParamSize: unknow param 0x00000b44
E/eglCodecCommon( 4902): glUtilsParamSize: unknow param 0x00000bd0
E/eglCodecCommon( 4902): **** ERROR unknown type 0x0 (glSizeof,72)
E/eglCodecCommon( 4902): glUtilsParamSize: unknow param 0x00000b44
E/eglCodecCommon( 4902): glUtilsParamSize: unknow param 0x00000bd0
E/eglCodecCommon( 4902): **** ERROR unknown type 0x0 (glSizeof,72)
E/eglCodecCommon( 4902): glUtilsParamSize: unknow param 0x00000b44
E/eglCodecCommon( 4902): glUtilsParamSize: unknow param 0x00000bd0
E/eglCodecCommon( 4902): **** ERROR unknown type 0x0 (glSizeof,72)
E/eglCodecCommon( 4902): glUtilsParamSize: unknow param 0x00000b44
E/eglCodecCommon( 4902): glUtilsParamSize: unknow param 0x00000bd0
E/eglCodecCommon( 4902): **** ERROR unknown type 0x0 (glSizeof,72)
W/AudioTrack( 3185): AUDIO_OUTPUT_FLAG_FAST denied by client
E/eglCodecCommon( 4902): glUtilsParamSize: unknow param 0x00000b44
E/eglCodecCommon( 4902): glUtilsParamSize: unknow param 0x00000bd0
E/eglCodecCommon( 4902): **** ERROR unknown type 0x0 (glSizeof,72)
E/eglCodecCommon( 4902): glUtilsParamSize: unknow param 0x00000b44
E/eglCodecCommon( 4902): glUtilsParamSize: unknow param 0x00000bd0
E/eglCodecCommon( 4902): **** ERROR unknown type 0x0 (glSizeof,72)
E/eglCodecCommon( 4902): glUtilsParamSize: unknow param 0x00000b44
E/eglCodecCommon( 4902): glUtilsParamSize: unknow param 0x00000bd0
E/eglCodecCommon( 4902): **** ERROR unknown type 0x0 (glSizeof,72)
E/eglCodecCommon( 4902): glUtilsParamSize: unknow param 0x00000b44
E/eglCodecCommon( 4902): glUtilsParamSize: unknow param 0x00000bd0
E/eglCodecCommon( 4902): **** ERROR unknown type 0x0 (glSizeof,72)
W/EGL_emulation( 4902): eglSurfaceAttrib not implemented
W/OpenGLRenderer( 4902): Failed to set EGL_SWAP_BEHAVIOR on surface 0xa1583360, error=EGL_SUCCESS
E/eglCodecCommon( 4902): glUtilsParamSize: unknow param 0x00000b44
E/eglCodecCommon( 4902): glUtilsParamSize: unknow param 0x00000bd0
E/eglCodecCommon( 4902): **** ERROR unknown type 0x0 (glSizeof,72)
E/eglCodecCommon( 4902): glUtilsParamSize: unknow param 0x00000b44
E/eglCodecCommon( 4902): glUtilsParamSize: unknow param 0x00000bd0
E/eglCodecCommon( 4902): **** ERROR unknown type 0x0 (glSizeof,72)
E/eglCodecCommon( 4902): glUtilsParamSize: unknow param 0x00000b44
E/eglCodecCommon( 4902): glUtilsParamSize: unknow param 0x00000bd0
E/eglCodecCommon( 4902): **** ERROR unknown type 0x0 (glSizeof,72)
E/eglCodecCommon( 4902): glUtilsParamSize: unknow param 0x00000b44
E/eglCodecCommon( 4902): glUtilsParamSize: unknow param 0x00000bd0
E/eglCodecCommon( 4902): **** ERROR unknown type 0x0 (glSizeof,72)
E/eglCodecCommon( 4902): glUtilsParamSize: unknow param 0x00000b44
E/eglCodecCommon( 4902): glUtilsParamSize: unknow param 0x00000bd0
E/eglCodecCommon( 4902): **** ERROR unknown type 0x0 (glSizeof,72)
E/eglCodecCommon( 4902): glUtilsParamSize: unknow param 0x00000b44
E/eglCodecCommon( 4902): glUtilsParamSize: unknow param 0x00000bd0
E/eglCodecCommon( 4902): **** ERROR unknown type 0x0 (glSizeof,72)
E/eglCodecCommon( 4902): glUtilsParamSize: unknow param 0x00000b44
E/eglCodecCommon( 4902): glUtilsParamSize: unknow param 0x00000bd0
