E/eglCodecCommon( 4902): **** ERROR unknown type 0x0 (glSizeof,72)
E/eglCodecCommon( 4902): glUtilsParamSize: unknow param 0x00000b44
E/eglCodecCommon( 4902): glUtilsParamSize: unknow param 0x00000bd0
E/eglCodecCommon( 4902): **** ERROR unknown type 0x0 (glSizeof,72)
E/eglCodecCommon( 4902): glUtilsParamSize: unknow param 0x00000b44
E/eglCodecCommon( 4902): glUtilsParamSize: unknow param 0x00000bd0
E/eglCodecCommon( 4902): **** ERROR unknown type 0x0 (glSizeof,72)
E/eglCodecCommon( 4902): glUtilsParamSize: unknow param 0x00000b44
E/eglCodecCommon( 4902): glUtilsParamSize: unknow param 0x00000bd0
E/eglCodecCommon( 4902): **** ERROR unknown type 0x0 (glSizeof,72)
E/eglCodecCommon( 4902): glUtilsParamSize: unknow param 0x00000b44
E/eglCodecCommon( 4902): glUtilsParamSize: unknow param 0x00000bd0
E/eglCodecCommon( 4902): **** ERROR unknown type 0x0 (glSizeof,72)
E/eglCodecCommon( 4902): glUtilsParamSize: unknow param 0x00000b44
E/eglCodecCommon( 4902): glUtilsParamSize: unknow param 0x00000bd0
E/eglCodecCommon( 4902): **** ERROR unknown type 0x0 (glSizeof,72)
E/eglCodecCommon( 4902): glUtilsParamSize: unknow param 0x00000b44
E/eglCodecCommon( 4902): glUtilsParamSize: unknow param 0x00000bd0
E/eglCodecCommon( 4902): **** ERROR unknown type 0x0 (glSizeof,72)
E/eglCodecCommon( 4902): glUtilsParamSize: unknow param 0x00000b44
E/eglCodecCommon( 4902): glUtilsParamSize: unknow param 0x00000bd0
E/eglCodecCommon( 4902): **** ERROR unknown type 0x0 (glSizeof,72)
E/eglCodecCommon( 4902): glUtilsParamSize: unknow param 0x00000b44
E/eglCodecCommon( 4902): glUtilsParamSize: unknow param 0x00000bd0
E/eglCodecCommon( 4902): **** ERROR unknown type 0x0 (glSizeof,72)
E/eglCodecCommon( 4902): glUtilsParamSize: unknow param 0x00000b44
E/eglCodecCommon( 4902): glUtilsParamSize: unknow param 0x00000bd0
E/eglCodecCommon( 4902): **** ERROR unknown type 0x0 (glSizeof,72)
E/eglCodecCommon( 4902): glUtilsParamSize: unknow param 0x00000b44
E/eglCodecCommon( 4902): glUtilsParamSize: unknow param 0x00000bd0
E/eglCodecCommon( 4902): **** ERROR unknown type 0x0 (glSizeof,72)
E/eglCodecCommon( 4902): glUtilsParamSize: unknow param 0x00000b44
E/eglCodecCommon( 4902): glUtilsParamSize: unknow param 0x00000bd0
E/eglCodecCommon( 4902): **** ERROR unknown type 0x0 (glSizeof,72)
E/eglCodecCommon( 4902): glUtilsParamSize: unknow param 0x00000b44
E/eglCodecCommon( 4902): glUtilsParamSize: unknow param 0x00000bd0
E/eglCodecCommon( 4902): **** ERROR unknown type 0x0 (glSizeof,72)
E/eglCodecCommon( 4902): glUtilsParamSize: unknow param 0x00000b44
E/eglCodecCommon( 4902): glUtilsParamSize: unknow param 0x00000bd0
E/eglCodecCommon( 4902): **** ERROR unknown type 0x0 (glSizeof,72)
E/eglCodecCommon( 4902): glUtilsParamSize: unknow param 0x00000b44
E/eglCodecCommon( 4902): glUtilsParamSize: unknow param 0x00000bd0
E/eglCodecCommon( 4902): **** ERROR unknown type 0x0 (glSizeof,72)
E/eglCodecCommon( 4902): glUtilsParamSize: unknow param 0x00000b44
E/eglCodecCommon( 4902): glUtilsParamSize: unknow param 0x00000bd0
E/eglCodecCommon( 4902): **** ERROR unknown type 0x0 (glSizeof,72)
E/eglCodecCommon( 4902): glUtilsParamSize: unknow param 0x00000b44
E/eglCodecCommon( 4902): glUtilsParamSize: unknow param 0x00000bd0
E/eglCodecCommon( 4902): **** ERROR unknown type 0x0 (glSizeof,72)
E/eglCodecCommon( 4902): glUtilsParamSize: unknow param 0x00000b44
E/eglCodecCommon( 4902): glUtilsParamSize: unknow param 0x00000bd0
E/eglCodecCommon( 4902): **** ERROR unknown type 0x0 (glSizeof,72)
E/eglCodecCommon( 4902): glUtilsParamSize: unknow param 0x00000b44
E/eglCodecCommon( 4902): glUtilsParamSize: unknow param 0x00000bd0
E/eglCodecCommon( 4902): **** ERROR unknown type 0x0 (glSizeof,72)
E/eglCodecCommon( 4902): glUtilsParamSize: unknow param 0x00000b44
E/eglCodecCommon( 4902): glUtilsParamSize: unknow param 0x00000bd0
E/eglCodecCommon( 4902): **** ERROR unknown type 0x0 (glSizeof,72)
E/eglCodecCommon( 4902): glUtilsParamSize: unknow param 0x00000b44
E/eglCodecCommon( 4902): glUtilsParamSize: unknow param 0x00000bd0
E/eglCodecCommon( 4902): **** ERROR unknown type 0x0 (glSizeof,72)
E/eglCodecCommon( 4902): glUtilsParamSize: unknow param 0x00000b44
E/eglCodecCommon( 4902): glUtilsParamSize: unknow param 0x00000bd0
E/eglCodecCommon( 4902): **** ERROR unknown type 0x0 (glSizeof,72)
E/eglCodecCommon( 4902): glUtilsParamSize: unknow param 0x00000b44
E/eglCodecCommon( 4902): glUtilsParamSize: unknow param 0x00000bd0
E/eglCodecCommon( 4902): **** ERROR unknown type 0x0 (glSizeof,72)
E/eglCodecCommon( 4902): glUtilsParamSize: unknow param 0x00000b44
E/eglCodecCommon( 4902): glUtilsParamSize: unknow param 0x00000bd0
E/eglCodecCommon( 4902): **** ERROR unknown type 0x0 (glSizeof,72)
E/eglCodecCommon( 4902): glUtilsParamSize: unknow param 0x00000b44
E/eglCodecCommon( 4902): glUtilsParamSize: unknow param 0x00000bd0
E/eglCodecCommon( 4902): **** ERROR unknown type 0x0 (glSizeof,72)
E/eglCodecCommon( 4902): glUtilsParamSize: unknow param 0x00000b44
E/eglCodecCommon( 4902): glUtilsParamSize: unknow param 0x00000bd0
E/eglCodecCommon( 4902): **** ERROR unknown type 0x0 (glSizeof,72)
E/eglCodecCommon( 4902): glUtilsParamSize: unknow param 0x00000b44
E/eglCodecCommon( 4902): glUtilsParamSize: unknow param 0x00000bd0
E/eglCodecCommon( 4902): **** ERROR unknown type 0x0 (glSizeof,72)
E/eglCodecCommon( 4902): glUtilsParamSize: unknow param 0x00000b44
E/eglCodecCommon( 4902): glUtilsParamSize: unknow param 0x00000bd0
E/eglCodecCommon( 4902): **** ERROR unknown type 0x0 (glSizeof,72)
E/eglCodecCommon( 4902): glUtilsParamSize: unknow param 0x00000b44
E/eglCodecCommon( 4902): glUtilsParamSize: unknow param 0x00000bd0
E/eglCodecCommon( 4902): **** ERROR unknown type 0x0 (glSizeof,72)
E/eglCodecCommon( 4902): glUtilsParamSize: unknow param 0x00000b44
E/eglCodecCommon( 4902): glUtilsParamSize: unknow param 0x00000bd0
E/eglCodecCommon( 4902): **** ERROR unknown type 0x0 (glSizeof,72)
E/eglCodecCommon( 4902): glUtilsParamSize: unknow param 0x00000b44
E/eglCodecCommon( 4902): glUtilsParamSize: unknow param 0x00000bd0
E/eglCodecCommon( 4902): **** ERROR unknown type 0x0 (glSizeof,72)
E/eglCodecCommon( 4902): glUtilsParamSize: unknow param 0x00000b44
E/eglCodecCommon( 4902): glUtilsParamSize: unknow param 0x00000bd0
E/eglCodecCommon( 4902): **** ERROR unknown type 0x0 (glSizeof,72)
E/eglCodecCommon( 4902): glUtilsParamSize: unknow param 0x00000b44
E/eglCodecCommon( 4902): glUtilsParamSize: unknow param 0x00000bd0
E/eglCodecCommon( 4902): **** ERROR unknown type 0x0 (glSizeof,72)
E/eglCodecCommon( 4902): glUtilsParamSize: unknow param 0x00000b44
E/eglCodecCommon( 4902): glUtilsParamSize: unknow param 0x00000bd0
E/eglCodecCommon( 4902): **** ERROR unknown type 0x0 (glSizeof,72)
E/eglCodecCommon( 4902): glUtilsParamSize: unknow param 0x00000b44
E/eglCodecCommon( 4902): glUtilsParamSize: unknow param 0x00000bd0
E/eglCodecCommon( 4902): **** ERROR unknown type 0x0 (glSizeof,72)
E/eglCodecCommon( 4902): glUtilsParamSize: unknow param 0x00000b44
E/eglCodecCommon( 4902): glUtilsParamSize: unknow param 0x00000bd0
E/eglCodecCommon( 4902): **** ERROR unknown type 0x0 (glSizeof,72)
E/eglCodecCommon( 4902): glUtilsParamSize: unknow param 0x00000b44
E/eglCodecCommon( 4902): glUtilsParamSize: unknow param 0x00000bd0
E/eglCodecCommon( 4902): **** ERROR unknown type 0x0 (glSizeof,72)
E/eglCodecCommon( 4902): glUtilsParamSize: unknow param 0x00000b44
E/eglCodecCommon( 4902): glUtilsParamSize: unknow param 0x00000bd0
E/eglCodecCommon( 4902): **** ERROR unknown type 0x0 (glSizeof,72)
E/eglCodecCommon( 4902): glUtilsParamSize: unknow param 0x00000b44
E/eglCodecCommon( 4902): glUtilsParamSize: unknow param 0x00000bd0
E/eglCodecCommon( 4902): **** ERROR unknown type 0x0 (glSizeof,72)
E/eglCodecCommon( 4902): glUtilsParamSize: unknow param 0x00000b44
E/eglCodecCommon( 4902): glUtilsParamSize: unknow param 0x00000bd0
E/eglCodecCommon( 4902): **** ERROR unknown type 0x0 (glSizeof,72)
E/eglCodecCommon( 4902): glUtilsParamSize: unknow param 0x00000b44
E/eglCodecCommon( 4902): glUtilsParamSize: unknow param 0x00000bd0
E/eglCodecCommon( 4902): **** ERROR unknown type 0x0 (glSizeof,72)
E/eglCodecCommon( 4902): glUtilsParamSize: unknow param 0x00000b44
E/eglCodecCommon( 4902): glUtilsParamSize: unknow param 0x00000bd0
E/eglCodecCommon( 4902): **** ERROR unknown type 0x0 (glSizeof,72)
E/eglCodecCommon( 4902): glUtilsParamSize: unknow param 0x00000b44
E/eglCodecCommon( 4902): glUtilsParamSize: unknow param 0x00000bd0
E/eglCodecCommon( 4902): **** ERROR unknown type 0x0 (glSizeof,72)
E/eglCodecCommon( 4902): glUtilsParamSize: unknow param 0x00000b44
E/eglCodecCommon( 4902): glUtilsParamSize: unknow param 0x00000bd0
E/eglCodecCommon( 4902): **** ERROR unknown type 0x0 (glSizeof,72)
E/eglCodecCommon( 4902): glUtilsParamSize: unknow param 0x00000b44
E/eglCodecCommon( 4902): glUtilsParamSize: unknow param 0x00000bd0
E/eglCodecCommon( 4902): **** ERROR unknown type 0x0 (glSizeof,72)
E/eglCodecCommon( 4902): glUtilsParamSize: unknow param 0x00000b44
E/eglCodecCommon( 4902): glUtilsParamSize: unknow param 0x00000bd0
E/eglCodecCommon( 4902): **** ERROR unknown type 0x0 (glSizeof,72)
E/eglCodecCommon( 4902): glUtilsParamSize: unknow param 0x00000b44
E/eglCodecCommon( 4902): glUtilsParamSize: unknow param 0x00000bd0
E/eglCodecCommon( 4902): **** ERROR unknown type 0x0 (glSizeof,72)
E/eglCodecCommon( 4902): glUtilsParamSize: unknow param 0x00000b44
E/eglCodecCommon( 4902): glUtilsParamSize: unknow param 0x00000bd0
E/eglCodecCommon( 4902): **** ERROR unknown type 0x0 (glSizeof,72)
E/eglCodecCommon( 4902): glUtilsParamSize: unknow param 0x00000b44
E/eglCodecCommon( 4902): glUtilsParamSize: unknow param 0x00000bd0
E/eglCodecCommon( 4902): **** ERROR unknown type 0x0 (glSizeof,72)
E/eglCodecCommon( 4902): glUtilsParamSize: unknow param 0x00000b44
E/eglCodecCommon( 4902): glUtilsParamSize: unknow param 0x00000bd0
E/eglCodecCommon( 4902): **** ERROR unknown type 0x0 (glSizeof,72)
W/AudioTrack( 3185): AUDIO_OUTPUT_FLAG_FAST denied by client
E/eglCodecCommon( 4902): glUtilsParamSize: unknow param 0x00000b44
E/eglCodecCommon( 4902): glUtilsParamSize: unknow param 0x00000bd0
E/eglCodecCommon( 4902): **** ERROR unknown type 0x0 (glSizeof,72)
E/eglCodecCommon( 4902): glUtilsParamSize: unknow param 0x00000b44
E/eglCodecCommon( 4902): glUtilsParamSize: unknow param 0x00000bd0
E/eglCodecCommon( 4902): **** ERROR unknown type 0x0 (glSizeof,72)
W/EGL_emulation( 4902): eglSurfaceAttrib not implemented
W/OpenGLRenderer( 4902): Failed to set EGL_SWAP_BEHAVIOR on surface 0x995fefe0, error=EGL_SUCCESS
E/eglCodecCommon( 4902): glUtilsParamSize: unknow param 0x00000b44
E/eglCodecCommon( 4902): glUtilsParamSize: unknow param 0x00000bd0
E/eglCodecCommon( 4902): **** ERROR unknown type 0x0 (glSizeof,72)
E/eglCodecCommon( 4902): glUtilsParamSize: unknow param 0x00000b44
E/eglCodecCommon( 4902): glUtilsParamSize: unknow param 0x00000bd0
E/eglCodecCommon( 4902): **** ERROR unknown type 0x0 (glSizeof,72)
E/eglCodecCommon( 4902): glUtilsParamSize: unknow param 0x00000b44
E/eglCodecCommon( 4902): glUtilsParamSize: unknow param 0x00000bd0
E/eglCodecCommon( 4902): **** ERROR unknown type 0x0 (glSizeof,72)
E/eglCodecCommon( 4902): glUtilsParamSize: unknow param 0x00000b44
E/eglCodecCommon( 4902): glUtilsParamSize: unknow param 0x00000bd0
E/eglCodecCommon( 4902): **** ERROR unknown type 0x0 (glSizeof,72)
E/eglCodecCommon( 4902): glUtilsParamSize: unknow param 0x00000b44
E/eglCodecCommon( 4902): glUtilsParamSize: unknow param 0x00000bd0
E/eglCodecCommon( 4902): **** ERROR unknown type 0x0 (glSizeof,72)
E/eglCodecCommon( 4902): glUtilsParamSize: unknow param 0x00000b44
E/eglCodecCommon( 4902): glUtilsParamSize: unknow param 0x00000bd0
E/eglCodecCommon( 4902): **** ERROR unknown type 0x0 (glSizeof,72)
E/eglCodecCommon( 4902): glUtilsParamSize: unknow param 0x00000b44
E/eglCodecCommon( 4902): glUtilsParamSize: unknow param 0x00000bd0
E/eglCodecCommon( 4902): **** ERROR unknown type 0x0 (glSizeof,72)
E/eglCodecCommon( 4902): glUtilsParamSize: unknow param 0x00000b44
E/eglCodecCommon( 4902): glUtilsParamSize: unknow param 0x00000bd0
E/eglCodecCommon( 4902): **** ERROR unknown type 0x0 (glSizeof,72)
E/eglCodecCommon( 4902): glUtilsParamSize: unknow param 0x00000b44
E/eglCodecCommon( 4902): glUtilsParamSize: unknow param 0x00000bd0
E/eglCodecCommon( 4902): **** ERROR unknown type 0x0 (glSizeof,72)
E/eglCodecCommon( 4902): glUtilsParamSize: unknow param 0x00000b44
E/eglCodecCommon( 4902): glUtilsParamSize: unknow param 0x00000bd0
E/eglCodecCommon( 4902): **** ERROR unknown type 0x0 (glSizeof,72)
E/eglCodecCommon( 4902): glUtilsParamSize: unknow param 0x00000b44
E/eglCodecCommon( 4902): glUtilsParamSize: unknow param 0x00000bd0
E/eglCodecCommon( 4902): **** ERROR unknown type 0x0 (glSizeof,72)
E/eglCodecCommon( 4902): glUtilsParamSize: unknow param 0x00000b44
E/eglCodecCommon( 4902): glUtilsParamSize: unknow param 0x00000bd0
E/eglCodecCommon( 4902): **** ERROR unknown type 0x0 (glSizeof,72)
E/eglCodecCommon( 4902): glUtilsParamSize: unknow param 0x00000b44
E/eglCodecCommon( 4902): glUtilsParamSize: unknow param 0x00000bd0
E/eglCodecCommon( 4902): **** ERROR unknown type 0x0 (glSizeof,72)
E/eglCodecCommon( 4902): glUtilsParamSize: unknow param 0x00000b44
E/eglCodecCommon( 4902): glUtilsParamSize: unknow param 0x00000bd0
E/eglCodecCommon( 4902): **** ERROR unknown type 0x0 (glSizeof,72)
E/eglCodecCommon( 4902): glUtilsParamSize: unknow param 0x00000b44
E/eglCodecCommon( 4902): glUtilsParamSize: unknow param 0x00000bd0
E/eglCodecCommon( 4902): **** ERROR unknown type 0x0 (glSizeof,72)
E/eglCodecCommon( 4902): glUtilsParamSize: unknow param 0x00000b44
E/eglCodecCommon( 4902): glUtilsParamSize: unknow param 0x00000bd0
E/eglCodecCommon( 4902): **** ERROR unknown type 0x0 (glSizeof,72)
E/eglCodecCommon( 4902): glUtilsParamSize: unknow param 0x00000b44
E/eglCodecCommon( 4902): glUtilsParamSize: unknow param 0x00000bd0
E/eglCodecCommon( 4902): **** ERROR unknown type 0x0 (glSizeof,72)
E/eglCodecCommon( 4902): glUtilsParamSize: unknow param 0x00000b44
E/eglCodecCommon( 4902): glUtilsParamSize: unknow param 0x00000bd0
E/eglCodecCommon( 4902): **** ERROR unknown type 0x0 (glSizeof,72)
E/eglCodecCommon( 4902): glUtilsParamSize: unknow param 0x00000b44
E/eglCodecCommon( 4902): glUtilsParamSize: unknow param 0x00000bd0
E/eglCodecCommon( 4902): **** ERROR unknown type 0x0 (glSizeof,72)
E/eglCodecCommon( 4902): glUtilsParamSize: unknow param 0x00000b44
E/eglCodecCommon( 4902): glUtilsParamSize: unknow param 0x00000bd0
E/eglCodecCommon( 4902): **** ERROR unknown type 0x0 (glSizeof,72)
E/eglCodecCommon( 4902): glUtilsParamSize: unknow param 0x00000b44
E/eglCodecCommon( 4902): glUtilsParamSize: unknow param 0x00000bd0
E/eglCodecCommon( 4902): **** ERROR unknown type 0x0 (glSizeof,72)
E/eglCodecCommon( 4902): glUtilsParamSize: unknow param 0x00000b44
E/eglCodecCommon( 4902): glUtilsParamSize: unknow param 0x00000bd0
E/eglCodecCommon( 4902): **** ERROR unknown type 0x0 (glSizeof,72)
E/eglCodecCommon( 4902): glUtilsParamSize: unknow param 0x00000b44
E/eglCodecCommon( 4902): glUtilsParamSize: unknow param 0x00000bd0
E/eglCodecCommon( 4902): **** ERROR unknown type 0x0 (glSizeof,72)
E/eglCodecCommon( 4902): glUtilsParamSize: unknow param 0x00000b44
E/eglCodecCommon( 4902): glUtilsParamSize: unknow param 0x00000bd0
E/eglCodecCommon( 4902): **** ERROR unknown type 0x0 (glSizeof,72)
E/eglCodecCommon( 4902): glUtilsParamSize: unknow param 0x00000b44
E/eglCodecCommon( 4902): glUtilsParamSize: unknow param 0x00000bd0
E/eglCodecCommon( 4902): **** ERROR unknown type 0x0 (glSizeof,72)
E/eglCodecCommon( 4902): glUtilsParamSize: unknow param 0x00000b44
E/eglCodecCommon( 4902): glUtilsParamSize: unknow param 0x00000bd0
E/eglCodecCommon( 4902): **** ERROR unknown type 0x0 (glSizeof,72)
E/eglCodecCommon( 4902): glUtilsParamSize: unknow param 0x00000b44
E/eglCodecCommon( 4902): glUtilsParamSize: unknow param 0x00000bd0
E/eglCodecCommon( 4902): **** ERROR unknown type 0x0 (glSizeof,72)
E/eglCodecCommon( 4902): glUtilsParamSize: unknow param 0x00000b44
E/eglCodecCommon( 4902): glUtilsParamSize: unknow param 0x00000bd0
E/eglCodecCommon( 4902): **** ERROR unknown type 0x0 (glSizeof,72)
E/eglCodecCommon( 4902): glUtilsParamSize: unknow param 0x00000b44
E/eglCodecCommon( 4902): glUtilsParamSize: unknow param 0x00000bd0
E/eglCodecCommon( 4902): **** ERROR unknown type 0x0 (glSizeof,72)
E/eglCodecCommon( 4902): glUtilsParamSize: unknow param 0x00000b44
E/eglCodecCommon( 4902): glUtilsParamSize: unknow param 0x00000bd0
E/eglCodecCommon( 4902): **** ERROR unknown type 0x0 (glSizeof,72)
E/eglCodecCommon( 4902): glUtilsParamSize: unknow param 0x00000b44
E/eglCodecCommon( 4902): glUtilsParamSize: unknow param 0x00000bd0
E/eglCodecCommon( 4902): **** ERROR unknown type 0x0 (glSizeof,72)
E/eglCodecCommon( 4902): glUtilsParamSize: unknow param 0x00000b44
E/eglCodecCommon( 4902): glUtilsParamSize: unknow param 0x00000bd0
E/eglCodecCommon( 4902): **** ERROR unknown type 0x0 (glSizeof,72)
W/InputEventReceiver( 4902): Attempted to finish an input event but the input event receiver has already been disposed.
W/ViewRootImpl( 4902): Dropping event due to root view being removed: MotionEvent { action=ACTION_UP, id[0]=0, x[0]=-146.0, y[0]=1150.0, toolType[0]=TOOL_TYPE_FINGER, buttonState=0, metaState=0, flags=0x0, edgeFlags=0x0, pointerCount=1, historySize=0, eventTime=19656825, downTime=19656825, deviceId=0, source=0x1002 }
W/InputEventReceiver( 4902): Attempted to finish an input event but the input event receiver has already been disposed.
W/InputMethodManagerService( 3185): Window already focused, ignoring focus gain of: com.android.internal.view.IInputMethodClient$Stub$Proxy@518ddde attribute=null, token = android.os.BinderProxy@33f1ae8b
E/eglCodecCommon( 4902): glUtilsParamSize: unknow param 0x00000b44
E/eglCodecCommon( 4902): glUtilsParamSize: unknow param 0x00000bd0
E/eglCodecCommon( 4902): **** ERROR unknown type 0x0 (glSizeof,72)
E/eglCodecCommon( 4902): glUtilsParamSize: unknow param 0x00000b44
E/eglCodecCommon( 4902): glUtilsParamSize: unknow param 0x00000bd0
E/eglCodecCommon( 4902): **** ERROR unknown type 0x0 (glSizeof,72)
E/eglCodecCommon( 4902): glUtilsParamSize: unknow param 0x00000b44
E/eglCodecCommon( 4902): glUtilsParamSize: unknow param 0x00000bd0
E/eglCodecCommon( 4902): **** ERROR unknown type 0x0 (glSizeof,72)
E/eglCodecCommon( 4902): glUtilsParamSize: unknow param 0x00000b44
E/eglCodecCommon( 4902): glUtilsParamSize: unknow param 0x00000bd0
E/eglCodecCommon( 4902): **** ERROR unknown type 0x0 (glSizeof,72)
E/eglCodecCommon( 4902): glUtilsParamSize: unknow param 0x00000b44
E/eglCodecCommon( 4902): glUtilsParamSize: unknow param 0x00000bd0
E/eglCodecCommon( 4902): **** ERROR unknown type 0x0 (glSizeof,72)
E/eglCodecCommon( 4902): glUtilsParamSize: unknow param 0x00000b44
E/eglCodecCommon( 4902): glUtilsParamSize: unknow param 0x00000bd0
E/eglCodecCommon( 4902): **** ERROR unknown type 0x0 (glSizeof,72)
E/eglCodecCommon( 4902): glUtilsParamSize: unknow param 0x00000b44
E/eglCodecCommon( 4902): glUtilsParamSize: unknow param 0x00000bd0
E/eglCodecCommon( 4902): **** ERROR unknown type 0x0 (glSizeof,72)
E/eglCodecCommon( 4902): glUtilsParamSize: unknow param 0x00000b44
E/eglCodecCommon( 4902): glUtilsParamSize: unknow param 0x00000bd0
E/eglCodecCommon( 4902): **** ERROR unknown type 0x0 (glSizeof,72)
E/eglCodecCommon( 4902): glUtilsParamSize: unknow param 0x00000b44
E/eglCodecCommon( 4902): glUtilsParamSize: unknow param 0x00000bd0
E/eglCodecCommon( 4902): **** ERROR unknown type 0x0 (glSizeof,72)
E/eglCodecCommon( 4902): glUtilsParamSize: unknow param 0x00000b44
E/eglCodecCommon( 4902): glUtilsParamSize: unknow param 0x00000bd0
E/eglCodecCommon( 4902): **** ERROR unknown type 0x0 (glSizeof,72)
E/eglCodecCommon( 4902): glUtilsParamSize: unknow param 0x00000b44
E/eglCodecCommon( 4902): glUtilsParamSize: unknow param 0x00000bd0
E/eglCodecCommon( 4902): **** ERROR unknown type 0x0 (glSizeof,72)
E/eglCodecCommon( 4902): glUtilsParamSize: unknow param 0x00000b44
E/eglCodecCommon( 4902): glUtilsParamSize: unknow param 0x00000bd0
E/eglCodecCommon( 4902): **** ERROR unknown type 0x0 (glSizeof,72)
E/eglCodecCommon( 4902): glUtilsParamSize: unknow param 0x00000b44
E/eglCodecCommon( 4902): glUtilsParamSize: unknow param 0x00000bd0
E/eglCodecCommon( 4902): **** ERROR unknown type 0x0 (glSizeof,72)
E/eglCodecCommon( 4902): glUtilsParamSize: unknow param 0x00000b44
E/eglCodecCommon( 4902): glUtilsParamSize: unknow param 0x00000bd0
E/eglCodecCommon( 4902): **** ERROR unknown type 0x0 (glSizeof,72)
E/eglCodecCommon( 4902): glUtilsParamSize: unknow param 0x00000b44
E/eglCodecCommon( 4902): glUtilsParamSize: unknow param 0x00000bd0
E/eglCodecCommon( 4902): **** ERROR unknown type 0x0 (glSizeof,72)
E/eglCodecCommon( 4902): glUtilsParamSize: unknow param 0x00000b44
E/eglCodecCommon( 4902): glUtilsParamSize: unknow param 0x00000bd0
E/eglCodecCommon( 4902): **** ERROR unknown type 0x0 (glSizeof,72)
E/eglCodecCommon( 4902): glUtilsParamSize: unknow param 0x00000b44
E/eglCodecCommon( 4902): glUtilsParamSize: unknow param 0x00000bd0
E/eglCodecCommon( 4902): **** ERROR unknown type 0x0 (glSizeof,72)
E/eglCodecCommon( 4902): glUtilsParamSize: unknow param 0x00000b44
E/eglCodecCommon( 4902): glUtilsParamSize: unknow param 0x00000bd0
E/eglCodecCommon( 4902): **** ERROR unknown type 0x0 (glSizeof,72)
E/eglCodecCommon( 4902): glUtilsParamSize: unknow param 0x00000b44
E/eglCodecCommon( 4902): glUtilsParamSize: unknow param 0x00000bd0
E/eglCodecCommon( 4902): **** ERROR unknown type 0x0 (glSizeof,72)
E/eglCodecCommon( 4902): glUtilsParamSize: unknow param 0x00000b44
E/eglCodecCommon( 4902): glUtilsParamSize: unknow param 0x00000bd0
E/eglCodecCommon( 4902): **** ERROR unknown type 0x0 (glSizeof,72)
E/eglCodecCommon( 4902): glUtilsParamSize: unknow param 0x00000b44
E/eglCodecCommon( 4902): glUtilsParamSize: unknow param 0x00000bd0
E/eglCodecCommon( 4902): **** ERROR unknown type 0x0 (glSizeof,72)
E/eglCodecCommon( 4902): glUtilsParamSize: unknow param 0x00000b44
E/eglCodecCommon( 4902): glUtilsParamSize: unknow param 0x00000bd0
E/eglCodecCommon( 4902): **** ERROR unknown type 0x0 (glSizeof,72)
E/eglCodecCommon( 4902): glUtilsParamSize: unknow param 0x00000b44
E/eglCodecCommon( 4902): glUtilsParamSize: unknow param 0x00000bd0
E/eglCodecCommon( 4902): **** ERROR unknown type 0x0 (glSizeof,72)
E/eglCodecCommon( 4902): glUtilsParamSize: unknow param 0x00000b44
E/eglCodecCommon( 4902): glUtilsParamSize: unknow param 0x00000bd0
E/eglCodecCommon( 4902): **** ERROR unknown type 0x0 (glSizeof,72)
E/eglCodecCommon( 4902): glUtilsParamSize: unknow param 0x00000b44
E/eglCodecCommon( 4902): glUtilsParamSize: unknow param 0x00000bd0
E/eglCodecCommon( 4902): **** ERROR unknown type 0x0 (glSizeof,72)
E/eglCodecCommon( 4902): glUtilsParamSize: unknow param 0x00000b44
E/eglCodecCommon( 4902): glUtilsParamSize: unknow param 0x00000bd0
E/eglCodecCommon( 4902): **** ERROR unknown type 0x0 (glSizeof,72)
E/eglCodecCommon( 4902): glUtilsParamSize: unknow param 0x00000b44
E/eglCodecCommon( 4902): glUtilsParamSize: unknow param 0x00000bd0
E/eglCodecCommon( 4902): **** ERROR unknown type 0x0 (glSizeof,72)
E/eglCodecCommon( 4902): glUtilsParamSize: unknow param 0x00000b44
E/eglCodecCommon( 4902): glUtilsParamSize: unknow param 0x00000bd0
E/eglCodecCommon( 4902): **** ERROR unknown type 0x0 (glSizeof,72)
E/eglCodecCommon( 4902): glUtilsParamSize: unknow param 0x00000b44
E/eglCodecCommon( 4902): glUtilsParamSize: unknow param 0x00000bd0
E/eglCodecCommon( 4902): **** ERROR unknown type 0x0 (glSizeof,72)
E/eglCodecCommon( 4902): glUtilsParamSize: unknow param 0x00000b44
E/eglCodecCommon( 4902): glUtilsParamSize: unknow param 0x00000bd0
E/eglCodecCommon( 4902): **** ERROR unknown type 0x0 (glSizeof,72)
E/eglCodecCommon( 4902): glUtilsParamSize: unknow param 0x00000b44
E/eglCodecCommon( 4902): glUtilsParamSize: unknow param 0x00000bd0
E/eglCodecCommon( 4902): **** ERROR unknown type 0x0 (glSizeof,72)
E/eglCodecCommon( 4902): glUtilsParamSize: unknow param 0x00000b44
E/eglCodecCommon( 4902): glUtilsParamSize: unknow param 0x00000bd0
E/eglCodecCommon( 4902): **** ERROR unknown type 0x0 (glSizeof,72)
E/eglCodecCommon( 4902): glUtilsParamSize: unknow param 0x00000b44
E/eglCodecCommon( 4902): glUtilsParamSize: unknow param 0x00000bd0
E/eglCodecCommon( 4902): **** ERROR unknown type 0x0 (glSizeof,72)
E/eglCodecCommon( 4902): glUtilsParamSize: unknow param 0x00000b44
E/eglCodecCommon( 4902): glUtilsParamSize: unknow param 0x00000bd0
E/eglCodecCommon( 4902): **** ERROR unknown type 0x0 (glSizeof,72)
E/eglCodecCommon( 4902): glUtilsParamSize: unknow param 0x00000b44
E/eglCodecCommon( 4902): glUtilsParamSize: unknow param 0x00000bd0
E/eglCodecCommon( 4902): **** ERROR unknown type 0x0 (glSizeof,72)
E/eglCodecCommon( 4902): glUtilsParamSize: unknow param 0x00000b44
E/eglCodecCommon( 4902): glUtilsParamSize: unknow param 0x00000bd0
E/eglCodecCommon( 4902): **** ERROR unknown type 0x0 (glSizeof,72)
E/eglCodecCommon( 4902): glUtilsParamSize: unknow param 0x00000b44
E/eglCodecCommon( 4902): glUtilsParamSize: unknow param 0x00000bd0
E/eglCodecCommon( 4902): **** ERROR unknown type 0x0 (glSizeof,72)
E/eglCodecCommon( 4902): glUtilsParamSize: unknow param 0x00000b44
E/eglCodecCommon( 4902): glUtilsParamSize: unknow param 0x00000bd0
E/eglCodecCommon( 4902): **** ERROR unknown type 0x0 (glSizeof,72)
E/eglCodecCommon( 4902): glUtilsParamSize: unknow param 0x00000b44
E/eglCodecCommon( 4902): glUtilsParamSize: unknow param 0x00000bd0
E/eglCodecCommon( 4902): **** ERROR unknown type 0x0 (glSizeof,72)
E/eglCodecCommon( 4902): glUtilsParamSize: unknow param 0x00000b44
E/eglCodecCommon( 4902): glUtilsParamSize: unknow param 0x00000bd0
E/eglCodecCommon( 4902): **** ERROR unknown type 0x0 (glSizeof,72)
E/eglCodecCommon( 4902): glUtilsParamSize: unknow param 0x00000b44
E/eglCodecCommon( 4902): glUtilsParamSize: unknow param 0x00000bd0
E/eglCodecCommon( 4902): **** ERROR unknown type 0x0 (glSizeof,72)
E/eglCodecCommon( 4902): glUtilsParamSize: unknow param 0x00000b44
E/eglCodecCommon( 4902): glUtilsParamSize: unknow param 0x00000bd0
E/eglCodecCommon( 4902): **** ERROR unknown type 0x0 (glSizeof,72)
E/eglCodecCommon( 4902): glUtilsParamSize: unknow param 0x00000b44
E/eglCodecCommon( 4902): glUtilsParamSize: unknow param 0x00000bd0
E/eglCodecCommon( 4902): **** ERROR unknown type 0x0 (glSizeof,72)
E/eglCodecCommon( 4902): glUtilsParamSize: unknow param 0x00000b44
E/eglCodecCommon( 4902): glUtilsParamSize: unknow param 0x00000bd0
E/eglCodecCommon( 4902): **** ERROR unknown type 0x0 (glSizeof,72)
E/eglCodecCommon( 4902): glUtilsParamSize: unknow param 0x00000b44
E/eglCodecCommon( 4902): glUtilsParamSize: unknow param 0x00000bd0
E/eglCodecCommon( 4902): **** ERROR unknown type 0x0 (glSizeof,72)
E/eglCodecCommon( 4902): glUtilsParamSize: unknow param 0x00000b44
E/eglCodecCommon( 4902): glUtilsParamSize: unknow param 0x00000bd0
E/eglCodecCommon( 4902): **** ERROR unknown type 0x0 (glSizeof,72)
E/eglCodecCommon( 4902): glUtilsParamSize: unknow param 0x00000b44
E/eglCodecCommon( 4902): glUtilsParamSize: unknow param 0x00000bd0
E/eglCodecCommon( 4902): **** ERROR unknown type 0x0 (glSizeof,72)
E/eglCodecCommon( 4902): glUtilsParamSize: unknow param 0x00000b44
E/eglCodecCommon( 4902): glUtilsParamSize: unknow param 0x00000bd0
E/eglCodecCommon( 4902): **** ERROR unknown type 0x0 (glSizeof,72)
E/eglCodecCommon( 4902): glUtilsParamSize: unknow param 0x00000b44
E/eglCodecCommon( 4902): glUtilsParamSize: unknow param 0x00000bd0
E/eglCodecCommon( 4902): **** ERROR unknown type 0x0 (glSizeof,72)
E/eglCodecCommon( 4902): glUtilsParamSize: unknow param 0x00000b44
E/eglCodecCommon( 4902): glUtilsParamSize: unknow param 0x00000bd0
E/eglCodecCommon( 4902): **** ERROR unknown type 0x0 (glSizeof,72)
W/AudioTrack( 3185): AUDIO_OUTPUT_FLAG_FAST denied by client
E/eglCodecCommon( 4902): glUtilsParamSize: unknow param 0x00000b44
E/eglCodecCommon( 4902): glUtilsParamSize: unknow param 0x00000bd0
E/eglCodecCommon( 4902): **** ERROR unknown type 0x0 (glSizeof,72)
W/ResourceType( 3267): No package identifier when getting value for resource number 0x00000000
W/PackageManager( 3267): Failure retrieving resources for com.android.browser: Resource ID #0x0
I/ActivityManager( 3185): START u0 {act=com.android.systemui.recents.SHOW_RECENTS flg=0x10804000 cmp=com.android.systemui/.recents.RecentsActivity (has extras)} from uid 10013 on display 0
E/eglCodecCommon( 4902): glUtilsParamSize: unknow param 0x00000b44
E/EGL_emulation(  920): tid 920: eglCreateSyncKHR(1237): error 0x3004 (EGL_BAD_ATTRIBUTE)
E/eglCodecCommon( 4902): glUtilsParamSize: unknow param 0x00000bd0
E/eglCodecCommon( 4902): **** ERROR unknown type 0x0 (glSizeof,72)
I/art     ( 3185): Background sticky concurrent mark sweep GC freed 4135(340KB) AllocSpace objects, 4(1344KB) LOS objects, 0% free, 19MB/19MB, paused 7.032ms total 40.515ms
E/eglCodecCommon( 4902): glUtilsParamSize: unknow param 0x00000b44
E/eglCodecCommon( 4902): glUtilsParamSize: unknow param 0x00000bd0
E/eglCodecCommon( 4902): **** ERROR unknown type 0x0 (glSizeof,72)
D/WebViewTimersControl( 4902): onBrowserActivityPause
D/WebViewTimersControl( 4902): Pausing webview timers, view=com.android.browser.BrowserWebView{16d0e639 VFEDHVCL .F...... 0,0-1080,1545}
E/eglCodecCommon( 4902): glUtilsParamSize: unknow param 0x00000b44
E/eglCodecCommon( 4902): glUtilsParamSize: unknow param 0x00000bd0
E/eglCodecCommon( 4902): **** ERROR unknown type 0x0 (glSizeof,72)
W/ResourceType( 3267): No package identifier when getting value for resource number 0x00000000
W/PackageManager( 3267): Failure retrieving resources for com.android.browser: Resource ID #0x0
I/art     ( 3185): Background partial concurrent mark sweep GC freed 1839(75KB) AllocSpace objects, 1(1296KB) LOS objects, 18% free, 18MB/22MB, paused 1.769ms total 107.876ms
W/EGL_emulation( 3267): eglSurfaceAttrib not implemented
W/OpenGLRenderer( 3267): Failed to set EGL_SWAP_BEHAVIOR on surface 0xa3172900, error=EGL_SUCCESS
E/eglCodecCommon( 4902): glUtilsParamSize: unknow param 0x00000b44
E/eglCodecCommon( 4902): glUtilsParamSize: unknow param 0x00000bd0
E/eglCodecCommon( 4902): **** ERROR unknown type 0x0 (glSizeof,72)
I/Choreographer( 3267): Skipped 291 frames!  The application may be doing too much work on its main thread.
W/InputMethodManagerService( 3185): Starting input on non-focused client com.android.internal.view.IInputMethodClient$Stub$Proxy@2e8b724 (uid=10016 pid=4902)
E/eglCodecCommon( 4902): glUtilsParamSize: unknow param 0x00000b44
E/eglCodecCommon( 4902): glUtilsParamSize: unknow param 0x00000bd0
E/eglCodecCommon( 4902): **** ERROR unknown type 0x0 (glSizeof,72)
W/IInputConnectionWrapper( 4902): showStatusIcon on inactive InputConnection
W/AudioTrack( 3185): AUDIO_OUTPUT_FLAG_FAST denied by client
I/ActivityManager( 3185): START u0 {act=android.intent.action.MAIN cat=[android.intent.category.HOME] flg=0x10200000 cmp=com.android.launcher/com.android.launcher2.Launcher} from uid 10013 on display 0
W/EGL_emulation( 3502): eglSurfaceAttrib not implemented
W/OpenGLRenderer( 3502): Failed to set EGL_SWAP_BEHAVIOR on surface 0xa45b9560, error=EGL_SUCCESS
W/OpenGLRenderer( 3502): Incorrectly called buildLayer on View: ShortcutAndWidgetContainer, destroying layer...
W/OpenGLRenderer( 3502): Incorrectly called buildLayer on View: ShortcutAndWidgetContainer, destroying layer...
W/OpenGLRenderer( 3502): Incorrectly called buildLayer on View: ShortcutAndWidgetContainer, destroying layer...
W/AudioTrack( 3185): AUDIO_OUTPUT_FLAG_FAST denied by client
W/AudioTrack( 3185): AUDIO_OUTPUT_FLAG_FAST denied by client
I/ActivityManager( 3185): START u0 {act=android.intent.action.MAIN cat=[android.intent.category.LAUNCHER] flg=0x10000000 cmp=com.android.development/.Development (has extras)} from uid 10008 on display 0
W/ResourcesManager( 3185): Asset path '/system/framework/android.test.runner.jar' does not exist or contains no resources.
I/ActivityManager( 3185): Start proc com.android.development for activity com.android.development/.Development: pid=5768 uid=10023 gids={50023, 9997, 3003, 1028, 1015} abi=x86
W/ResourcesManager( 5768): Asset path '/system/framework/android.test.runner.jar' does not exist or contains no resources.
I/ToolbarWidgetWrapper( 5768): Progress display unsupported
E/PhoneWindow( 5768): Circular progress bar not located in current window decor
D/OpenGLRenderer( 5768): Render dirty regions requested: true
D/        ( 5768): HostConnection::get() New Host Connection established 0xae1efc50, tid 5768
D/Atlas   ( 5768): Validating map...
D/        ( 5768): HostConnection::get() New Host Connection established 0xa6d6c1b0, tid 5784
I/OpenGLRenderer( 5768): Initialized EGL, version 1.4
D/OpenGLRenderer( 5768): Enabling debug mode 0
W/EGL_emulation( 5768): eglSurfaceAttrib not implemented
W/OpenGLRenderer( 5768): Failed to set EGL_SWAP_BEHAVIOR on surface 0xa6d65e80, error=EGL_SUCCESS
W/ResourceType( 5768): No package identifier when getting value for resource number 0x00000000
W/PackageManager( 5768): Failure retrieving resources for com.android.settings: Resource ID #0x0
W/ResourceType( 5768): No package identifier when getting value for resource number 0x00000000
W/PackageManager( 5768): Failure retrieving resources for com.android.development: Resource ID #0x0
W/ResourceType( 5768): No package identifier when getting value for resource number 0x00000000
W/PackageManager( 5768): Failure retrieving resources for com.android.development: Resource ID #0x0
W/ResourceType( 5768): No package identifier when getting value for resource number 0x00000000
W/PackageManager( 5768): Failure retrieving resources for com.android.development: Resource ID #0x0
W/ResourceType( 5768): No package identifier when getting value for resource number 0x00000000
W/PackageManager( 5768): Failure retrieving resources for com.android.development: Resource ID #0x0
W/ResourceType( 5768): No package identifier when getting value for resource number 0x00000000
W/PackageManager( 5768): Failure retrieving resources for com.android.development: Resource ID #0x0
W/ResourceType( 5768): No package identifier when getting value for resource number 0x00000000
W/PackageManager( 5768): Failure retrieving resources for com.android.development: Resource ID #0x0
W/ResourceType( 5768): No package identifier when getting value for resource number 0x00000000
W/PackageManager( 5768): Failure retrieving resources for com.android.development: Resource ID #0x0
I/ActivityManager( 3185): Displayed com.android.development/.Development: +482ms
I/ActivityManager( 3185): START u0 {act=android.intent.action.MAIN cat=[android.intent.category.TEST] cmp=com.android.settings/.Settings$DevelopmentSettingsActivity} from uid 10023 on display 0
W/AudioTrack( 3185): AUDIO_OUTPUT_FLAG_FAST denied by client
I/art     ( 2964): Background concurrent mark sweep GC freed 784(33KB) AllocSpace objects, 0(0B) LOS objects, 90% free, 111KB/1135KB, paused 11.554ms total 18.554ms
I/ActivityManager( 3185): Start proc com.android.settings for activity com.android.settings/.Settings$DevelopmentSettingsActivity: pid=5787 uid=1000 gids={41000, 9997, 1028, 1015, 3002, 3001, 3003} abi=x86
D/OpenGLRenderer( 5768): endAllStagingAnimators on 0xb0b73800 (ListView) with handle 0xa6d6c550
D/WifiService( 3185): New client listening to asynchronous messages
W/Settings( 5787): Setting bugreport_in_power_menu has moved from android.provider.Settings.Secure to android.provider.Settings.Global.
D/BackupManagerService( 3185): Now staging backup of com.android.providers.settings
W/Settings( 5787): Setting bugreport_in_power_menu has moved from android.provider.Settings.Secure to android.provider.Settings.Global.
D/OpenGLRenderer( 5787): Render dirty regions requested: true
D/        ( 5787): HostConnection::get() New Host Connection established 0xa6de09c0, tid 5787
D/Atlas   ( 5787): Validating map...
D/        ( 5787): HostConnection::get() New Host Connection established 0xa5d041b0, tid 5807
I/OpenGLRenderer( 5787): Initialized EGL, version 1.4
D/OpenGLRenderer( 5787): Enabling debug mode 0
W/EGL_emulation( 5787): eglSurfaceAttrib not implemented
W/OpenGLRenderer( 5787): Failed to set EGL_SWAP_BEHAVIOR on surface 0xa6dff8c0, error=EGL_SUCCESS
W/IInputConnectionWrapper( 5768): showStatusIcon on inactive InputConnection
I/ActivityManager( 3185): Displayed com.android.settings/.Settings$DevelopmentSettingsActivity: +943ms
I/ActivityManager( 3185): START u0 {act=android.intent.action.MAIN cat=[android.intent.category.HOME] flg=0x10200000 cmp=com.android.launcher/com.android.launcher2.Launcher} from uid 1000 on display 0
W/AudioTrack( 3185): AUDIO_OUTPUT_FLAG_FAST denied by client
E/EGL_emulation(  920): tid 920: eglCreateSyncKHR(1237): error 0x3004 (EGL_BAD_ATTRIBUTE)
W/EGL_emulation( 3502): eglSurfaceAttrib not implemented
W/OpenGLRenderer( 3502): Failed to set EGL_SWAP_BEHAVIOR on surface 0xa3e94cc0, error=EGL_SUCCESS
W/OpenGLRenderer( 3502): Incorrectly called buildLayer on View: ShortcutAndWidgetContainer, destroying layer...
W/OpenGLRenderer( 3502): Incorrectly called buildLayer on View: ShortcutAndWidgetContainer, destroying layer...
W/OpenGLRenderer( 3502): Incorrectly called buildLayer on View: ShortcutAndWidgetContainer, destroying layer...
D/AndroidRuntime( 5817): 
D/AndroidRuntime( 5817): >>>>>> AndroidRuntime START com.android.internal.os.RuntimeInit <<<<<<
D/AndroidRuntime( 5817): CheckJNI is ON
E/memtrack( 5817): Couldn't load memtrack module (No such file or directory)
E/android.os.Debug( 5817): failed to load memtrack module: -2
D/AndroidRuntime( 5817): Calling main entry com.android.commands.pm.Pm
I/ActivityManager( 3185): Start proc com.android.defcontainer for service com.android.defcontainer/.DefaultContainerService: pid=5827 uid=10003 gids={50003, 9997, 1028, 1015, 1023, 2001, 1035} abi=x86
E/art     ( 5827): Failed sending reply to debugger: Broken pipe
I/art     ( 5827): Debugger is no longer active
D/DefContainer( 5827): Copying /data/local/tmp/hello.radek.washington.edu.activityspy to base.apk
D/PackageManager( 3185): Renaming /data/app/vmdl69250622.tmp to /data/app/hello.radek.washington.edu.activityspy-2
I/ActivityManager( 3185): Force stopping hello.radek.washington.edu.activityspy appid=10059 user=-1: uninstall pkg
I/PackageManager( 3185): Package hello.radek.washington.edu.activityspy codePath changed from /data/app/hello.radek.washington.edu.activityspy-1 to /data/app/hello.radek.washington.edu.activityspy-2; Retaining data and using new
I/art     ( 3185): DexFile_isDexOptNeeded failed to open oat file '/data/dalvik-cache/x86/data@app@hello.radek.washington.edu.activityspy-2@base.apk@classes.dex' for file location '/data/app/hello.radek.washington.edu.activityspy-2/base.apk': Failed to open oat filename for reading: No such file or directory
I/art     ( 3185): DexFile_isDexOptNeeded failed to open oat file '/data/app/hello.radek.washington.edu.activityspy-2/x86/base.odex' for file location '/data/app/hello.radek.washington.edu.activityspy-2/base.apk': Failed to open oat filename for reading: No such file or directory
I/PackageManager( 3185): Running dexopt on: /data/app/hello.radek.washington.edu.activityspy-2/base.apk pkg=hello.radek.washington.edu.activityspy isa=x86 vmSafeMode=false
I/dex2oat ( 5843): /system/bin/dex2oat --zip-fd=6 --zip-location=/data/app/hello.radek.washington.edu.activityspy-2/base.apk --oat-fd=7 --oat-location=/data/dalvik-cache/x86/data@app@hello.radek.washington.edu.activityspy-2@base.apk@classes.dex --instruction-set=x86 --instruction-set-features=default --runtime-arg -Xms64m --runtime-arg -Xmx512m
W/dex2oat ( 5843): Before Android 4.1, method int android.support.v7.internal.widget.ListViewCompat.lookForSelectablePosition(int, boolean) would have incorrectly overridden the package-private method in android.widget.ListView
I/dex2oat ( 5843): dex2oat took 3.532s (threads: 1)
I/ActivityManager( 3185): Force stopping hello.radek.washington.edu.activityspy appid=10059 user=-1: update pkg
W/PackageManager( 3185): Code path for pkg : hello.radek.washington.edu.activityspy changing from /data/app/hello.radek.washington.edu.activityspy-1 to /data/app/hello.radek.washington.edu.activityspy-2
W/PackageManager( 3185): Resource path for pkg : hello.radek.washington.edu.activityspy changing from /data/app/hello.radek.washington.edu.activityspy-1 to /data/app/hello.radek.washington.edu.activityspy-2
I/ActivityManager( 3185): Force stopping hello.radek.washington.edu.activityspy appid=10059 user=0: pkg removed
D/BackupManagerService( 3185): Received broadcast Intent { act=android.intent.action.PACKAGE_REMOVED dat=package:hello.radek.washington.edu.activityspy flg=0x4000010 (has extras) }
D/JobSchedulerService( 3185): Receieved: android.intent.action.PACKAGE_REMOVED
I/InputReader( 3185): Reconfiguring input devices.  changes=0x00000010
D/BackupManagerService( 3185): Received broadcast Intent { act=android.intent.action.PACKAGE_ADDED dat=package:hello.radek.washington.edu.activityspy flg=0x4000010 (has extras) }
W/BackupManagerService( 3185): Removing schedule queue dupe of hello.radek.washington.edu.activityspy
E/NetworkScheduler.SchedulerReceiver( 3562): Invalid parameter app
E/NetworkScheduler.SchedulerReceiver( 3562): Invalid package name : Perhaps you didn't include a PendingIntent in the extras?
I/InputReader( 3185): Reconfiguring input devices.  changes=0x00000010
D/PackageBroadcastService( 3711): Received broadcast action=android.intent.action.PACKAGE_REMOVED and uri=hello.radek.washington.edu.activityspy
I/ActivityManager( 3185): Start proc com.android.keychain for broadcast com.android.keychain/.KeyChainBroadcastReceiver: pid=5846 uid=1000 gids={41000, 9997, 1028, 1015, 3002, 3001, 3003} abi=x86
W/VoiceInteractionManagerService( 3185): no available voice recognition services found for user 0
W/Settings( 3185): Setting install_non_market_apps has moved from android.provider.Settings.Global to android.provider.Settings.Secure, returning read-only value.
I/InputReader( 3185): Reconfiguring input devices.  changes=0x00000010
I/ConfigFetchService( 3711): onStartCommand Intent { act=android.intent.action.PACKAGE_REMOVED dat=package:hello.radek.washington.edu.activityspy cmp=com.google.android.gms/.config.ConfigFetchService (has extras) }
I/ConfigService( 3562): onCreate
I/ConfigService( 3562): onBind for Intent { act=com.google.android.gms.config.UPDATE pkg=com.google.android.gms } action com.google.android.gms.config.UPDATE
I/ConfigService( 3562): onBind returning update interface
I/ConfigService( 3562): onBind for Intent { act=com.google.android.gms.config.START pkg=com.google.android.gms } action com.google.android.gms.config.START
I/ConfigService( 3562): onBind returning service broker
I/art     ( 3267): Explicit concurrent mark sweep GC freed 9864(458KB) AllocSpace objects, 4(3MB) LOS objects, 16% free, 20MB/24MB, paused 1.565ms total 196.543ms
W/ContextImpl( 5846): Calling a method in the system process without a qualified user: android.app.ContextImpl.startService:1686 android.content.ContextWrapper.startService:515 android.content.ContextWrapper.startService:515 com.android.keychain.KeyChainBroadcastReceiver.onReceive:12 android.app.ActivityThread.handleReceiver:2579 
E/NetworkScheduler.SchedulerReceiver( 3562): Invalid parameter app
E/NetworkScheduler.SchedulerReceiver( 3562): Invalid package name : Perhaps you didn't include a PendingIntent in the extras?
D/PackageBroadcastService( 3711): Received broadcast action=android.intent.action.PACKAGE_ADDED and uri=hello.radek.washington.edu.activityspy
D/PackageBroadcastService( 3711): Received broadcast action=android.intent.action.PACKAGE_REPLACED and uri=hello.radek.washington.edu.activityspy
I/ConfigFetchService( 3711): onStartCommand Intent { act=android.intent.action.PACKAGE_ADDED dat=package:hello.radek.washington.edu.activityspy cmp=com.google.android.gms/.config.ConfigFetchService (has extras) }
I/ConfigFetchService( 3711): launchTask
I/art     ( 3185): Explicit concurrent mark sweep GC freed 40846(2MB) AllocSpace objects, 16(336KB) LOS objects, 18% free, 17MB/21MB, paused 1.347ms total 313.326ms
D/AndroidRuntime( 5817): Shutting down VM
I/art     ( 5817): Debugger is no longer active
I/ConfigFetchService( 3711): service connected
I/PeopleContactsSync( 3711): CP2 sync disabled
D/ConfigFetchService( 3711): ConfigApi connection successful.
D/AndroidRuntime( 5874): 
D/AndroidRuntime( 5874): >>>>>> AndroidRuntime START com.android.internal.os.RuntimeInit <<<<<<
D/AndroidRuntime( 5874): CheckJNI is ON
E/memtrack( 5874): Couldn't load memtrack module (No such file or directory)
E/android.os.Debug( 5874): failed to load memtrack module: -2
D/AndroidRuntime( 5874): Calling main entry com.android.commands.am.Am
I/ActivityManager( 3185): START u0 {act=android.intent.action.MAIN cat=[android.intent.category.LAUNCHER] flg=0x10000000 cmp=hello.radek.washington.edu.activityspy/.MainActivity} from uid 0 on display 0
D/AndroidRuntime( 5874): Shutting down VM
I/art     ( 5874): Debugger is no longer active
E/art     ( 5874): Thread attaching while runtime is shutting down: Binder_2
I/AndroidRuntime( 5874): NOTE: attach of thread 'Binder_2' failed
I/art     ( 2964): Background concurrent mark sweep GC freed 783(33KB) AllocSpace objects, 0(0B) LOS objects, 90% free, 111KB/1135KB, paused 14.214ms total 21.315ms
I/ActivityManager( 3185): Start proc hello.radek.washington.edu.activityspy for activity hello.radek.washington.edu.activityspy/.MainActivity: pid=5884 uid=10059 gids={50059, 9997} abi=x86
I/art     ( 5884): Not late-enabling -Xcheck:jni (already on)
I/MainActivity( 5884): onCreate event fired
I/MainActivity( 5884): onStart event fired
I/MainActivity( 5884): onResume event fired
D/OpenGLRenderer( 5884): Render dirty regions requested: true
D/        ( 5884): HostConnection::get() New Host Connection established 0xa68474e0, tid 5884
D/Atlas   ( 5884): Validating map...
D/        ( 5884): HostConnection::get() New Host Connection established 0xa6847970, tid 5899
I/OpenGLRenderer( 5884): Initialized EGL, version 1.4
D/OpenGLRenderer( 5884): Enabling debug mode 0
W/EGL_emulation( 5884): eglSurfaceAttrib not implemented
W/OpenGLRenderer( 5884): Failed to set EGL_SWAP_BEHAVIOR on surface 0xa6809780, error=EGL_SUCCESS
I/Choreographer( 5884): Skipped 32 frames!  The application may be doing too much work on its main thread.
I/ActivityManager( 3185): Displayed hello.radek.washington.edu.activityspy/.MainActivity: +920ms
V/ConfigFetchTask( 3711): ConfigFetchTask getDeviceDataVersionInfo(): ABFEt1WL1CsHBKB-zUiAsff8DFlbg6C-qhbA8_LD7nsve_-KVCUTMpBgSdaNc8H2SYcWdwC0l8EpAXM73DrN142ruvQaW1uCOH6krILNS6kgB1vt13owWSOA17vAeAHk-0qWwj6CGxTIpaeoDM5pdNpQFeMEmQKJnfYl6lLV-CoDpNCj_1KoD_eyiPuFfWbCbIhZMPgzXs6vBVZCJm838E6wSeI2EvRWHHVBGwLeQxmklQ2JkcrheWM4EyWxIiL6ALquiD4AsrYrWkAQHo5Iw5mhZPlDRT6RzNDVDr3m1kHhtr3LTRyY9Y0
I/GoogleURLConnFactory( 3711): Using platform SSLCertificateSocketFactory
I/ConfigFetchService( 3711): fetch service done; releasing wakelock
I/ConfigFetchService( 3711): stopping self
I/ActivityManager( 3185): Killing 4634:com.android.externalstorage/u0a6 (adj 13): empty for 2851s
W/libprocessgroup( 3185): failed to open /acct/uid_10006/pid_4634/cgroup.procs: No such file or directory
W/AudioTrack( 3185): AUDIO_OUTPUT_FLAG_FAST denied by client
W/ResourceType( 3267): No package identifier when getting value for resource number 0x00000000
W/PackageManager( 3267): Failure retrieving resources for hello.radek.washington.edu.activityspy: Resource ID #0x0
I/ActivityManager( 3185): START u0 {act=com.android.systemui.recents.SHOW_RECENTS flg=0x10804000 cmp=com.android.systemui/.recents.RecentsActivity (has extras)} from uid 10013 on display 0
E/EGL_emulation(  920): tid 920: eglCreateSyncKHR(1237): error 0x3004 (EGL_BAD_ATTRIBUTE)
I/MainActivity( 5884): onPause event fired
I/MainActivity( 5884): onStop event fired
I/ActivityManager( 3185): Activity reported stop, but no longer stopping: ActivityRecord{1d86c7c3 u0 hello.radek.washington.edu.activityspy/.MainActivity t38 f}
W/ResourceType( 3267): No package identifier when getting value for resource number 0x00000000
W/PackageManager( 3267): Failure retrieving resources for hello.radek.washington.edu.activityspy: Resource ID #0x0
W/EGL_emulation( 3267): eglSurfaceAttrib not implemented
W/OpenGLRenderer( 3267): Failed to set EGL_SWAP_BEHAVIOR on surface 0xa26b6380, error=EGL_SUCCESS
I/ConfigService( 3562): onDestroy
I/Choreographer( 3267): Skipped 290 frames!  The application may be doing too much work on its main thread.
I/ActivityManager( 3185): Killing 4579:com.android.packageinstaller/u0a40 (adj 13): empty for 2858s
E/MainActivity( 5884): We're going down, Captain!
W/libprocessgroup( 3185): failed to open /acct/uid_10040/pid_4579/cgroup.procs: No such file or directory
W/SurfaceFlinger(  920): couldn't log to binary event log: overflow.
W/AudioTrack( 3185): AUDIO_OUTPUT_FLAG_FAST denied by client
I/ActivityManager( 3185): Killing 5884:hello.radek.washington.edu.activityspy/u0a59 (adj 9): remove task
W/libprocessgroup( 3185): failed to open /acct/uid_10059/pid_5884/cgroup.procs: No such file or directory
D/TaskPersister( 3185): removeObsoleteFile: deleting file=38_task.xml
D/TaskPersister( 3185): removeObsoleteFile: deleting file=38_task_thumbnail.png
W/AudioTrack( 3185): AUDIO_OUTPUT_FLAG_FAST denied by client
I/ActivityManager( 3185): START u0 {act=android.intent.action.MAIN cat=[android.intent.category.HOME] flg=0x10200000 cmp=com.android.launcher/com.android.launcher2.Launcher} from uid 10013 on display 0
W/EGL_emulation( 3502): eglSurfaceAttrib not implemented
W/OpenGLRenderer( 3502): Failed to set EGL_SWAP_BEHAVIOR on surface 0xa578e120, error=EGL_SUCCESS
I/Choreographer( 3502): Skipped 307 frames!  The application may be doing too much work on its main thread.
W/OpenGLRenderer( 3502): Incorrectly called buildLayer on View: ShortcutAndWidgetContainer, destroying layer...
