E/eglCodecCommon( 4902): **** ERROR unknown type 0x0 (glSizeof,72)
E/eglCodecCommon( 4902): glUtilsParamSize: unknow param 0x00000b44
E/eglCodecCommon( 4902): glUtilsParamSize: unknow param 0x00000bd0
E/eglCodecCommon( 4902): **** ERROR unknown type 0x0 (glSizeof,72)
E/eglCodecCommon( 4902): glUtilsParamSize: unknow param 0x00000b44
E/eglCodecCommon( 4902): glUtilsParamSize: unknow param 0x00000bd0
E/eglCodecCommon( 4902): **** ERROR unknown type 0x0 (glSizeof,72)
E/eglCodecCommon( 4902): glUtilsParamSize: unknow param 0x00000b44
E/eglCodecCommon( 4902): glUtilsParamSize: unknow param 0x00000bd0
E/eglCodecCommon( 4902): **** ERROR unknown type 0x0 (glSizeof,72)
E/eglCodecCommon( 4902): glUtilsParamSize: unknow param 0x00000b44
E/eglCodecCommon( 4902): glUtilsParamSize: unknow param 0x00000bd0
E/eglCodecCommon( 4902): **** ERROR unknown type 0x0 (glSizeof,72)
E/eglCodecCommon( 4902): glUtilsParamSize: unknow param 0x00000b44
E/eglCodecCommon( 4902): glUtilsParamSize: unknow param 0x00000bd0
E/eglCodecCommon( 4902): **** ERROR unknown type 0x0 (glSizeof,72)
E/eglCodecCommon( 4902): glUtilsParamSize: unknow param 0x00000b44
E/eglCodecCommon( 4902): glUtilsParamSize: unknow param 0x00000bd0
E/eglCodecCommon( 4902): **** ERROR unknown type 0x0 (glSizeof,72)
E/eglCodecCommon( 4902): glUtilsParamSize: unknow param 0x00000b44
E/eglCodecCommon( 4902): glUtilsParamSize: unknow param 0x00000bd0
E/eglCodecCommon( 4902): **** ERROR unknown type 0x0 (glSizeof,72)
E/eglCodecCommon( 4902): glUtilsParamSize: unknow param 0x00000b44
E/eglCodecCommon( 4902): glUtilsParamSize: unknow param 0x00000bd0
E/eglCodecCommon( 4902): **** ERROR unknown type 0x0 (glSizeof,72)
E/eglCodecCommon( 4902): glUtilsParamSize: unknow param 0x00000b44
E/eglCodecCommon( 4902): glUtilsParamSize: unknow param 0x00000bd0
E/eglCodecCommon( 4902): **** ERROR unknown type 0x0 (glSizeof,72)
E/eglCodecCommon( 4902): glUtilsParamSize: unknow param 0x00000b44
E/eglCodecCommon( 4902): glUtilsParamSize: unknow param 0x00000bd0
E/eglCodecCommon( 4902): **** ERROR unknown type 0x0 (glSizeof,72)
E/eglCodecCommon( 4902): glUtilsParamSize: unknow param 0x00000b44
E/eglCodecCommon( 4902): glUtilsParamSize: unknow param 0x00000bd0
E/eglCodecCommon( 4902): **** ERROR unknown type 0x0 (glSizeof,72)
E/eglCodecCommon( 4902): glUtilsParamSize: unknow param 0x00000b44
E/eglCodecCommon( 4902): glUtilsParamSize: unknow param 0x00000bd0
E/eglCodecCommon( 4902): **** ERROR unknown type 0x0 (glSizeof,72)
E/eglCodecCommon( 4902): glUtilsParamSize: unknow param 0x00000b44
E/eglCodecCommon( 4902): glUtilsParamSize: unknow param 0x00000bd0
E/eglCodecCommon( 4902): **** ERROR unknown type 0x0 (glSizeof,72)
E/eglCodecCommon( 4902): glUtilsParamSize: unknow param 0x00000b44
E/eglCodecCommon( 4902): glUtilsParamSize: unknow param 0x00000bd0
E/eglCodecCommon( 4902): **** ERROR unknown type 0x0 (glSizeof,72)
E/eglCodecCommon( 4902): glUtilsParamSize: unknow param 0x00000b44
E/eglCodecCommon( 4902): glUtilsParamSize: unknow param 0x00000bd0
E/eglCodecCommon( 4902): **** ERROR unknown type 0x0 (glSizeof,72)
E/eglCodecCommon( 4902): glUtilsParamSize: unknow param 0x00000b44
E/eglCodecCommon( 4902): glUtilsParamSize: unknow param 0x00000bd0
E/eglCodecCommon( 4902): **** ERROR unknown type 0x0 (glSizeof,72)
E/eglCodecCommon( 4902): glUtilsParamSize: unknow param 0x00000b44
E/eglCodecCommon( 4902): glUtilsParamSize: unknow param 0x00000bd0
E/eglCodecCommon( 4902): **** ERROR unknown type 0x0 (glSizeof,72)
E/eglCodecCommon( 4902): glUtilsParamSize: unknow param 0x00000b44
E/eglCodecCommon( 4902): glUtilsParamSize: unknow param 0x00000bd0
E/eglCodecCommon( 4902): **** ERROR unknown type 0x0 (glSizeof,72)
E/eglCodecCommon( 4902): glUtilsParamSize: unknow param 0x00000b44
E/eglCodecCommon( 4902): glUtilsParamSize: unknow param 0x00000bd0
E/eglCodecCommon( 4902): **** ERROR unknown type 0x0 (glSizeof,72)
E/eglCodecCommon( 4902): glUtilsParamSize: unknow param 0x00000b44
E/eglCodecCommon( 4902): glUtilsParamSize: unknow param 0x00000bd0
E/eglCodecCommon( 4902): **** ERROR unknown type 0x0 (glSizeof,72)
E/eglCodecCommon( 4902): glUtilsParamSize: unknow param 0x00000b44
E/eglCodecCommon( 4902): glUtilsParamSize: unknow param 0x00000bd0
E/eglCodecCommon( 4902): **** ERROR unknown type 0x0 (glSizeof,72)
E/eglCodecCommon( 4902): glUtilsParamSize: unknow param 0x00000b44
E/eglCodecCommon( 4902): glUtilsParamSize: unknow param 0x00000bd0
E/eglCodecCommon( 4902): **** ERROR unknown type 0x0 (glSizeof,72)
E/eglCodecCommon( 4902): glUtilsParamSize: unknow param 0x00000b44
E/eglCodecCommon( 4902): glUtilsParamSize: unknow param 0x00000bd0
E/eglCodecCommon( 4902): **** ERROR unknown type 0x0 (glSizeof,72)
E/eglCodecCommon( 4902): glUtilsParamSize: unknow param 0x00000b44
E/eglCodecCommon( 4902): glUtilsParamSize: unknow param 0x00000bd0
E/eglCodecCommon( 4902): **** ERROR unknown type 0x0 (glSizeof,72)
E/eglCodecCommon( 4902): glUtilsParamSize: unknow param 0x00000b44
E/eglCodecCommon( 4902): glUtilsParamSize: unknow param 0x00000bd0
E/eglCodecCommon( 4902): **** ERROR unknown type 0x0 (glSizeof,72)
E/eglCodecCommon( 4902): glUtilsParamSize: unknow param 0x00000b44
E/eglCodecCommon( 4902): glUtilsParamSize: unknow param 0x00000bd0
E/eglCodecCommon( 4902): **** ERROR unknown type 0x0 (glSizeof,72)
E/eglCodecCommon( 4902): glUtilsParamSize: unknow param 0x00000b44
E/eglCodecCommon( 4902): glUtilsParamSize: unknow param 0x00000bd0
E/eglCodecCommon( 4902): **** ERROR unknown type 0x0 (glSizeof,72)
E/eglCodecCommon( 4902): glUtilsParamSize: unknow param 0x00000b44
E/eglCodecCommon( 4902): glUtilsParamSize: unknow param 0x00000bd0
E/eglCodecCommon( 4902): **** ERROR unknown type 0x0 (glSizeof,72)
E/eglCodecCommon( 4902): glUtilsParamSize: unknow param 0x00000b44
E/eglCodecCommon( 4902): glUtilsParamSize: unknow param 0x00000bd0
E/eglCodecCommon( 4902): **** ERROR unknown type 0x0 (glSizeof,72)
E/eglCodecCommon( 4902): glUtilsParamSize: unknow param 0x00000b44
E/eglCodecCommon( 4902): glUtilsParamSize: unknow param 0x00000bd0
E/eglCodecCommon( 4902): **** ERROR unknown type 0x0 (glSizeof,72)
E/eglCodecCommon( 4902): glUtilsParamSize: unknow param 0x00000b44
E/eglCodecCommon( 4902): glUtilsParamSize: unknow param 0x00000bd0
E/eglCodecCommon( 4902): **** ERROR unknown type 0x0 (glSizeof,72)
E/eglCodecCommon( 4902): glUtilsParamSize: unknow param 0x00000b44
E/eglCodecCommon( 4902): glUtilsParamSize: unknow param 0x00000bd0
E/eglCodecCommon( 4902): **** ERROR unknown type 0x0 (glSizeof,72)
E/eglCodecCommon( 4902): glUtilsParamSize: unknow param 0x00000b44
E/eglCodecCommon( 4902): glUtilsParamSize: unknow param 0x00000bd0
E/eglCodecCommon( 4902): **** ERROR unknown type 0x0 (glSizeof,72)
E/eglCodecCommon( 4902): glUtilsParamSize: unknow param 0x00000b44
E/eglCodecCommon( 4902): glUtilsParamSize: unknow param 0x00000bd0
E/eglCodecCommon( 4902): **** ERROR unknown type 0x0 (glSizeof,72)
E/eglCodecCommon( 4902): glUtilsParamSize: unknow param 0x00000b44
E/eglCodecCommon( 4902): glUtilsParamSize: unknow param 0x00000bd0
E/eglCodecCommon( 4902): **** ERROR unknown type 0x0 (glSizeof,72)
E/eglCodecCommon( 4902): glUtilsParamSize: unknow param 0x00000b44
E/eglCodecCommon( 4902): glUtilsParamSize: unknow param 0x00000bd0
E/eglCodecCommon( 4902): **** ERROR unknown type 0x0 (glSizeof,72)
E/eglCodecCommon( 4902): glUtilsParamSize: unknow param 0x00000b44
E/eglCodecCommon( 4902): glUtilsParamSize: unknow param 0x00000bd0
E/eglCodecCommon( 4902): **** ERROR unknown type 0x0 (glSizeof,72)
E/eglCodecCommon( 4902): glUtilsParamSize: unknow param 0x00000b44
E/eglCodecCommon( 4902): glUtilsParamSize: unknow param 0x00000bd0
E/eglCodecCommon( 4902): **** ERROR unknown type 0x0 (glSizeof,72)
E/eglCodecCommon( 4902): glUtilsParamSize: unknow param 0x00000b44
E/eglCodecCommon( 4902): glUtilsParamSize: unknow param 0x00000bd0
E/eglCodecCommon( 4902): **** ERROR unknown type 0x0 (glSizeof,72)
E/eglCodecCommon( 4902): glUtilsParamSize: unknow param 0x00000b44
E/eglCodecCommon( 4902): glUtilsParamSize: unknow param 0x00000bd0
E/eglCodecCommon( 4902): **** ERROR unknown type 0x0 (glSizeof,72)
E/eglCodecCommon( 4902): glUtilsParamSize: unknow param 0x00000b44
E/eglCodecCommon( 4902): glUtilsParamSize: unknow param 0x00000bd0
E/eglCodecCommon( 4902): **** ERROR unknown type 0x0 (glSizeof,72)
E/eglCodecCommon( 4902): glUtilsParamSize: unknow param 0x00000b44
E/eglCodecCommon( 4902): glUtilsParamSize: unknow param 0x00000bd0
E/eglCodecCommon( 4902): **** ERROR unknown type 0x0 (glSizeof,72)
E/eglCodecCommon( 4902): glUtilsParamSize: unknow param 0x00000b44
E/eglCodecCommon( 4902): glUtilsParamSize: unknow param 0x00000bd0
E/eglCodecCommon( 4902): **** ERROR unknown type 0x0 (glSizeof,72)
E/eglCodecCommon( 4902): glUtilsParamSize: unknow param 0x00000b44
E/eglCodecCommon( 4902): glUtilsParamSize: unknow param 0x00000bd0
E/eglCodecCommon( 4902): **** ERROR unknown type 0x0 (glSizeof,72)
E/eglCodecCommon( 4902): glUtilsParamSize: unknow param 0x00000b44
E/eglCodecCommon( 4902): glUtilsParamSize: unknow param 0x00000bd0
E/eglCodecCommon( 4902): **** ERROR unknown type 0x0 (glSizeof,72)
E/eglCodecCommon( 4902): glUtilsParamSize: unknow param 0x00000b44
E/eglCodecCommon( 4902): glUtilsParamSize: unknow param 0x00000bd0
E/eglCodecCommon( 4902): **** ERROR unknown type 0x0 (glSizeof,72)
E/eglCodecCommon( 4902): glUtilsParamSize: unknow param 0x00000b44
E/eglCodecCommon( 4902): glUtilsParamSize: unknow param 0x00000bd0
E/eglCodecCommon( 4902): **** ERROR unknown type 0x0 (glSizeof,72)
E/eglCodecCommon( 4902): glUtilsParamSize: unknow param 0x00000b44
E/eglCodecCommon( 4902): glUtilsParamSize: unknow param 0x00000bd0
E/eglCodecCommon( 4902): **** ERROR unknown type 0x0 (glSizeof,72)
E/eglCodecCommon( 4902): glUtilsParamSize: unknow param 0x00000b44
E/eglCodecCommon( 4902): glUtilsParamSize: unknow param 0x00000bd0
E/eglCodecCommon( 4902): **** ERROR unknown type 0x0 (glSizeof,72)
E/eglCodecCommon( 4902): glUtilsParamSize: unknow param 0x00000b44
E/eglCodecCommon( 4902): glUtilsParamSize: unknow param 0x00000bd0
E/eglCodecCommon( 4902): **** ERROR unknown type 0x0 (glSizeof,72)
E/eglCodecCommon( 4902): glUtilsParamSize: unknow param 0x00000b44
E/eglCodecCommon( 4902): glUtilsParamSize: unknow param 0x00000bd0
E/eglCodecCommon( 4902): **** ERROR unknown type 0x0 (glSizeof,72)
E/eglCodecCommon( 4902): glUtilsParamSize: unknow param 0x00000b44
E/eglCodecCommon( 4902): glUtilsParamSize: unknow param 0x00000bd0
E/eglCodecCommon( 4902): **** ERROR unknown type 0x0 (glSizeof,72)
E/eglCodecCommon( 4902): glUtilsParamSize: unknow param 0x00000b44
E/eglCodecCommon( 4902): glUtilsParamSize: unknow param 0x00000bd0
E/eglCodecCommon( 4902): **** ERROR unknown type 0x0 (glSizeof,72)
E/eglCodecCommon( 4902): glUtilsParamSize: unknow param 0x00000b44
E/eglCodecCommon( 4902): glUtilsParamSize: unknow param 0x00000bd0
E/eglCodecCommon( 4902): **** ERROR unknown type 0x0 (glSizeof,72)
E/eglCodecCommon( 4902): glUtilsParamSize: unknow param 0x00000b44
E/eglCodecCommon( 4902): glUtilsParamSize: unknow param 0x00000bd0
E/eglCodecCommon( 4902): **** ERROR unknown type 0x0 (glSizeof,72)
E/eglCodecCommon( 4902): glUtilsParamSize: unknow param 0x00000b44
E/eglCodecCommon( 4902): glUtilsParamSize: unknow param 0x00000bd0
E/eglCodecCommon( 4902): **** ERROR unknown type 0x0 (glSizeof,72)
E/eglCodecCommon( 4902): glUtilsParamSize: unknow param 0x00000b44
E/eglCodecCommon( 4902): glUtilsParamSize: unknow param 0x00000bd0
E/eglCodecCommon( 4902): **** ERROR unknown type 0x0 (glSizeof,72)
E/eglCodecCommon( 4902): glUtilsParamSize: unknow param 0x00000b44
E/eglCodecCommon( 4902): glUtilsParamSize: unknow param 0x00000bd0
E/eglCodecCommon( 4902): **** ERROR unknown type 0x0 (glSizeof,72)
E/eglCodecCommon( 4902): glUtilsParamSize: unknow param 0x00000b44
E/eglCodecCommon( 4902): glUtilsParamSize: unknow param 0x00000bd0
E/eglCodecCommon( 4902): **** ERROR unknown type 0x0 (glSizeof,72)
E/eglCodecCommon( 4902): glUtilsParamSize: unknow param 0x00000b44
E/eglCodecCommon( 4902): glUtilsParamSize: unknow param 0x00000bd0
E/eglCodecCommon( 4902): **** ERROR unknown type 0x0 (glSizeof,72)
E/eglCodecCommon( 4902): glUtilsParamSize: unknow param 0x00000b44
E/eglCodecCommon( 4902): glUtilsParamSize: unknow param 0x00000bd0
E/eglCodecCommon( 4902): **** ERROR unknown type 0x0 (glSizeof,72)
E/eglCodecCommon( 4902): glUtilsParamSize: unknow param 0x00000b44
E/eglCodecCommon( 4902): glUtilsParamSize: unknow param 0x00000bd0
E/eglCodecCommon( 4902): **** ERROR unknown type 0x0 (glSizeof,72)
E/eglCodecCommon( 4902): glUtilsParamSize: unknow param 0x00000b44
E/eglCodecCommon( 4902): glUtilsParamSize: unknow param 0x00000bd0
E/eglCodecCommon( 4902): **** ERROR unknown type 0x0 (glSizeof,72)
E/eglCodecCommon( 4902): glUtilsParamSize: unknow param 0x00000b44
E/eglCodecCommon( 4902): glUtilsParamSize: unknow param 0x00000bd0
E/eglCodecCommon( 4902): **** ERROR unknown type 0x0 (glSizeof,72)
E/eglCodecCommon( 4902): glUtilsParamSize: unknow param 0x00000b44
E/eglCodecCommon( 4902): glUtilsParamSize: unknow param 0x00000bd0
E/eglCodecCommon( 4902): **** ERROR unknown type 0x0 (glSizeof,72)
E/eglCodecCommon( 4902): glUtilsParamSize: unknow param 0x00000b44
E/eglCodecCommon( 4902): glUtilsParamSize: unknow param 0x00000bd0
E/eglCodecCommon( 4902): **** ERROR unknown type 0x0 (glSizeof,72)
E/eglCodecCommon( 4902): glUtilsParamSize: unknow param 0x00000b44
E/eglCodecCommon( 4902): glUtilsParamSize: unknow param 0x00000bd0
E/eglCodecCommon( 4902): **** ERROR unknown type 0x0 (glSizeof,72)
E/eglCodecCommon( 4902): glUtilsParamSize: unknow param 0x00000b44
E/eglCodecCommon( 4902): glUtilsParamSize: unknow param 0x00000bd0
E/eglCodecCommon( 4902): **** ERROR unknown type 0x0 (glSizeof,72)
E/eglCodecCommon( 4902): glUtilsParamSize: unknow param 0x00000b44
E/eglCodecCommon( 4902): glUtilsParamSize: unknow param 0x00000bd0
E/eglCodecCommon( 4902): **** ERROR unknown type 0x0 (glSizeof,72)
E/eglCodecCommon( 4902): glUtilsParamSize: unknow param 0x00000b44
E/eglCodecCommon( 4902): glUtilsParamSize: unknow param 0x00000bd0
E/eglCodecCommon( 4902): **** ERROR unknown type 0x0 (glSizeof,72)
E/eglCodecCommon( 4902): glUtilsParamSize: unknow param 0x00000b44
E/eglCodecCommon( 4902): glUtilsParamSize: unknow param 0x00000bd0
E/eglCodecCommon( 4902): **** ERROR unknown type 0x0 (glSizeof,72)
E/eglCodecCommon( 4902): glUtilsParamSize: unknow param 0x00000b44
E/eglCodecCommon( 4902): glUtilsParamSize: unknow param 0x00000bd0
E/eglCodecCommon( 4902): **** ERROR unknown type 0x0 (glSizeof,72)
E/eglCodecCommon( 4902): glUtilsParamSize: unknow param 0x00000b44
E/eglCodecCommon( 4902): glUtilsParamSize: unknow param 0x00000bd0
E/eglCodecCommon( 4902): **** ERROR unknown type 0x0 (glSizeof,72)
E/eglCodecCommon( 4902): glUtilsParamSize: unknow param 0x00000b44
E/eglCodecCommon( 4902): glUtilsParamSize: unknow param 0x00000bd0
E/eglCodecCommon( 4902): **** ERROR unknown type 0x0 (glSizeof,72)
E/eglCodecCommon( 4902): glUtilsParamSize: unknow param 0x00000b44
E/eglCodecCommon( 4902): glUtilsParamSize: unknow param 0x00000bd0
E/eglCodecCommon( 4902): **** ERROR unknown type 0x0 (glSizeof,72)
E/eglCodecCommon( 4902): glUtilsParamSize: unknow param 0x00000b44
E/eglCodecCommon( 4902): glUtilsParamSize: unknow param 0x00000bd0
E/eglCodecCommon( 4902): **** ERROR unknown type 0x0 (glSizeof,72)
E/eglCodecCommon( 4902): glUtilsParamSize: unknow param 0x00000b44
E/eglCodecCommon( 4902): glUtilsParamSize: unknow param 0x00000bd0
E/eglCodecCommon( 4902): **** ERROR unknown type 0x0 (glSizeof,72)
E/eglCodecCommon( 4902): glUtilsParamSize: unknow param 0x00000b44
E/eglCodecCommon( 4902): glUtilsParamSize: unknow param 0x00000bd0
E/eglCodecCommon( 4902): **** ERROR unknown type 0x0 (glSizeof,72)
E/eglCodecCommon( 4902): glUtilsParamSize: unknow param 0x00000b44
E/eglCodecCommon( 4902): glUtilsParamSize: unknow param 0x00000bd0
E/eglCodecCommon( 4902): **** ERROR unknown type 0x0 (glSizeof,72)
E/eglCodecCommon( 4902): glUtilsParamSize: unknow param 0x00000b44
E/eglCodecCommon( 4902): glUtilsParamSize: unknow param 0x00000bd0
E/eglCodecCommon( 4902): **** ERROR unknown type 0x0 (glSizeof,72)
E/eglCodecCommon( 4902): glUtilsParamSize: unknow param 0x00000b44
E/eglCodecCommon( 4902): glUtilsParamSize: unknow param 0x00000bd0
E/eglCodecCommon( 4902): **** ERROR unknown type 0x0 (glSizeof,72)
E/eglCodecCommon( 4902): glUtilsParamSize: unknow param 0x00000b44
E/eglCodecCommon( 4902): glUtilsParamSize: unknow param 0x00000bd0
E/eglCodecCommon( 4902): **** ERROR unknown type 0x0 (glSizeof,72)
E/eglCodecCommon( 4902): glUtilsParamSize: unknow param 0x00000b44
E/eglCodecCommon( 4902): glUtilsParamSize: unknow param 0x00000bd0
E/eglCodecCommon( 4902): **** ERROR unknown type 0x0 (glSizeof,72)
E/eglCodecCommon( 4902): glUtilsParamSize: unknow param 0x00000b44
E/eglCodecCommon( 4902): glUtilsParamSize: unknow param 0x00000bd0
E/eglCodecCommon( 4902): **** ERROR unknown type 0x0 (glSizeof,72)
E/eglCodecCommon( 4902): glUtilsParamSize: unknow param 0x00000b44
E/eglCodecCommon( 4902): glUtilsParamSize: unknow param 0x00000bd0
E/eglCodecCommon( 4902): **** ERROR unknown type 0x0 (glSizeof,72)
E/eglCodecCommon( 4902): glUtilsParamSize: unknow param 0x00000b44
E/eglCodecCommon( 4902): glUtilsParamSize: unknow param 0x00000bd0
E/eglCodecCommon( 4902): **** ERROR unknown type 0x0 (glSizeof,72)
E/eglCodecCommon( 4902): glUtilsParamSize: unknow param 0x00000b44
E/eglCodecCommon( 4902): glUtilsParamSize: unknow param 0x00000bd0
E/eglCodecCommon( 4902): **** ERROR unknown type 0x0 (glSizeof,72)
E/eglCodecCommon( 4902): glUtilsParamSize: unknow param 0x00000b44
E/eglCodecCommon( 4902): glUtilsParamSize: unknow param 0x00000bd0
E/eglCodecCommon( 4902): **** ERROR unknown type 0x0 (glSizeof,72)
E/eglCodecCommon( 4902): glUtilsParamSize: unknow param 0x00000b44
E/eglCodecCommon( 4902): glUtilsParamSize: unknow param 0x00000bd0
E/eglCodecCommon( 4902): **** ERROR unknown type 0x0 (glSizeof,72)
E/eglCodecCommon( 4902): glUtilsParamSize: unknow param 0x00000b44
E/eglCodecCommon( 4902): glUtilsParamSize: unknow param 0x00000bd0
E/eglCodecCommon( 4902): **** ERROR unknown type 0x0 (glSizeof,72)
E/eglCodecCommon( 4902): glUtilsParamSize: unknow param 0x00000b44
E/eglCodecCommon( 4902): glUtilsParamSize: unknow param 0x00000bd0
E/eglCodecCommon( 4902): **** ERROR unknown type 0x0 (glSizeof,72)
E/eglCodecCommon( 4902): glUtilsParamSize: unknow param 0x00000b44
E/eglCodecCommon( 4902): glUtilsParamSize: unknow param 0x00000bd0
E/eglCodecCommon( 4902): **** ERROR unknown type 0x0 (glSizeof,72)
E/eglCodecCommon( 4902): glUtilsParamSize: unknow param 0x00000b44
E/eglCodecCommon( 4902): glUtilsParamSize: unknow param 0x00000bd0
E/eglCodecCommon( 4902): **** ERROR unknown type 0x0 (glSizeof,72)
E/eglCodecCommon( 4902): glUtilsParamSize: unknow param 0x00000b44
E/eglCodecCommon( 4902): glUtilsParamSize: unknow param 0x00000bd0
E/eglCodecCommon( 4902): **** ERROR unknown type 0x0 (glSizeof,72)
E/eglCodecCommon( 4902): glUtilsParamSize: unknow param 0x00000b44
E/eglCodecCommon( 4902): glUtilsParamSize: unknow param 0x00000bd0
E/eglCodecCommon( 4902): **** ERROR unknown type 0x0 (glSizeof,72)
E/eglCodecCommon( 4902): glUtilsParamSize: unknow param 0x00000b44
E/eglCodecCommon( 4902): glUtilsParamSize: unknow param 0x00000bd0
E/eglCodecCommon( 4902): **** ERROR unknown type 0x0 (glSizeof,72)
E/eglCodecCommon( 4902): glUtilsParamSize: unknow param 0x00000b44
E/eglCodecCommon( 4902): glUtilsParamSize: unknow param 0x00000bd0
E/eglCodecCommon( 4902): **** ERROR unknown type 0x0 (glSizeof,72)
E/eglCodecCommon( 4902): glUtilsParamSize: unknow param 0x00000b44
E/eglCodecCommon( 4902): glUtilsParamSize: unknow param 0x00000bd0
W/art     ( 4876): Suspending all threads took: 12.486ms
E/eglCodecCommon( 4902): **** ERROR unknown type 0x0 (glSizeof,72)
E/eglCodecCommon( 4902): glUtilsParamSize: unknow param 0x00000b44
E/eglCodecCommon( 4902): glUtilsParamSize: unknow param 0x00000bd0
E/eglCodecCommon( 4902): **** ERROR unknown type 0x0 (glSizeof,72)
E/eglCodecCommon( 4902): glUtilsParamSize: unknow param 0x00000b44
E/eglCodecCommon( 4902): glUtilsParamSize: unknow param 0x00000bd0
E/eglCodecCommon( 4902): **** ERROR unknown type 0x0 (glSizeof,72)
E/eglCodecCommon( 4902): glUtilsParamSize: unknow param 0x00000b44
E/eglCodecCommon( 4902): glUtilsParamSize: unknow param 0x00000bd0
E/eglCodecCommon( 4902): **** ERROR unknown type 0x0 (glSizeof,72)
E/eglCodecCommon( 4902): glUtilsParamSize: unknow param 0x00000b44
E/eglCodecCommon( 4902): glUtilsParamSize: unknow param 0x00000bd0
E/eglCodecCommon( 4902): **** ERROR unknown type 0x0 (glSizeof,72)
E/eglCodecCommon( 4902): glUtilsParamSize: unknow param 0x00000b44
W/AudioTrack( 3185): AUDIO_OUTPUT_FLAG_FAST denied by client
I/ActivityManager( 3185): START u0 {act=android.intent.action.MAIN cat=[android.intent.category.HOME] flg=0x10200000 cmp=com.android.launcher/com.android.launcher2.Launcher} from uid 1000 on display 0
E/eglCodecCommon( 4902): glUtilsParamSize: unknow param 0x00000bd0
E/EGL_emulation(  920): tid 920: eglCreateSyncKHR(1237): error 0x3004 (EGL_BAD_ATTRIBUTE)
W/EGL_emulation( 3502): eglSurfaceAttrib not implemented
W/OpenGLRenderer( 3502): Failed to set EGL_SWAP_BEHAVIOR on surface 0xa3e94620, error=EGL_SUCCESS
E/eglCodecCommon( 4902): **** ERROR unknown type 0x0 (glSizeof,72)
E/eglCodecCommon( 4902): glUtilsParamSize: unknow param 0x00000b44
E/eglCodecCommon( 4902): glUtilsParamSize: unknow param 0x00000bd0
E/eglCodecCommon( 4902): **** ERROR unknown type 0x0 (glSizeof,72)
D/WebViewTimersControl( 4902): onBrowserActivityPause
D/WebViewTimersControl( 4902): Pausing webview timers, view=com.android.browser.BrowserWebView{16d0e639 VFEDHVCL .F...... 0,0-1080,1207}
W/IInputConnectionWrapper( 4902): showStatusIcon on inactive InputConnection
E/eglCodecCommon( 4902): glUtilsParamSize: unknow param 0x00000b44
E/eglCodecCommon( 4902): glUtilsParamSize: unknow param 0x00000bd0
E/eglCodecCommon( 4902): **** ERROR unknown type 0x0 (glSizeof,72)
E/eglCodecCommon( 4902): glUtilsParamSize: unknow param 0x00000b44
E/eglCodecCommon( 4902): glUtilsParamSize: unknow param 0x00000bd0
E/eglCodecCommon( 4902): **** ERROR unknown type 0x0 (glSizeof,72)
W/OpenGLRenderer( 3502): Incorrectly called buildLayer on View: ShortcutAndWidgetContainer, destroying layer...
W/OpenGLRenderer( 3502): Incorrectly called buildLayer on View: ShortcutAndWidgetContainer, destroying layer...
W/OpenGLRenderer( 3502): Incorrectly called buildLayer on View: ShortcutAndWidgetContainer, destroying layer...
W/AudioTrack( 3185): AUDIO_OUTPUT_FLAG_FAST denied by client
W/AudioTrack( 3185): AUDIO_OUTPUT_FLAG_FAST denied by client
I/ActivityManager( 3185): START u0 {act=android.intent.action.MAIN cat=[android.intent.category.LAUNCHER] flg=0x10000000 cmp=com.android.calendar/.AllInOneActivity (has extras)} from uid 10008 on display 0
I/ActivityManager( 3185): Start proc com.android.calendar for activity com.android.calendar/.AllInOneActivity: pid=5032 uid=10018 gids={50018, 9997, 3003} abi=x86
D/ExtensionsFactory( 5032): No custom extensions.
D/ExtensionsFactory( 5032): AllInOneMenuExtensions not found in properties file.
I/ActivityManager( 3185): Start proc com.android.providers.calendar for content provider com.android.providers.calendar/.CalendarProvider2: pid=5051 uid=10001 gids={50001, 9997, 3003, 1028, 1015} abi=x86
W/ResourcesManager( 5051): Asset path '/system/framework/android.test.runner.jar' does not exist or contains no resources.
W/art     ( 5032): Suspending all threads took: 22.593ms
I/art     ( 5032): Background sticky concurrent mark sweep GC freed 2336(183KB) AllocSpace objects, 5(145KB) LOS objects, 22% free, 877KB/1134KB, paused 29.622ms total 67.087ms
D/ExtensionsFactory( 5032): AnalyticsLogger not found in properties file.
I/CalendarProvider2( 5051): Created com.android.providers.calendar.CalendarAlarmManager@394b1ec5(com.android.providers.calendar.CalendarProvider2@19ba501a)
D/OpenGLRenderer( 5032): Render dirty regions requested: true
D/        ( 5032): HostConnection::get() New Host Connection established 0xae1fe740, tid 5032
D/Atlas   ( 5032): Validating map...
D/        ( 5032): HostConnection::get() New Host Connection established 0xa68e9670, tid 5068
I/OpenGLRenderer( 5032): Initialized EGL, version 1.4
D/OpenGLRenderer( 5032): Enabling debug mode 0
W/EGL_emulation( 5032): eglSurfaceAttrib not implemented
W/OpenGLRenderer( 5032): Failed to set EGL_SWAP_BEHAVIOR on surface 0xa68fb9c0, error=EGL_SUCCESS
V/GLSActivity( 3562): AuthDelegateWrapperCreated with selected intent: Intent { cmp=com.google.android.gms/.auth.DefaultAuthDelegateService }
I/GLSActivity( 3562): [GmsAccountAuthenticatorImpl] Legacy add account flow.
W/GLSActivity( 3562): [GmsAccountAuthenticatorImpl] The app AppDescription<com.google.android.gms, 10007> is invoking addAccount
W/GLSActivity( 3562): [GmsAccountAuthenticatorImpl] Returning intent to launch AccountIntroActivity.
I/ActivityManager( 3185): START u0 {cat=[categoryhack:28bfe2a6-f9cd-4d34-8b49-844106fe1dfa] cmp=com.google.android.gms/.auth.UnpackingRedirectActivity (has extras)} from uid 10018 on display 0
W/ResourcesManager( 3185): Asset path '/system/framework/com.android.media.remotedisplay.jar' does not exist or contains no resources.
W/ResourcesManager( 3185): Asset path '/system/framework/com.android.location.provider.jar' does not exist or contains no resources.
W/InputMethodManagerService( 3185): Focus gain on non-focused client com.android.internal.view.IInputMethodClient$Stub$Proxy@132c6b42 (uid=10018 pid=5032)
I/ActivityManager( 3185): Start proc com.google.android.gms.ui for activity com.google.android.gms/.auth.UnpackingRedirectActivity: pid=5072 uid=10007 gids={50007, 9997, 3003, 1028, 1015, 3002, 3001, 1005, 1007, 3007, 2001, 3006} abi=x86
W/ResourcesManager( 5072): Asset path '/system/framework/com.android.media.remotedisplay.jar' does not exist or contains no resources.
W/ResourcesManager( 5072): Asset path '/system/framework/com.android.location.provider.jar' does not exist or contains no resources.
I/MultiDex( 5072): VM with version 2.1.0 has multidex support
I/MultiDex( 5072): install
I/MultiDex( 5072): VM has multidex support, MultiDex support library is disabled.
I/ProviderInstaller( 5072): Insert disabled by gate 'gms:security:enable_conscrypt_in_gms_application'
D/GCM     ( 3562): GcmService start Intent { act=com.google.android.gms.INITIALIZE flg=0x10 pkg=com.google.android.gms cmp=com.google.android.gms/.gcm.GcmService } com.google.android.gms.INITIALIZE
D/AuthorizationBluetoothService( 3562): Received GmsCore event: Intent { act=com.google.android.gms.INITIALIZE flg=0x10 pkg=com.google.android.gms cmp=com.google.android.gms/.auth.be.proximity.authorization.bt.AuthorizationBluetoothService$AutoStarter }.
D/c       ( 3562): Getting all permits...
D/a       ( 3562): Opening database...
I/ActivityManager( 3185): START u0 {cat=[categoryhack:5845258555090749537] flg=0x2000000 cmp=com.google.android.gms/.auth.FilteringRedirectActivity (has extras)} from uid 10007 on display 0
D/a       ( 3562): Opening database auth.proximity.permit_store...
D/a       ( 3562): Closing database...
V/GmsCoreStatsServiceLauncher( 3711): Received broadcast intent Intent { act=com.google.android.gms.INITIALIZE flg=0x10 pkg=com.google.android.gms cmp=com.google.android.gms/.common.stats.GmsCoreStatsServiceLauncher }
I/ActivityManager( 3185): START u0 {flg=0x80000 cmp=com.google.android.gms/.auth.gsf.AccountIntroActivity (has extras)} from uid 10007 on display 0
D/OpenGLRenderer( 5072): Render dirty regions requested: true
D/        ( 5072): HostConnection::get() New Host Connection established 0xae1dcf40, tid 5072
D/Atlas   ( 5072): Validating map...
E/MDM     ( 3434): [67] b.run: Couldn't connect to Google API client: ConnectionResult{statusCode=API_UNAVAILABLE, resolution=null}
D/        ( 5072): HostConnection::get() New Host Connection established 0xa6c49270, tid 5088
D/LocationInitializer( 3711): Restart initialization of location
I/OpenGLRenderer( 5072): Initialized EGL, version 1.4
D/OpenGLRenderer( 5072): Enabling debug mode 0
W/EGL_emulation( 5072): eglSurfaceAttrib not implemented
W/OpenGLRenderer( 5072): Failed to set EGL_SWAP_BEHAVIOR on surface 0xa6c94300, error=EGL_SUCCESS
W/GLSActivity( 5072): Accepting legacy allowSkip from intent
I/GLSActivity( 5072): [AccountIntroActivity] Provisioning with name/email. Edu: false
I/GLSActivity( 5072): [AccountIntroActivity] Setup a Google account using GmsCore managed workflow.
W/EGL_emulation( 5072): eglSurfaceAttrib not implemented
W/OpenGLRenderer( 5072): Failed to set EGL_SWAP_BEHAVIOR on surface 0xa6c94320, error=EGL_SUCCESS
I/ActivityManager( 3185): START u0 {cmp=com.google.android.gms/.auth.login.LoginActivity (has extras)} from uid 10007 on display 0
W/InputMethodManagerService( 3185): Focus gain on non-focused client com.android.internal.view.IInputMethodClient$Stub$Proxy@bc689f (uid=10007 pid=5072)
I/ActivityManager( 3185): START u0 {cmp=com.google.android.gms/.auth.login.BrowserActivity (has extras)} from uid 10007 on display 0
I/WebViewFactory( 5072): Loading com.android.webview version 37 (1797986-x86) (code 100007)
I/LibraryLoader( 5072): Loading: webviewchromium
I/LibraryLoader( 5072): Time to load native libraries: 8 ms (timestamps 7815-7823)
I/LibraryLoader( 5072): Expected native library version number "",actual native library version number ""
V/WebViewChromiumFactoryProvider( 5072): Binding Chromium to main looper Looper (main, tid 1) {47d7e17}
I/LibraryLoader( 5072): Expected native library version number "",actual native library version number ""
I/chromium( 5072): [INFO:library_loader_hooks.cc(106)] Chromium logging enabled: level = 0, default verbosity = 0
I/BrowserStartupController( 5072): Initializing chromium process, renderers=0
W/art     ( 5072): Attempt to remove local handle scope entry from IRT, ignoring
E/BluetoothAdapter( 5072): Bluetooth binder is null
W/chromium( 5072): [WARNING:resource_bundle.cc(315)] locale_file_path.empty()
I/chromium( 5072): [INFO:aw_browser_main_parts.cc(63)] Load from apk succesful, fd=46 off=46092 len=2953
I/chromium( 5072): [INFO:aw_browser_main_parts.cc(78)] Loading webviewchromium.pak from, fd:47 off:228796 len:643667
W/chromium( 5072): [WARNING:mailbox_synchronizer.cc(36)] MailboxSync not supported due to missing EGL image/fence support
W/chromium( 5072): [WARNING:proxy_service.cc(901)] PAC support disabled because there is no system implementation
W/chromium( 5072): [WARNING:data_reduction_proxy_settings.cc(403)] SPDY proxy OFF at startup
W/art     ( 5072): Attempt to remove local handle scope entry from IRT, ignoring
W/AwContents( 5072): onDetachedFromWindow called when already detached. Ignoring
I/CalendarProvider2( 5051): Sending notification intent: Intent { act=android.intent.action.PROVIDER_CHANGED dat=content://com.android.calendar }
W/ContentResolver( 5051): Failed to get type for: content://com.android.calendar (Unknown URL content://com.android.calendar)
D/AlertReceiver( 5032): onReceive: a=android.intent.action.PROVIDER_CHANGED Intent { act=android.intent.action.PROVIDER_CHANGED dat=content://com.android.calendar flg=0x10 cmp=com.android.calendar/.alerts.AlertReceiver }
W/chromium( 5072): [WARNING:simple_index_file.cc(337)] Could not map Simple Index file.
W/GLSActivity( 5072): com.google.android.androidforwork is not installed on system.
W/art     ( 5072): Attempt to remove local handle scope entry from IRT, ignoring
W/art     ( 5072): Attempt to remove local handle scope entry from IRT, ignoring
D/AlertService( 5032): 0 Action = android.intent.action.PROVIDER_CHANGED
I/GLSActivity( 5072): MM-DG bound!
I/MM-DG-SERVICE( 3562): Starting Dg init in serviceCreateAsync
W/EGL_emulation( 5072): eglSurfaceAttrib not implemented
W/OpenGLRenderer( 5072): Failed to set EGL_SWAP_BEHAVIOR on surface 0xa6c94340, error=EGL_SUCCESS
I/ActivityManager( 3185): Start proc com.google.android.gms.unstable for service com.google.android.gms/.droidguard.DroidGuardService: pid=5124 uid=10007 gids={50007, 9997, 3003, 1028, 1015, 3002, 3001, 1005, 1007, 3007, 2001, 3006} abi=x86
D/GCM     ( 3562): Message class com.google.f.a.a.i
E/art     ( 5124): Failed writing handshake bytes (-1 of 14): Broken pipe
I/art     ( 5124): Debugger is no longer active
W/ResourcesManager( 5124): Asset path '/system/framework/com.android.media.remotedisplay.jar' does not exist or contains no resources.
W/ResourcesManager( 5124): Asset path '/system/framework/com.android.location.provider.jar' does not exist or contains no resources.
I/MultiDex( 5124): VM with version 2.1.0 has multidex support
I/MultiDex( 5124): install
I/MultiDex( 5124): VM has multidex support, MultiDex support library is disabled.
I/ProviderInstaller( 5124): Insert disabled by gate 'gms:security:enable_conscrypt_in_gms_application'
D/GCM     ( 3562): GcmService start Intent { act=com.google.android.gms.INITIALIZE flg=0x10 pkg=com.google.android.gms cmp=com.google.android.gms/.gcm.GcmService } com.google.android.gms.INITIALIZE
E/Drm     ( 2966): Failed to find drm plugin
W/DG.WV   ( 5124): Widevine DRM not supported on this device
W/DG.WV   ( 5124): android.media.UnsupportedSchemeException: Failed to instantiate drm object.
W/DG.WV   ( 5124): 	at android.media.MediaDrm.native_setup(Native Method)
W/DG.WV   ( 5124): 	at android.media.MediaDrm.<init>(MediaDrm.java:180)
W/DG.WV   ( 5124): 	at com.google.android.gms.droidguard.o.a(SourceFile:87)
W/DG.WV   ( 5124): 	at com.google.android.gms.common.internal.b.b(SourceFile:556)
W/DG.WV   ( 5124): 	at com.google.android.gms.common.internal.bq.onTransact(SourceFile:824)
W/DG.WV   ( 5124): 	at android.os.Binder.execTransact(Binder.java:446)
I/MM-DG-SERVICE( 3562): Finished Dg init in serviceCreateAsync
D/AuthorizationBluetoothService( 3562): Received GmsCore event: Intent { act=com.google.android.gms.INITIALIZE flg=0x10 pkg=com.google.android.gms cmp=com.google.android.gms/.auth.be.proximity.authorization.bt.AuthorizationBluetoothService$AutoStarter }.
D/c       ( 3562): Getting all permits...
D/a       ( 3562): Opening database...
I/GoogleURLConnFactory( 5124): Using platform SSLCertificateSocketFactory
D/a       ( 3562): Opening database auth.proximity.permit_store...
D/a       ( 3562): Closing database...
V/GmsCoreStatsServiceLauncher( 3711): Received broadcast intent Intent { act=com.google.android.gms.INITIALIZE flg=0x10 pkg=com.google.android.gms cmp=com.google.android.gms/.common.stats.GmsCoreStatsServiceLauncher }
E/MDM     ( 3434): [42] b.run: Couldn't connect to Google API client: ConnectionResult{statusCode=API_UNAVAILABLE, resolution=null}
I/art     ( 3562): Background sticky concurrent mark sweep GC freed 8597(1142KB) AllocSpace objects, 0(0B) LOS objects, 21% free, 3MB/3MB, paused 7.048ms total 68.932ms
D/LocationInitializer( 3711): Restart initialization of location
I/ActivityManager( 3185): Displayed com.google.android.gms/.auth.login.BrowserActivity: +929ms (total +1s993ms)
I/art     ( 5124): Background partial concurrent mark sweep GC freed 10098(539KB) AllocSpace objects, 0(0B) LOS objects, 39% free, 3MB/5MB, paused 19.746ms total 49.280ms
E/eglCodecCommon( 5072): glUtilsParamSize: unknow param 0x00000b44
E/eglCodecCommon( 5072): glUtilsParamSize: unknow param 0x00000bd0
E/eglCodecCommon( 5072): **** ERROR unknown type 0xc4e2e420 (glSizeof,72)
E/eglCodecCommon( 5072): glUtilsParamSize: unknow param 0x00000b44
E/eglCodecCommon( 5072): glUtilsParamSize: unknow param 0x00000bd0
E/eglCodecCommon( 5072): **** ERROR unknown type 0xc4e2e420 (glSizeof,72)
E/eglCodecCommon( 5072): glUtilsParamSize: unknow param 0x00000b44
E/eglCodecCommon( 5072): glUtilsParamSize: unknow param 0x00000bd0
E/eglCodecCommon( 5072): **** ERROR unknown type 0xc4e2e420 (glSizeof,72)
E/eglCodecCommon( 5072): glUtilsParamSize: unknow param 0x00000b44
E/eglCodecCommon( 5072): glUtilsParamSize: unknow param 0x00000bd0
E/chromium( 5072): [ERROR:buffer_manager.cc(313)] [.Parent-Compositor-0xa6ce5400]GL ERROR :GL_INVALID_OPERATION : glBufferData: <- error from previous GL command
E/eglCodecCommon( 5072): **** ERROR unknown type 0xc4e2e420 (glSizeof,72)
E/eglCodecCommon( 5072): glUtilsParamSize: unknow param 0x00000b44
E/eglCodecCommon( 5072): glUtilsParamSize: unknow param 0x00000bd0
E/eglCodecCommon( 5072): **** ERROR unknown type 0xc4e2e420 (glSizeof,72)
E/eglCodecCommon( 5072): glUtilsParamSize: unknow param 0x00000b44
E/eglCodecCommon( 5072): glUtilsParamSize: unknow param 0x00000bd0
E/eglCodecCommon( 5072): **** ERROR unknown type 0xc4e2e420 (glSizeof,72)
E/eglCodecCommon( 5072): glUtilsParamSize: unknow param 0x00000b44
E/eglCodecCommon( 5072): glUtilsParamSize: unknow param 0x00000bd0
E/eglCodecCommon( 5072): **** ERROR unknown type 0xc4e2e420 (glSizeof,72)
E/eglCodecCommon( 5072): glUtilsParamSize: unknow param 0x00000b44
E/eglCodecCommon( 5072): glUtilsParamSize: unknow param 0x00000bd0
E/eglCodecCommon( 5072): **** ERROR unknown type 0xc4e2e420 (glSizeof,72)
E/eglCodecCommon( 5072): glUtilsParamSize: unknow param 0x00000b44
E/eglCodecCommon( 5072): glUtilsParamSize: unknow param 0x00000bd0
E/eglCodecCommon( 5072): **** ERROR unknown type 0xc4e2e420 (glSizeof,72)
E/eglCodecCommon( 5072): glUtilsParamSize: unknow param 0x00000b44
E/eglCodecCommon( 5072): glUtilsParamSize: unknow param 0x00000bd0
E/eglCodecCommon( 5072): **** ERROR unknown type 0xc4e2e420 (glSizeof,72)
E/eglCodecCommon( 5072): glUtilsParamSize: unknow param 0x00000b44
E/eglCodecCommon( 5072): glUtilsParamSize: unknow param 0x00000bd0
E/eglCodecCommon( 5072): **** ERROR unknown type 0xc4e2e420 (glSizeof,72)
E/eglCodecCommon( 5072): glUtilsParamSize: unknow param 0x00000b44
E/eglCodecCommon( 5072): glUtilsParamSize: unknow param 0x00000bd0
E/eglCodecCommon( 5072): **** ERROR unknown type 0xc4e2e420 (glSizeof,72)
E/eglCodecCommon( 5072): glUtilsParamSize: unknow param 0x00000b44
E/eglCodecCommon( 5072): glUtilsParamSize: unknow param 0x00000bd0
E/eglCodecCommon( 5072): **** ERROR unknown type 0xc4e2e420 (glSizeof,72)
E/eglCodecCommon( 5072): glUtilsParamSize: unknow param 0x00000b44
E/eglCodecCommon( 5072): glUtilsParamSize: unknow param 0x00000bd0
E/eglCodecCommon( 5072): **** ERROR unknown type 0xc4e2e420 (glSizeof,72)
E/eglCodecCommon( 5072): glUtilsParamSize: unknow param 0x00000b44
E/eglCodecCommon( 5072): glUtilsParamSize: unknow param 0x00000bd0
E/eglCodecCommon( 5072): **** ERROR unknown type 0xc4e2e420 (glSizeof,72)
E/eglCodecCommon( 5072): glUtilsParamSize: unknow param 0x00000b44
E/eglCodecCommon( 5072): glUtilsParamSize: unknow param 0x00000bd0
E/eglCodecCommon( 5072): **** ERROR unknown type 0xc4e2e420 (glSizeof,72)
E/eglCodecCommon( 5072): glUtilsParamSize: unknow param 0x00000b44
E/eglCodecCommon( 5072): glUtilsParamSize: unknow param 0x00000bd0
E/eglCodecCommon( 5072): **** ERROR unknown type 0xc4e2e420 (glSizeof,72)
E/eglCodecCommon( 5072): glUtilsParamSize: unknow param 0x00000b44
E/eglCodecCommon( 5072): glUtilsParamSize: unknow param 0x00000bd0
E/eglCodecCommon( 5072): **** ERROR unknown type 0xc4e2e420 (glSizeof,72)
E/eglCodecCommon( 5072): glUtilsParamSize: unknow param 0x00000b44
E/eglCodecCommon( 5072): glUtilsParamSize: unknow param 0x00000bd0
E/eglCodecCommon( 5072): **** ERROR unknown type 0xc4e2e420 (glSizeof,72)
E/eglCodecCommon( 5072): glUtilsParamSize: unknow param 0x00000b44
E/eglCodecCommon( 5072): glUtilsParamSize: unknow param 0x00000bd0
E/eglCodecCommon( 5072): **** ERROR unknown type 0xc4e2e420 (glSizeof,72)
E/eglCodecCommon( 5072): glUtilsParamSize: unknow param 0x00000b44
E/eglCodecCommon( 5072): glUtilsParamSize: unknow param 0x00000bd0
E/eglCodecCommon( 5072): **** ERROR unknown type 0xc4e2e420 (glSizeof,72)
E/eglCodecCommon( 5072): glUtilsParamSize: unknow param 0x00000b44
E/eglCodecCommon( 5072): glUtilsParamSize: unknow param 0x00000bd0
E/eglCodecCommon( 5072): **** ERROR unknown type 0xc4e2e420 (glSizeof,72)
E/eglCodecCommon( 5072): glUtilsParamSize: unknow param 0x00000b44
E/eglCodecCommon( 5072): glUtilsParamSize: unknow param 0x00000bd0
E/eglCodecCommon( 5072): **** ERROR unknown type 0xc4e2e420 (glSizeof,72)
E/eglCodecCommon( 5072): glUtilsParamSize: unknow param 0x00000b44
E/eglCodecCommon( 5072): glUtilsParamSize: unknow param 0x00000bd0
E/eglCodecCommon( 5072): **** ERROR unknown type 0xc4e2e420 (glSizeof,72)
E/eglCodecCommon( 5072): glUtilsParamSize: unknow param 0x00000b44
E/eglCodecCommon( 5072): glUtilsParamSize: unknow param 0x00000bd0
E/eglCodecCommon( 5072): **** ERROR unknown type 0xc4e2e420 (glSizeof,72)
E/eglCodecCommon( 5072): glUtilsParamSize: unknow param 0x00000b44
E/eglCodecCommon( 5072): glUtilsParamSize: unknow param 0x00000bd0
E/eglCodecCommon( 5072): **** ERROR unknown type 0xc4e2e420 (glSizeof,72)
E/eglCodecCommon( 5072): glUtilsParamSize: unknow param 0x00000b44
E/eglCodecCommon( 5072): glUtilsParamSize: unknow param 0x00000bd0
E/eglCodecCommon( 5072): **** ERROR unknown type 0xc4e2e420 (glSizeof,72)
E/eglCodecCommon( 5072): glUtilsParamSize: unknow param 0x00000b44
E/eglCodecCommon( 5072): glUtilsParamSize: unknow param 0x00000bd0
E/eglCodecCommon( 5072): **** ERROR unknown type 0xc4e2e420 (glSizeof,72)
E/eglCodecCommon( 5072): glUtilsParamSize: unknow param 0x00000b44
E/eglCodecCommon( 5072): glUtilsParamSize: unknow param 0x00000bd0
E/eglCodecCommon( 5072): **** ERROR unknown type 0xc4e2e420 (glSizeof,72)
E/eglCodecCommon( 5072): glUtilsParamSize: unknow param 0x00000b44
E/eglCodecCommon( 5072): glUtilsParamSize: unknow param 0x00000bd0
E/eglCodecCommon( 5072): **** ERROR unknown type 0xc4e2e420 (glSizeof,72)
E/eglCodecCommon( 5072): glUtilsParamSize: unknow param 0x00000b44
E/eglCodecCommon( 5072): glUtilsParamSize: unknow param 0x00000bd0
E/eglCodecCommon( 5072): **** ERROR unknown type 0xc4e2e420 (glSizeof,72)
E/eglCodecCommon( 5072): glUtilsParamSize: unknow param 0x00000b44
E/eglCodecCommon( 5072): glUtilsParamSize: unknow param 0x00000bd0
E/eglCodecCommon( 5072): **** ERROR unknown type 0xc4e2e420 (glSizeof,72)
E/eglCodecCommon( 5072): glUtilsParamSize: unknow param 0x00000b44
E/eglCodecCommon( 5072): glUtilsParamSize: unknow param 0x00000bd0
E/eglCodecCommon( 5072): **** ERROR unknown type 0xc4e2e420 (glSizeof,72)
E/eglCodecCommon( 5072): glUtilsParamSize: unknow param 0x00000b44
E/eglCodecCommon( 5072): glUtilsParamSize: unknow param 0x00000bd0
E/eglCodecCommon( 5072): **** ERROR unknown type 0xc4e2e420 (glSizeof,72)
E/eglCodecCommon( 5072): glUtilsParamSize: unknow param 0x00000b44
E/eglCodecCommon( 5072): glUtilsParamSize: unknow param 0x00000bd0
E/eglCodecCommon( 5072): **** ERROR unknown type 0xc4e2e420 (glSizeof,72)
E/eglCodecCommon( 5072): glUtilsParamSize: unknow param 0x00000b44
E/eglCodecCommon( 5072): glUtilsParamSize: unknow param 0x00000bd0
E/eglCodecCommon( 5072): **** ERROR unknown type 0xc4e2e420 (glSizeof,72)
E/eglCodecCommon( 5072): glUtilsParamSize: unknow param 0x00000b44
E/eglCodecCommon( 5072): glUtilsParamSize: unknow param 0x00000bd0
E/eglCodecCommon( 5072): **** ERROR unknown type 0xc4e2e420 (glSizeof,72)
E/eglCodecCommon( 5072): glUtilsParamSize: unknow param 0x00000b44
E/eglCodecCommon( 5072): glUtilsParamSize: unknow param 0x00000bd0
E/eglCodecCommon( 5072): **** ERROR unknown type 0xc4e2e420 (glSizeof,72)
E/eglCodecCommon( 5072): glUtilsParamSize: unknow param 0x00000b44
E/eglCodecCommon( 5072): glUtilsParamSize: unknow param 0x00000bd0
E/eglCodecCommon( 5072): **** ERROR unknown type 0xc4e2e420 (glSizeof,72)
E/eglCodecCommon( 5072): glUtilsParamSize: unknow param 0x00000b44
E/eglCodecCommon( 5072): glUtilsParamSize: unknow param 0x00000bd0
E/eglCodecCommon( 5072): **** ERROR unknown type 0xc4e2e420 (glSizeof,72)
E/eglCodecCommon( 5072): glUtilsParamSize: unknow param 0x00000b44
E/eglCodecCommon( 5072): glUtilsParamSize: unknow param 0x00000bd0
E/eglCodecCommon( 5072): **** ERROR unknown type 0xc4e2e420 (glSizeof,72)
E/eglCodecCommon( 5072): glUtilsParamSize: unknow param 0x00000b44
E/eglCodecCommon( 5072): glUtilsParamSize: unknow param 0x00000bd0
E/eglCodecCommon( 5072): **** ERROR unknown type 0xc4e2e420 (glSizeof,72)
E/eglCodecCommon( 5072): glUtilsParamSize: unknow param 0x00000b44
E/eglCodecCommon( 5072): glUtilsParamSize: unknow param 0x00000bd0
E/eglCodecCommon( 5072): **** ERROR unknown type 0xc4e2e420 (glSizeof,72)
E/eglCodecCommon( 5072): glUtilsParamSize: unknow param 0x00000b44
E/eglCodecCommon( 5072): glUtilsParamSize: unknow param 0x00000bd0
E/eglCodecCommon( 5072): **** ERROR unknown type 0xc4e2e420 (glSizeof,72)
E/eglCodecCommon( 5072): glUtilsParamSize: unknow param 0x00000b44
E/eglCodecCommon( 5072): glUtilsParamSize: unknow param 0x00000bd0
E/eglCodecCommon( 5072): **** ERROR unknown type 0xc4e2e420 (glSizeof,72)
E/eglCodecCommon( 5072): glUtilsParamSize: unknow param 0x00000b44
E/eglCodecCommon( 5072): glUtilsParamSize: unknow param 0x00000bd0
E/eglCodecCommon( 5072): **** ERROR unknown type 0xc4e2e420 (glSizeof,72)
E/eglCodecCommon( 5072): glUtilsParamSize: unknow param 0x00000b44
E/eglCodecCommon( 5072): glUtilsParamSize: unknow param 0x00000bd0
E/eglCodecCommon( 5072): **** ERROR unknown type 0xc4e2e420 (glSizeof,72)
E/eglCodecCommon( 5072): glUtilsParamSize: unknow param 0x00000b44
E/eglCodecCommon( 5072): glUtilsParamSize: unknow param 0x00000bd0
E/eglCodecCommon( 5072): **** ERROR unknown type 0xc4e2e420 (glSizeof,72)
E/eglCodecCommon( 5072): glUtilsParamSize: unknow param 0x00000b44
E/eglCodecCommon( 5072): glUtilsParamSize: unknow param 0x00000bd0
E/eglCodecCommon( 5072): **** ERROR unknown type 0xc4e2e420 (glSizeof,72)
E/eglCodecCommon( 5072): glUtilsParamSize: unknow param 0x00000b44
E/eglCodecCommon( 5072): glUtilsParamSize: unknow param 0x00000bd0
E/eglCodecCommon( 5072): **** ERROR unknown type 0xc4e2e420 (glSizeof,72)
E/eglCodecCommon( 5072): glUtilsParamSize: unknow param 0x00000b44
E/eglCodecCommon( 5072): glUtilsParamSize: unknow param 0x00000bd0
E/eglCodecCommon( 5072): **** ERROR unknown type 0xc4e2e420 (glSizeof,72)
E/eglCodecCommon( 5072): glUtilsParamSize: unknow param 0x00000b44
E/eglCodecCommon( 5072): glUtilsParamSize: unknow param 0x00000bd0
E/eglCodecCommon( 5072): **** ERROR unknown type 0xc4e2e420 (glSizeof,72)
E/eglCodecCommon( 5072): glUtilsParamSize: unknow param 0x00000b44
E/eglCodecCommon( 5072): glUtilsParamSize: unknow param 0x00000bd0
E/eglCodecCommon( 5072): **** ERROR unknown type 0xc4e2e420 (glSizeof,72)
E/eglCodecCommon( 5072): glUtilsParamSize: unknow param 0x00000b44
E/eglCodecCommon( 5072): glUtilsParamSize: unknow param 0x00000bd0
E/eglCodecCommon( 5072): **** ERROR unknown type 0xc4e2e420 (glSizeof,72)
E/eglCodecCommon( 5072): glUtilsParamSize: unknow param 0x00000b44
E/eglCodecCommon( 5072): glUtilsParamSize: unknow param 0x00000bd0
E/eglCodecCommon( 5072): **** ERROR unknown type 0xc4e2e420 (glSizeof,72)
E/eglCodecCommon( 5072): glUtilsParamSize: unknow param 0x00000b44
E/eglCodecCommon( 5072): glUtilsParamSize: unknow param 0x00000bd0
E/eglCodecCommon( 5072): **** ERROR unknown type 0xc4e2e420 (glSizeof,72)
E/eglCodecCommon( 5072): glUtilsParamSize: unknow param 0x00000b44
E/eglCodecCommon( 5072): glUtilsParamSize: unknow param 0x00000bd0
E/eglCodecCommon( 5072): **** ERROR unknown type 0xc4e2e420 (glSizeof,72)
E/eglCodecCommon( 5072): glUtilsParamSize: unknow param 0x00000b44
E/eglCodecCommon( 5072): glUtilsParamSize: unknow param 0x00000bd0
E/eglCodecCommon( 5072): **** ERROR unknown type 0xc4e2e420 (glSizeof,72)
E/eglCodecCommon( 5072): glUtilsParamSize: unknow param 0x00000b44
E/eglCodecCommon( 5072): glUtilsParamSize: unknow param 0x00000bd0
E/eglCodecCommon( 5072): **** ERROR unknown type 0xc4e2e420 (glSizeof,72)
E/eglCodecCommon( 5072): glUtilsParamSize: unknow param 0x00000b44
E/eglCodecCommon( 5072): glUtilsParamSize: unknow param 0x00000bd0
E/eglCodecCommon( 5072): **** ERROR unknown type 0xc4e2e420 (glSizeof,72)
E/eglCodecCommon( 5072): glUtilsParamSize: unknow param 0x00000b44
E/eglCodecCommon( 5072): glUtilsParamSize: unknow param 0x00000bd0
E/eglCodecCommon( 5072): **** ERROR unknown type 0xc4e2e420 (glSizeof,72)
E/eglCodecCommon( 5072): glUtilsParamSize: unknow param 0x00000b44
E/eglCodecCommon( 5072): glUtilsParamSize: unknow param 0x00000bd0
E/eglCodecCommon( 5072): **** ERROR unknown type 0xc4e2e420 (glSizeof,72)
E/eglCodecCommon( 5072): glUtilsParamSize: unknow param 0x00000b44
E/eglCodecCommon( 5072): glUtilsParamSize: unknow param 0x00000bd0
E/eglCodecCommon( 5072): **** ERROR unknown type 0xc4e2e420 (glSizeof,72)
E/eglCodecCommon( 5072): glUtilsParamSize: unknow param 0x00000b44
E/eglCodecCommon( 5072): glUtilsParamSize: unknow param 0x00000bd0
E/eglCodecCommon( 5072): **** ERROR unknown type 0xc4e2e420 (glSizeof,72)
E/eglCodecCommon( 5072): glUtilsParamSize: unknow param 0x00000b44
E/eglCodecCommon( 5072): glUtilsParamSize: unknow param 0x00000bd0
E/eglCodecCommon( 5072): **** ERROR unknown type 0xc4e2e420 (glSizeof,72)
E/eglCodecCommon( 5072): glUtilsParamSize: unknow param 0x00000b44
E/eglCodecCommon( 5072): glUtilsParamSize: unknow param 0x00000bd0
E/eglCodecCommon( 5072): **** ERROR unknown type 0xc4e2e420 (glSizeof,72)
E/eglCodecCommon( 5072): glUtilsParamSize: unknow param 0x00000b44
E/eglCodecCommon( 5072): glUtilsParamSize: unknow param 0x00000bd0
E/eglCodecCommon( 5072): **** ERROR unknown type 0xc4e2e420 (glSizeof,72)
E/eglCodecCommon( 5072): glUtilsParamSize: unknow param 0x00000b44
E/eglCodecCommon( 5072): glUtilsParamSize: unknow param 0x00000bd0
E/eglCodecCommon( 5072): **** ERROR unknown type 0xc4e2e420 (glSizeof,72)
E/eglCodecCommon( 5072): glUtilsParamSize: unknow param 0x00000b44
E/eglCodecCommon( 5072): glUtilsParamSize: unknow param 0x00000bd0
E/eglCodecCommon( 5072): **** ERROR unknown type 0xc4e2e420 (glSizeof,72)
E/eglCodecCommon( 5072): glUtilsParamSize: unknow param 0x00000b44
E/eglCodecCommon( 5072): glUtilsParamSize: unknow param 0x00000bd0
E/eglCodecCommon( 5072): **** ERROR unknown type 0xc4e2e420 (glSizeof,72)
E/eglCodecCommon( 5072): glUtilsParamSize: unknow param 0x00000b44
