E/EGL_emulation(  920): tid 920: eglCreateSyncKHR(1237): error 0x3004 (EGL_BAD_ATTRIBUTE)
W/EGL_emulation( 3502): eglSurfaceAttrib not implemented
W/OpenGLRenderer( 3502): Failed to set EGL_SWAP_BEHAVIOR on surface 0xa3e94880, error=EGL_SUCCESS
I/art     ( 3185): Background partial concurrent mark sweep GC freed 2715(169KB) AllocSpace objects, 12(5MB) LOS objects, 18% free, 17MB/21MB, paused 2.786ms total 137.564ms
W/OpenGLRenderer( 3502): Incorrectly called buildLayer on View: ShortcutAndWidgetContainer, destroying layer...
I/ActivityManager( 3185): START u0 {act=android.intent.action.MAIN cat=[android.intent.category.LAUNCHER] flg=0x10000000 cmp=com.android.deskclock/.DeskClock (has extras)} from uid 10008 on display 0
W/AudioTrack( 3185): AUDIO_OUTPUT_FLAG_FAST denied by client
V/DeskClock( 3623): Setting home time zone to America/Los_Angeles
D/OpenGLRenderer( 3623): Render dirty regions requested: true
D/        ( 3623): HostConnection::get() New Host Connection established 0xa67d0700, tid 3623
D/Atlas   ( 3623): Validating map...
V/TimerReceiver( 3623): Received intent Intent { act=notif_in_use_cancel flg=0x10 cmp=com.android.deskclock/.timer.TimerReceiver }
D/        ( 3623): HostConnection::get() New Host Connection established 0xa67d09d0, tid 5307
I/OpenGLRenderer( 3623): Initialized EGL, version 1.4
D/OpenGLRenderer( 3623): Enabling debug mode 0
W/EGL_emulation( 3623): eglSurfaceAttrib not implemented
W/OpenGLRenderer( 3623): Failed to set EGL_SWAP_BEHAVIOR on surface 0xa67b77c0, error=EGL_SUCCESS
I/ActivityManager( 3185): Displayed com.android.deskclock/.DeskClock: +644ms
I/ActivityManager( 3185): START u0 {cmp=com.android.deskclock/.worldclock.CitiesActivity} from uid 10022 on display 0
W/AudioTrack( 3185): AUDIO_OUTPUT_FLAG_FAST denied by client
V/TimerReceiver( 3623): Received intent Intent { act=notif_in_use_show flg=0x10 cmp=com.android.deskclock/.timer.TimerReceiver }
W/EGL_emulation( 3623): eglSurfaceAttrib not implemented
W/OpenGLRenderer( 3623): Failed to set EGL_SWAP_BEHAVIOR on surface 0xa4af7ea0, error=EGL_SUCCESS
I/ActivityManager( 3185): Displayed com.android.deskclock/.worldclock.CitiesActivity: +258ms
W/View    ( 3623): requestLayout() improperly called by android.widget.CheckBox{21e5f18e VFED.... ......ID 168,36-264,132 #7f0e002e app:id/city_onoff} during layout: running second layout pass
W/View    ( 3623): requestLayout() improperly called by android.widget.TextView{20554daf V.ED.... ......ID 785,55-966,112 #7f0e0030 app:id/city_time} during layout: running second layout pass
W/View    ( 3623): requestLayout() improperly called by android.widget.CheckBox{65795bc VFED.... ......ID 168,36-264,132 #7f0e002e app:id/city_onoff} during layout: running second layout pass
W/View    ( 3623): requestLayout() improperly called by android.widget.TextView{2e523945 V.ED.... ......ID 785,55-966,112 #7f0e0030 app:id/city_time} during layout: running second layout pass
W/View    ( 3623): requestLayout() improperly called by android.widget.CheckBox{16d3989a VFED.... ......ID 168,36-264,132 #7f0e002e app:id/city_onoff} during layout: running second layout pass
W/View    ( 3623): requestLayout() improperly called by android.widget.TextView{11b315cb V.ED.... ......ID 808,55-966,112 #7f0e0030 app:id/city_time} during layout: running second layout pass
W/View    ( 3623): requestLayout() improperly called by android.widget.CheckBox{3fe651a8 VFED.... ......ID 168,36-264,132 #7f0e002e app:id/city_onoff} during layout: running second layout pass
W/View    ( 3623): requestLayout() improperly called by android.widget.TextView{31e224c1 V.ED.... ......ID 808,55-966,112 #7f0e0030 app:id/city_time} during layout: running second layout pass
W/View    ( 3623): requestLayout() improperly called by android.widget.CheckBox{12c2a466 VFED.... ......ID 168,36-264,132 #7f0e002e app:id/city_onoff} during layout: running second layout pass
W/View    ( 3623): requestLayout() improperly called by android.widget.TextView{17db43a7 V.ED.... ......ID 809,55-966,112 #7f0e0030 app:id/city_time} during layout: running second layout pass
W/View    ( 3623): requestLayout() improperly called by android.widget.CheckBox{3122e054 VFED.... ......ID 168,36-264,132 #7f0e002e app:id/city_onoff} during layout: running second layout pass
W/View    ( 3623): requestLayout() improperly called by android.widget.TextView{212b4bfd V.ED.... ......ID 785,55-966,112 #7f0e0030 app:id/city_time} during layout: running second layout pass
W/View    ( 3623): requestLayout() improperly called by android.widget.CheckBox{1344a0f2 VFED.... ......ID 168,36-264,132 #7f0e002e app:id/city_onoff} during layout: running second layout pass
W/View    ( 3623): requestLayout() improperly called by android.widget.TextView{a6e7343 V.ED.... ......ID 808,55-966,112 #7f0e0030 app:id/city_time} during layout: running second layout pass
W/View    ( 3623): requestLayout() improperly called by android.widget.CheckBox{f7adc0 VFED.... ......ID 168,36-264,132 #7f0e002e app:id/city_onoff} during layout: running second layout pass
W/View    ( 3623): requestLayout() improperly called by android.widget.TextView{2e5aaf9 V.ED.... ......ID 808,55-966,112 #7f0e0030 app:id/city_time} during layout: running second layout pass
W/View    ( 3623): requestLayout() improperly called by android.widget.CheckBox{2b77da3e VFED.... ......ID 168,36-264,132 #7f0e002e app:id/city_onoff} during layout: running second layout pass
W/View    ( 3623): requestLayout() improperly called by android.widget.TextView{107b009f V.ED.... ......ID 784,55-966,112 #7f0e0030 app:id/city_time} during layout: running second layout pass
W/View    ( 3623): requestLayout() improperly called by android.widget.CheckBox{1889e5ec VFED.... ......ID 168,36-264,132 #7f0e002e app:id/city_onoff} during layout: running second layout pass
W/View    ( 3623): requestLayout() improperly called by android.widget.TextView{374cfdb5 V.ED.... ......ID 784,55-966,112 #7f0e0030 app:id/city_time} during layout: running second layout pass
W/AudioTrack( 3185): AUDIO_OUTPUT_FLAG_FAST denied by client
I/ActivityManager( 3185): START u0 {act=android.intent.action.MAIN cat=[android.intent.category.HOME] flg=0x10200000 cmp=com.android.launcher/com.android.launcher2.Launcher} from uid 1000 on display 0
E/EGL_emulation(  920): tid 920: eglCreateSyncKHR(1237): error 0x3004 (EGL_BAD_ATTRIBUTE)
W/EGL_emulation( 3502): eglSurfaceAttrib not implemented
W/OpenGLRenderer( 3502): Failed to set EGL_SWAP_BEHAVIOR on surface 0xa3e94880, error=EGL_SUCCESS
W/InputMethodManagerService( 3185): Starting input on non-focused client com.android.internal.view.IInputMethodClient$Stub$Proxy@372680bc (uid=10022 pid=3623)
W/OpenGLRenderer( 3502): Incorrectly called buildLayer on View: ShortcutAndWidgetContainer, destroying layer...
W/OpenGLRenderer( 3502): Incorrectly called buildLayer on View: ShortcutAndWidgetContainer, destroying layer...
W/OpenGLRenderer( 3502): Incorrectly called buildLayer on View: ShortcutAndWidgetContainer, destroying layer...
W/AudioTrack( 3185): AUDIO_OUTPUT_FLAG_FAST denied by client
I/ActivityManager( 3185): START u0 {act=android.intent.action.MAIN cat=[android.intent.category.HOME] flg=0x10200000 cmp=com.android.launcher/com.android.launcher2.Launcher} from uid 1000 on display 0
W/AudioTrack( 3185): AUDIO_OUTPUT_FLAG_FAST denied by client
W/AudioTrack( 3185): AUDIO_OUTPUT_FLAG_FAST denied by client
I/ActivityManager( 3185): START u0 {act=com.android.systemui.recents.SHOW_RECENTS flg=0x10804000 cmp=com.android.systemui/.recents.RecentsActivity (has extras)} from uid 10013 on display 0
W/EGL_emulation( 3267): eglSurfaceAttrib not implemented
W/OpenGLRenderer( 3267): Failed to set EGL_SWAP_BEHAVIOR on surface 0xa3201540, error=EGL_SUCCESS
I/Choreographer( 3267): Skipped 48 frames!  The application may be doing too much work on its main thread.
W/AudioTrack( 3185): AUDIO_OUTPUT_FLAG_FAST denied by client
I/ActivityManager( 3185): Killing 4876:hello.radek.washington.edu.activityspy/u0a59 (adj 9): remove task
I/WindowState( 3185): WIN DEATH: Window{39eb3908 u0 hello.radek.washington.edu.activityspy/hello.radek.washington.edu.activityspy.MainActivity}
W/libprocessgroup( 3185): failed to open /acct/uid_10059/pid_4876/cgroup.procs: No such file or directory
D/TaskPersister( 3185): removeObsoleteFile: deleting file=13_task.xml
D/TaskPersister( 3185): removeObsoleteFile: deleting file=13_task_thumbnail.png
W/AudioTrack( 3185): AUDIO_OUTPUT_FLAG_FAST denied by client
I/ActivityManager( 3185): START u0 {act=android.intent.action.MAIN cat=[android.intent.category.HOME] flg=0x10200000 cmp=com.android.launcher/com.android.launcher2.Launcher} from uid 10013 on display 0
W/EGL_emulation( 3502): eglSurfaceAttrib not implemented
W/OpenGLRenderer( 3502): Failed to set EGL_SWAP_BEHAVIOR on surface 0xa44d3b80, error=EGL_SUCCESS
W/OpenGLRenderer( 3502): Incorrectly called buildLayer on View: ShortcutAndWidgetContainer, destroying layer...
W/OpenGLRenderer( 3502): Incorrectly called buildLayer on View: ShortcutAndWidgetContainer, destroying layer...
W/OpenGLRenderer( 3502): Incorrectly called buildLayer on View: ShortcutAndWidgetContainer, destroying layer...
W/AudioTrack( 3185): AUDIO_OUTPUT_FLAG_FAST denied by client
I/ActivityManager( 3185): START u0 {act=android.intent.action.MAIN cat=[android.intent.category.LAUNCHER] flg=0x10000000 cmp=hello.radek.washington.edu.activityspy/.MainActivity (has extras)} from uid 10008 on display 0
W/AudioTrack( 3185): AUDIO_OUTPUT_FLAG_FAST denied by client
I/art     ( 5328): Not late-enabling -Xcheck:jni (already on)
I/ActivityManager( 3185): Start proc hello.radek.washington.edu.activityspy for activity hello.radek.washington.edu.activityspy/.MainActivity: pid=5328 uid=10059 gids={50059, 9997} abi=x86
I/MainActivity( 5328): onCreate event fired
I/MainActivity( 5328): onStart event fired
I/MainActivity( 5328): onResume event fired
D/OpenGLRenderer( 5328): Render dirty regions requested: true
D/        ( 5328): HostConnection::get() New Host Connection established 0xa6c71af0, tid 5328
D/Atlas   ( 5328): Validating map...
D/        ( 5328): HostConnection::get() New Host Connection established 0xa6c71ee0, tid 5344
I/OpenGLRenderer( 5328): Initialized EGL, version 1.4
D/OpenGLRenderer( 5328): Enabling debug mode 0
W/EGL_emulation( 5328): eglSurfaceAttrib not implemented
W/OpenGLRenderer( 5328): Failed to set EGL_SWAP_BEHAVIOR on surface 0xa6c4e320, error=EGL_SUCCESS
I/ActivityManager( 3185): Displayed hello.radek.washington.edu.activityspy/.MainActivity: +460ms
W/AudioTrack( 3185): AUDIO_OUTPUT_FLAG_FAST denied by client
I/ActivityManager( 3185): START u0 {act=android.intent.action.MAIN cat=[android.intent.category.HOME] flg=0x10200000 cmp=com.android.launcher/com.android.launcher2.Launcher} from uid 1000 on display 0
E/EGL_emulation(  920): tid 920: eglCreateSyncKHR(1237): error 0x3004 (EGL_BAD_ATTRIBUTE)
I/MainActivity( 5328): onPause event fired
I/ActivityManager( 3185): Killing 4520:com.android.sharedstoragebackup/u0a12 (adj 15): empty for 1800s
I/MainActivity( 5328): onStop event fired
W/libprocessgroup( 3185): failed to open /acct/uid_10012/pid_4520/cgroup.procs: No such file or directory
W/EGL_emulation( 3502): eglSurfaceAttrib not implemented
W/OpenGLRenderer( 3502): Failed to set EGL_SWAP_BEHAVIOR on surface 0xa44d3b80, error=EGL_SUCCESS
I/art     ( 3185): Background partial concurrent mark sweep GC freed 2535(130KB) AllocSpace objects, 4(5MB) LOS objects, 18% free, 17MB/21MB, paused 6.232ms total 85.812ms
W/InputMethodManagerService( 3185): Starting input on non-focused client com.android.internal.view.IInputMethodClient$Stub$Proxy@64c5623 (uid=10059 pid=5328)
W/SurfaceFlinger(  920): couldn't log to binary event log: overflow.
W/OpenGLRenderer( 3502): Incorrectly called buildLayer on View: ShortcutAndWidgetContainer, destroying layer...
W/OpenGLRenderer( 3502): Incorrectly called buildLayer on View: ShortcutAndWidgetContainer, destroying layer...
W/OpenGLRenderer( 3502): Incorrectly called buildLayer on View: ShortcutAndWidgetContainer, destroying layer...
W/AudioTrack( 3185): AUDIO_OUTPUT_FLAG_FAST denied by client
I/ActivityManager( 3185): START u0 {act=com.android.systemui.recents.SHOW_RECENTS flg=0x10804000 cmp=com.android.systemui/.recents.RecentsActivity (has extras)} from uid 10013 on display 0
W/ResourceType( 3267): No package identifier when getting value for resource number 0x00000000
W/PackageManager( 3267): Failure retrieving resources for hello.radek.washington.edu.activityspy: Resource ID #0x0
W/EGL_emulation( 3267): eglSurfaceAttrib not implemented
W/OpenGLRenderer( 3267): Failed to set EGL_SWAP_BEHAVIOR on surface 0xa56e6de0, error=EGL_SUCCESS
I/Choreographer( 3267): Skipped 46 frames!  The application may be doing too much work on its main thread.
W/AudioTrack( 3185): AUDIO_OUTPUT_FLAG_FAST denied by client
I/ActivityManager( 3185): Killing 5328:hello.radek.washington.edu.activityspy/u0a59 (adj 9): remove task
I/WindowState( 3185): WIN DEATH: Window{26690d1c u0 hello.radek.washington.edu.activityspy/hello.radek.washington.edu.activityspy.MainActivity}
W/libprocessgroup( 3185): failed to open /acct/uid_10059/pid_5328/cgroup.procs: No such file or directory
D/TaskPersister( 3185): removeObsoleteFile: deleting file=22_task.xml
D/TaskPersister( 3185): removeObsoleteFile: deleting file=22_task_thumbnail.png
W/AudioTrack( 3185): AUDIO_OUTPUT_FLAG_FAST denied by client
I/ActivityManager( 3185): START u0 {act=android.intent.action.MAIN cat=[android.intent.category.HOME] flg=0x10200000 cmp=com.android.launcher/com.android.launcher2.Launcher} from uid 10013 on display 0
W/EGL_emulation( 3502): eglSurfaceAttrib not implemented
W/OpenGLRenderer( 3502): Failed to set EGL_SWAP_BEHAVIOR on surface 0xa44d3d60, error=EGL_SUCCESS
W/OpenGLRenderer( 3502): Incorrectly called buildLayer on View: ShortcutAndWidgetContainer, destroying layer...
W/OpenGLRenderer( 3502): Incorrectly called buildLayer on View: ShortcutAndWidgetContainer, destroying layer...
W/OpenGLRenderer( 3502): Incorrectly called buildLayer on View: ShortcutAndWidgetContainer, destroying layer...
W/AudioTrack( 3185): AUDIO_OUTPUT_FLAG_FAST denied by client
I/ActivityManager( 3185): START u0 {act=android.intent.action.MAIN cat=[android.intent.category.LAUNCHER] flg=0x10000000 cmp=hello.radek.washington.edu.activityspy/.MainActivity (has extras)} from uid 10008 on display 0
W/AudioTrack( 3185): AUDIO_OUTPUT_FLAG_FAST denied by client
I/art     ( 5357): Not late-enabling -Xcheck:jni (already on)
I/ActivityManager( 3185): Start proc hello.radek.washington.edu.activityspy for activity hello.radek.washington.edu.activityspy/.MainActivity: pid=5357 uid=10059 gids={50059, 9997} abi=x86
I/MainActivity( 5357): onCreate event fired
I/MainActivity( 5357): onStart event fired
I/MainActivity( 5357): onResume event fired
D/OpenGLRenderer( 5357): Render dirty regions requested: true
D/        ( 5357): HostConnection::get() New Host Connection established 0xa6d484e0, tid 5357
D/Atlas   ( 5357): Validating map...
D/        ( 5357): HostConnection::get() New Host Connection established 0xa6d48830, tid 5372
I/OpenGLRenderer( 5357): Initialized EGL, version 1.4
D/OpenGLRenderer( 5357): Enabling debug mode 0
W/EGL_emulation( 5357): eglSurfaceAttrib not implemented
W/OpenGLRenderer( 5357): Failed to set EGL_SWAP_BEHAVIOR on surface 0xae1fc380, error=EGL_SUCCESS
I/ActivityManager( 3185): Displayed hello.radek.washington.edu.activityspy/.MainActivity: +516ms
W/AudioTrack( 3185): AUDIO_OUTPUT_FLAG_FAST denied by client
W/ResourceType( 3267): No package identifier when getting value for resource number 0x00000000
W/PackageManager( 3267): Failure retrieving resources for hello.radek.washington.edu.activityspy: Resource ID #0x0
I/ActivityManager( 3185): START u0 {act=com.android.systemui.recents.SHOW_RECENTS flg=0x10804000 cmp=com.android.systemui/.recents.RecentsActivity (has extras)} from uid 10013 on display 0
D/        ( 3185): HostConnection::get() New Host Connection established 0xa54a8820, tid 3453
E/EGL_emulation(  920): tid 920: eglCreateSyncKHR(1237): error 0x3004 (EGL_BAD_ATTRIBUTE)
I/MainActivity( 5357): onPause event fired
I/MainActivity( 5357): onStop event fired
W/ResourceType( 3267): No package identifier when getting value for resource number 0x00000000
W/PackageManager( 3267): Failure retrieving resources for hello.radek.washington.edu.activityspy: Resource ID #0x0
W/EGL_emulation( 3267): eglSurfaceAttrib not implemented
W/OpenGLRenderer( 3267): Failed to set EGL_SWAP_BEHAVIOR on surface 0xa3171c40, error=EGL_SUCCESS
W/SurfaceFlinger(  920): couldn't log to binary event log: overflow.
W/AudioTrack( 3185): AUDIO_OUTPUT_FLAG_FAST denied by client
I/ActivityManager( 3185): Killing 5357:hello.radek.washington.edu.activityspy/u0a59 (adj 9): remove task
I/WindowState( 3185): WIN DEATH: Window{3627f981 u0 hello.radek.washington.edu.activityspy/hello.radek.washington.edu.activityspy.MainActivity}
W/libprocessgroup( 3185): failed to open /acct/uid_10059/pid_5357/cgroup.procs: No such file or directory
D/TaskPersister( 3185): removeObsoleteFile: deleting file=23_task.xml
D/TaskPersister( 3185): removeObsoleteFile: deleting file=23_task_thumbnail.png
W/AudioTrack( 3185): AUDIO_OUTPUT_FLAG_FAST denied by client
I/ActivityManager( 3185): START u0 {act=android.intent.action.MAIN cat=[android.intent.category.HOME] flg=0x10200000 cmp=com.android.launcher/com.android.launcher2.Launcher} from uid 10013 on display 0
W/EGL_emulation( 3502): eglSurfaceAttrib not implemented
W/OpenGLRenderer( 3502): Failed to set EGL_SWAP_BEHAVIOR on surface 0xa3e09220, error=EGL_SUCCESS
W/OpenGLRenderer( 3502): Incorrectly called buildLayer on View: ShortcutAndWidgetContainer, destroying layer...
W/OpenGLRenderer( 3502): Incorrectly called buildLayer on View: ShortcutAndWidgetContainer, destroying layer...
W/OpenGLRenderer( 3502): Incorrectly called buildLayer on View: ShortcutAndWidgetContainer, destroying layer...
W/AudioTrack( 3185): AUDIO_OUTPUT_FLAG_FAST denied by client
I/ActivityManager( 3185): START u0 {act=android.intent.action.MAIN cat=[android.intent.category.LAUNCHER] flg=0x10000000 cmp=com.android.mms/.ui.ConversationList (has extras)} from uid 10008 on display 0
W/AudioTrack( 3185): AUDIO_OUTPUT_FLAG_FAST denied by client
D/Mms     ( 4979): cancelNotification
W/EGL_emulation( 4979): eglSurfaceAttrib not implemented
W/OpenGLRenderer( 4979): Failed to set EGL_SWAP_BEHAVIOR on surface 0xa69824a0, error=EGL_SUCCESS
D/Mms     ( 4979): cancelNotification
D/Mms     ( 4979): cancelNotification
D/Mms     ( 4979): [1] mDeleteObsoleteThreadsRunnable calling asyncDeleteObsoleteThreads
W/InputMethodManagerService( 3185): Starting input on non-focused client com.android.internal.view.IInputMethodClient$Stub$Proxy@347f122c (uid=10008 pid=3502)
D/Mms     ( 4979): cancelNotification
D/Mms     ( 4979): [1] onQueryComplete finished DELETE_OBSOLETE_THREADS_TOKEN
W/AudioTrack( 3185): AUDIO_OUTPUT_FLAG_FAST denied by client
I/ActivityManager( 3185): START u0 {act=android.intent.action.MAIN cat=[android.intent.category.HOME] flg=0x10200000 cmp=com.android.launcher/com.android.launcher2.Launcher} from uid 1000 on display 0
E/EGL_emulation(  920): tid 920: eglCreateSyncKHR(1237): error 0x3004 (EGL_BAD_ATTRIBUTE)
W/EGL_emulation( 3502): eglSurfaceAttrib not implemented
W/OpenGLRenderer( 3502): Failed to set EGL_SWAP_BEHAVIOR on surface 0xa3e09220, error=EGL_SUCCESS
I/art     ( 3185): Background partial concurrent mark sweep GC freed 4183(191KB) AllocSpace objects, 7(4MB) LOS objects, 18% free, 17MB/21MB, paused 1.835ms total 122.131ms
W/OpenGLRenderer( 3502): Incorrectly called buildLayer on View: ShortcutAndWidgetContainer, destroying layer...
W/OpenGLRenderer( 3502): Incorrectly called buildLayer on View: ShortcutAndWidgetContainer, destroying layer...
W/OpenGLRenderer( 3502): Incorrectly called buildLayer on View: ShortcutAndWidgetContainer, destroying layer...
W/AudioTrack( 3185): AUDIO_OUTPUT_FLAG_FAST denied by client
I/ActivityManager( 3185): START u0 {act=com.android.systemui.recents.SHOW_RECENTS flg=0x10804000 cmp=com.android.systemui/.recents.RecentsActivity (has extras)} from uid 10013 on display 0
W/EGL_emulation( 3267): eglSurfaceAttrib not implemented
W/OpenGLRenderer( 3267): Failed to set EGL_SWAP_BEHAVIOR on surface 0xb0b10660, error=EGL_SUCCESS
W/ResourceType( 3267): No package identifier when getting value for resource number 0x00000000
W/PackageManager( 3267): Failure retrieving resources for com.android.mms: Resource ID #0x0
I/InputDispatcher( 3185): Window 'Window{2a3343c0 u0 NavigationBar}' spent 3289.3ms processing the last input event: MotionEvent(deviceId=0, source=0x00001002, action=0, flags=0x00000000, metaState=0x00000000, buttonState=0x00000000, edgeFlags=0x00000000, xPrecision=1.0, yPrecision=1.0, displayId=0, pointers=[0: (547.0, 1681.0)]), policyFlags=0x62000000
I/InputDispatcher( 3185): Window 'Window{299cfe9a u0 StatusBar}' spent 3289.6ms processing the last input event: MotionEvent(deviceId=0, source=0x00001002, action=0, flags=0x00000000, metaState=0x00000000, buttonState=0x00000000, edgeFlags=0x00000000, xPrecision=1.0, yPrecision=1.0, displayId=0, pointers=[0: (547.0, 1681.0)]), policyFlags=0x62000000
I/InputDispatcher( 3185): Window 'Window{1dc7ca25 u0 com.android.systemui/com.android.systemui.recents.RecentsActivity}' spent 3289.8ms processing the last input event: MotionEvent(deviceId=0, source=0x00001002, action=0, flags=0x00000000, metaState=0x00000000, buttonState=0x00000000, edgeFlags=0x00000000, xPrecision=1.0, yPrecision=1.0, displayId=0, pointers=[0: (547.0, 1681.0)]), policyFlags=0x62000000
I/InputDispatcher( 3185): Window 'Window{1dc7ca25 u0 com.android.systemui/com.android.systemui.recents.RecentsActivity}' spent 3273.6ms processing the last input event: MotionEvent(deviceId=0, source=0x00001002, action=1, flags=0x00000000, metaState=0x00000000, buttonState=0x00000000, edgeFlags=0x00000000, xPrecision=1.0, yPrecision=1.0, displayId=0, pointers=[0: (547.0, 1681.0)]), policyFlags=0x62000000
I/Choreographer( 3267): Skipped 298 frames!  The application may be doing too much work on its main thread.
W/AudioTrack( 3185): AUDIO_OUTPUT_FLAG_FAST denied by client
I/ActivityManager( 3185): START u0 {act=android.intent.action.MAIN cat=[android.intent.category.HOME] flg=0x10200000 cmp=com.android.launcher/com.android.launcher2.Launcher} from uid 10013 on display 0
W/EGL_emulation( 3502): eglSurfaceAttrib not implemented
W/OpenGLRenderer( 3502): Failed to set EGL_SWAP_BEHAVIOR on surface 0xa45b9980, error=EGL_SUCCESS
W/OpenGLRenderer( 3502): Incorrectly called buildLayer on View: ShortcutAndWidgetContainer, destroying layer...
W/OpenGLRenderer( 3502): Incorrectly called buildLayer on View: ShortcutAndWidgetContainer, destroying layer...
W/OpenGLRenderer( 3502): Incorrectly called buildLayer on View: ShortcutAndWidgetContainer, destroying layer...
W/AudioTrack( 3185): AUDIO_OUTPUT_FLAG_FAST denied by client
I/ActivityManager( 3185): START u0 {act=android.intent.action.MAIN cat=[android.intent.category.LAUNCHER] flg=0x10000000 cmp=hello.radek.washington.edu.activityspy/.MainActivity (has extras)} from uid 10008 on display 0
W/AudioTrack( 3185): AUDIO_OUTPUT_FLAG_FAST denied by client
I/ActivityManager( 3185): Start proc hello.radek.washington.edu.activityspy for activity hello.radek.washington.edu.activityspy/.MainActivity: pid=5396 uid=10059 gids={50059, 9997} abi=x86
I/art     ( 5396): Not late-enabling -Xcheck:jni (already on)
I/MainActivity( 5396): onCreate event fired
I/MainActivity( 5396): onStart event fired
I/MainActivity( 5396): onResume event fired
D/OpenGLRenderer( 5396): Render dirty regions requested: true
D/        ( 5396): HostConnection::get() New Host Connection established 0xa68514f0, tid 5396
D/Atlas   ( 5396): Validating map...
D/        ( 5396): HostConnection::get() New Host Connection established 0xa6851790, tid 5411
I/OpenGLRenderer( 5396): Initialized EGL, version 1.4
D/OpenGLRenderer( 5396): Enabling debug mode 0
W/EGL_emulation( 5396): eglSurfaceAttrib not implemented
W/OpenGLRenderer( 5396): Failed to set EGL_SWAP_BEHAVIOR on surface 0xae1f8440, error=EGL_SUCCESS
I/ActivityManager( 3185): Displayed hello.radek.washington.edu.activityspy/.MainActivity: +516ms
W/AudioTrack( 3185): AUDIO_OUTPUT_FLAG_FAST denied by client
W/ResourceType( 3267): No package identifier when getting value for resource number 0x00000000
W/PackageManager( 3267): Failure retrieving resources for hello.radek.washington.edu.activityspy: Resource ID #0x0
I/ActivityManager( 3185): START u0 {act=com.android.systemui.recents.SHOW_RECENTS flg=0x10804000 cmp=com.android.systemui/.recents.RecentsActivity (has extras)} from uid 10013 on display 0
D/        ( 3185): HostConnection::get() New Host Connection established 0x9e08ffd0, tid 3525
E/EGL_emulation(  920): tid 920: eglCreateSyncKHR(1237): error 0x3004 (EGL_BAD_ATTRIBUTE)
I/MainActivity( 5396): onPause event fired
I/MainActivity( 5396): onStop event fired
W/ResourceType( 3267): No package identifier when getting value for resource number 0x00000000
W/PackageManager( 3267): Failure retrieving resources for hello.radek.washington.edu.activityspy: Resource ID #0x0
W/EGL_emulation( 3267): eglSurfaceAttrib not implemented
W/OpenGLRenderer( 3267): Failed to set EGL_SWAP_BEHAVIOR on surface 0xa2649640, error=EGL_SUCCESS
W/SurfaceFlinger(  920): couldn't log to binary event log: overflow.
W/AudioTrack( 3185): AUDIO_OUTPUT_FLAG_FAST denied by client
I/ActivityManager( 3185): Killing 5396:hello.radek.washington.edu.activityspy/u0a59 (adj 9): remove task
W/InputDispatcher( 3185): channel '166bbef8 hello.radek.washington.edu.activityspy/hello.radek.washington.edu.activityspy.MainActivity (server)' ~ Consumer closed input channel or an error occurred.  events=0x9
I/WindowState( 3185): WIN DEATH: Window{166bbef8 u0 hello.radek.washington.edu.activityspy/hello.radek.washington.edu.activityspy.MainActivity}
E/InputDispatcher( 3185): channel '166bbef8 hello.radek.washington.edu.activityspy/hello.radek.washington.edu.activityspy.MainActivity (server)' ~ Channel is unrecoverably broken and will be disposed!
W/InputDispatcher( 3185): Attempted to unregister already unregistered input channel '166bbef8 hello.radek.washington.edu.activityspy/hello.radek.washington.edu.activityspy.MainActivity (server)'
W/libprocessgroup( 3185): failed to open /acct/uid_10059/pid_5396/cgroup.procs: No such file or directory
D/TaskPersister( 3185): removeObsoleteFile: deleting file=24_task.xml
D/TaskPersister( 3185): removeObsoleteFile: deleting file=24_task_thumbnail.png
W/AudioTrack( 3185): AUDIO_OUTPUT_FLAG_FAST denied by client
I/ActivityManager( 3185): START u0 {act=android.intent.action.MAIN cat=[android.intent.category.HOME] flg=0x10200000 cmp=com.android.launcher/com.android.launcher2.Launcher} from uid 10013 on display 0
W/EGL_emulation( 3502): eglSurfaceAttrib not implemented
W/OpenGLRenderer( 3502): Failed to set EGL_SWAP_BEHAVIOR on surface 0xa57917e0, error=EGL_SUCCESS
W/OpenGLRenderer( 3502): Incorrectly called buildLayer on View: ShortcutAndWidgetContainer, destroying layer...
W/OpenGLRenderer( 3502): Incorrectly called buildLayer on View: ShortcutAndWidgetContainer, destroying layer...
W/OpenGLRenderer( 3502): Incorrectly called buildLayer on View: ShortcutAndWidgetContainer, destroying layer...
W/AudioTrack( 3185): AUDIO_OUTPUT_FLAG_FAST denied by client
W/AudioTrack( 3185): AUDIO_OUTPUT_FLAG_FAST denied by client
I/ActivityManager( 3185): START u0 {act=android.intent.action.MAIN cat=[android.intent.category.LAUNCHER] flg=0x10000000 cmp=hello.radek.washington.edu.hello/.MainActivity (has extras)} from uid 10008 on display 0
I/art     ( 5422): Not late-enabling -Xcheck:jni (already on)
I/ActivityManager( 3185): Start proc hello.radek.washington.edu.hello for activity hello.radek.washington.edu.hello/.MainActivity: pid=5422 uid=10058 gids={50058, 9997} abi=x86
D/OpenGLRenderer( 5422): Render dirty regions requested: true
D/        ( 5422): HostConnection::get() New Host Connection established 0xa6d4f4a0, tid 5422
D/Atlas   ( 5422): Validating map...
D/        ( 5422): HostConnection::get() New Host Connection established 0xa6d4f6f0, tid 5437
I/OpenGLRenderer( 5422): Initialized EGL, version 1.4
D/OpenGLRenderer( 5422): Enabling debug mode 0
W/EGL_emulation( 5422): eglSurfaceAttrib not implemented
W/OpenGLRenderer( 5422): Failed to set EGL_SWAP_BEHAVIOR on surface 0xa6d032c0, error=EGL_SUCCESS
I/ActivityManager( 3185): Displayed hello.radek.washington.edu.hello/.MainActivity: +628ms
I/ActivityManager( 3185): START u0 {act=android.intent.action.MAIN cat=[android.intent.category.HOME] flg=0x10200000 cmp=com.android.launcher/com.android.launcher2.Launcher} from uid 1000 on display 0
E/EGL_emulation(  920): tid 920: eglCreateSyncKHR(1237): error 0x3004 (EGL_BAD_ATTRIBUTE)
W/AudioTrack( 3185): AUDIO_OUTPUT_FLAG_FAST denied by client
W/EGL_emulation( 3502): eglSurfaceAttrib not implemented
W/OpenGLRenderer( 3502): Failed to set EGL_SWAP_BEHAVIOR on surface 0xa57917e0, error=EGL_SUCCESS
W/OpenGLRenderer( 3502): Incorrectly called buildLayer on View: ShortcutAndWidgetContainer, destroying layer...
W/OpenGLRenderer( 3502): Incorrectly called buildLayer on View: ShortcutAndWidgetContainer, destroying layer...
W/OpenGLRenderer( 3502): Incorrectly called buildLayer on View: ShortcutAndWidgetContainer, destroying layer...
V/DeadZone( 3267): consuming errant click: (854.0,34.0)
W/AudioTrack( 3185): AUDIO_OUTPUT_FLAG_FAST denied by client
I/ActivityManager( 3185): START u0 {act=android.intent.action.MAIN cat=[android.intent.category.LAUNCHER] flg=0x10000000 cmp=hello.radek.washington.edu.activityspy/.MainActivity (has extras)} from uid 10008 on display 0
W/AudioTrack( 3185): AUDIO_OUTPUT_FLAG_FAST denied by client
I/art     ( 5444): Not late-enabling -Xcheck:jni (already on)
I/ActivityManager( 3185): Start proc hello.radek.washington.edu.activityspy for activity hello.radek.washington.edu.activityspy/.MainActivity: pid=5444 uid=10059 gids={50059, 9997} abi=x86
I/MainActivity( 5444): onCreate event fired
I/MainActivity( 5444): onStart event fired
I/MainActivity( 5444): onResume event fired
D/OpenGLRenderer( 5444): Render dirty regions requested: true
D/        ( 5444): HostConnection::get() New Host Connection established 0xa6d564e0, tid 5444
D/Atlas   ( 5444): Validating map...
D/        ( 5444): HostConnection::get() New Host Connection established 0xa6d56650, tid 5459
I/OpenGLRenderer( 5444): Initialized EGL, version 1.4
D/OpenGLRenderer( 5444): Enabling debug mode 0
W/EGL_emulation( 5444): eglSurfaceAttrib not implemented
W/OpenGLRenderer( 5444): Failed to set EGL_SWAP_BEHAVIOR on surface 0xa6d02380, error=EGL_SUCCESS
I/ActivityManager( 3185): Displayed hello.radek.washington.edu.activityspy/.MainActivity: +455ms
W/AudioTrack( 3185): AUDIO_OUTPUT_FLAG_FAST denied by client
I/ActivityManager( 3185): START u0 {act=android.intent.action.MAIN cat=[android.intent.category.HOME] flg=0x10200000 cmp=com.android.launcher/com.android.launcher2.Launcher} from uid 1000 on display 0
E/EGL_emulation(  920): tid 920: eglCreateSyncKHR(1237): error 0x3004 (EGL_BAD_ATTRIBUTE)
I/MainActivity( 5444): onPause event fired
W/EGL_emulation( 3502): eglSurfaceAttrib not implemented
W/OpenGLRenderer( 3502): Failed to set EGL_SWAP_BEHAVIOR on surface 0xa57917e0, error=EGL_SUCCESS
I/art     ( 3185): Background partial concurrent mark sweep GC freed 2828(139KB) AllocSpace objects, 4(4MB) LOS objects, 18% free, 17MB/21MB, paused 5.026ms total 61.134ms
I/MainActivity( 5444): onStop event fired
W/SurfaceFlinger(  920): couldn't log to binary event log: overflow.
W/OpenGLRenderer( 3502): Incorrectly called buildLayer on View: ShortcutAndWidgetContainer, destroying layer...
W/OpenGLRenderer( 3502): Incorrectly called buildLayer on View: ShortcutAndWidgetContainer, destroying layer...
W/OpenGLRenderer( 3502): Incorrectly called buildLayer on View: ShortcutAndWidgetContainer, destroying layer...
W/AudioTrack( 3185): AUDIO_OUTPUT_FLAG_FAST denied by client
I/ActivityManager( 3185): START u0 {act=com.android.systemui.recents.SHOW_RECENTS flg=0x10804000 cmp=com.android.systemui/.recents.RecentsActivity (has extras)} from uid 10013 on display 0
W/EGL_emulation( 3267): eglSurfaceAttrib not implemented
W/OpenGLRenderer( 3267): Failed to set EGL_SWAP_BEHAVIOR on surface 0xa32758e0, error=EGL_SUCCESS
W/ResourceType( 3267): No package identifier when getting value for resource number 0x00000000
W/PackageManager( 3267): Failure retrieving resources for hello.radek.washington.edu.hello: Resource ID #0x0
W/ResourceType( 3267): No package identifier when getting value for resource number 0x00000000
W/PackageManager( 3267): Failure retrieving resources for hello.radek.washington.edu.activityspy: Resource ID #0x0
W/InputMethodManagerService( 3185): Starting input on non-focused client com.android.internal.view.IInputMethodClient$Stub$Proxy@347f122c (uid=10008 pid=3502)
W/AudioTrack( 3185): AUDIO_OUTPUT_FLAG_FAST denied by client
I/ActivityManager( 3185): Killing 5444:hello.radek.washington.edu.activityspy/u0a59 (adj 9): remove task
W/InputDispatcher( 3185): channel '20367c7a hello.radek.washington.edu.activityspy/hello.radek.washington.edu.activityspy.MainActivity (server)' ~ Consumer closed input channel or an error occurred.  events=0x9
E/InputDispatcher( 3185): channel '20367c7a hello.radek.washington.edu.activityspy/hello.radek.washington.edu.activityspy.MainActivity (server)' ~ Channel is unrecoverably broken and will be disposed!
I/WindowState( 3185): WIN DEATH: Window{20367c7a u0 hello.radek.washington.edu.activityspy/hello.radek.washington.edu.activityspy.MainActivity}
W/InputDispatcher( 3185): Attempted to unregister already unregistered input channel '20367c7a hello.radek.washington.edu.activityspy/hello.radek.washington.edu.activityspy.MainActivity (server)'
W/libprocessgroup( 3185): failed to open /acct/uid_10059/pid_5444/cgroup.procs: No such file or directory
D/TaskPersister( 3185): removeObsoleteFile: deleting file=26_task.xml
D/TaskPersister( 3185): removeObsoleteFile: deleting file=26_task_thumbnail.png
W/AudioTrack( 3185): AUDIO_OUTPUT_FLAG_FAST denied by client
I/ActivityManager( 3185): START u0 {act=android.intent.action.MAIN cat=[android.intent.category.HOME] flg=0x10200000 cmp=com.android.launcher/com.android.launcher2.Launcher} from uid 10013 on display 0
W/EGL_emulation( 3502): eglSurfaceAttrib not implemented
W/OpenGLRenderer( 3502): Failed to set EGL_SWAP_BEHAVIOR on surface 0xa3e7bfe0, error=EGL_SUCCESS
W/OpenGLRenderer( 3502): Incorrectly called buildLayer on View: ShortcutAndWidgetContainer, destroying layer...
W/OpenGLRenderer( 3502): Incorrectly called buildLayer on View: ShortcutAndWidgetContainer, destroying layer...
W/OpenGLRenderer( 3502): Incorrectly called buildLayer on View: ShortcutAndWidgetContainer, destroying layer...
I/ActivityManager( 3185): Killing 3783:com.android.keychain/1000 (adj 13): empty for 1808s
W/libprocessgroup( 3185): failed to open /acct/uid_1000/pid_3783/cgroup.procs: No such file or directory
W/AudioTrack( 3185): AUDIO_OUTPUT_FLAG_FAST denied by client
I/ActivityManager( 3185): START u0 {act=android.intent.action.MAIN cat=[android.intent.category.HOME] flg=0x10200000 cmp=com.android.launcher/com.android.launcher2.Launcher} from uid 1000 on display 0
W/AudioTrack( 3185): AUDIO_OUTPUT_FLAG_FAST denied by client
W/AudioTrack( 3185): AUDIO_OUTPUT_FLAG_FAST denied by client
I/ActivityManager( 3185): START u0 {act=android.intent.action.MAIN cat=[android.intent.category.LAUNCHER] flg=0x10000000 cmp=hello.radek.washington.edu.activityspy/.MainActivity (has extras)} from uid 10008 on display 0
I/art     ( 2964): Background concurrent mark sweep GC freed 784(33KB) AllocSpace objects, 0(0B) LOS objects, 90% free, 111KB/1135KB, paused 10.705ms total 19.397ms
I/art     ( 5474): Not late-enabling -Xcheck:jni (already on)
I/ActivityManager( 3185): Start proc hello.radek.washington.edu.activityspy for activity hello.radek.washington.edu.activityspy/.MainActivity: pid=5474 uid=10059 gids={50059, 9997} abi=x86
I/MainActivity( 5474): onCreate event fired
I/MainActivity( 5474): onStart event fired
I/MainActivity( 5474): onResume event fired
D/OpenGLRenderer( 5474): Render dirty regions requested: true
D/        ( 5474): HostConnection::get() New Host Connection established 0xa6d574e0, tid 5474
D/Atlas   ( 5474): Validating map...
D/        ( 5474): HostConnection::get() New Host Connection established 0xa6d575b0, tid 5489
I/OpenGLRenderer( 5474): Initialized EGL, version 1.4
D/OpenGLRenderer( 5474): Enabling debug mode 0
W/EGL_emulation( 5474): eglSurfaceAttrib not implemented
W/OpenGLRenderer( 5474): Failed to set EGL_SWAP_BEHAVIOR on surface 0xa6d2fda0, error=EGL_SUCCESS
I/ActivityManager( 3185): Displayed hello.radek.washington.edu.activityspy/.MainActivity: +463ms
W/AudioTrack( 3185): AUDIO_OUTPUT_FLAG_FAST denied by client
W/ResourceType( 3267): No package identifier when getting value for resource number 0x00000000
W/PackageManager( 3267): Failure retrieving resources for hello.radek.washington.edu.activityspy: Resource ID #0x0
I/ActivityManager( 3185): START u0 {act=com.android.systemui.recents.SHOW_RECENTS flg=0x10804000 cmp=com.android.systemui/.recents.RecentsActivity (has extras)} from uid 10013 on display 0
E/EGL_emulation(  920): tid 920: eglCreateSyncKHR(1237): error 0x3004 (EGL_BAD_ATTRIBUTE)
I/MainActivity( 5474): onPause event fired
I/MainActivity( 5474): onStop event fired
W/ResourceType( 3267): No package identifier when getting value for resource number 0x00000000
W/PackageManager( 3267): Failure retrieving resources for hello.radek.washington.edu.activityspy: Resource ID #0x0
W/EGL_emulation( 3267): eglSurfaceAttrib not implemented
W/OpenGLRenderer( 3267): Failed to set EGL_SWAP_BEHAVIOR on surface 0xa566f720, error=EGL_SUCCESS
W/SurfaceFlinger(  920): couldn't log to binary event log: overflow.
W/AudioTrack( 3185): AUDIO_OUTPUT_FLAG_FAST denied by client
I/ActivityManager( 3185): Killing 4607:com.android.documentsui/u0a25 (adj 13): empty for 1954s
I/ActivityManager( 3185): Killing 5474:hello.radek.washington.edu.activityspy/u0a59 (adj 9): remove task
I/WindowState( 3185): WIN DEATH: Window{2d4fffa6 u0 hello.radek.washington.edu.activityspy/hello.radek.washington.edu.activityspy.MainActivity}
W/libprocessgroup( 3185): failed to open /acct/uid_10025/pid_4607/cgroup.procs: No such file or directory
W/libprocessgroup( 3185): failed to open /acct/uid_10059/pid_5474/cgroup.procs: No such file or directory
D/TaskPersister( 3185): removeObsoleteFile: deleting file=27_task.xml
D/TaskPersister( 3185): removeObsoleteFile: deleting file=27_task_thumbnail.png
W/AudioTrack( 3185): AUDIO_OUTPUT_FLAG_FAST denied by client
I/ActivityManager( 3185): Killing 5422:hello.radek.washington.edu.hello/u0a58 (adj 9): remove task
I/WindowState( 3185): WIN DEATH: Window{2f3d426c u0 hello.radek.washington.edu.hello/hello.radek.washington.edu.hello.MainActivity}
W/libprocessgroup( 3185): failed to open /acct/uid_10058/pid_5422/cgroup.procs: No such file or directory
D/TaskPersister( 3185): removeObsoleteFile: deleting file=25_task.xml
D/TaskPersister( 3185): removeObsoleteFile: deleting file=25_task_thumbnail.png
W/AudioTrack( 3185): AUDIO_OUTPUT_FLAG_FAST denied by client
I/ActivityManager( 3185): Killing 4979:com.android.mms/u0a10 (adj 9): remove task
I/WindowState( 3185): WIN DEATH: Window{2385016e u0 com.android.mms/com.android.mms.ui.ConversationList}
D/CountryDetector( 3185): No listener is left
W/libprocessgroup( 3185): failed to open /acct/uid_10010/pid_4979/cgroup.procs: No such file or directory
D/TaskPersister( 3185): removeObsoleteFile: deleting file=16_task.xml
D/TaskPersister( 3185): removeObsoleteFile: deleting file=16_task_thumbnail.png
W/AudioTrack( 3185): AUDIO_OUTPUT_FLAG_FAST denied by client
I/ActivityManager( 3185): START u0 {act=android.intent.action.MAIN cat=[android.intent.category.HOME] flg=0x10200000 cmp=com.android.launcher/com.android.launcher2.Launcher} from uid 10013 on display 0
W/EGL_emulation( 3502): eglSurfaceAttrib not implemented
W/OpenGLRenderer( 3502): Failed to set EGL_SWAP_BEHAVIOR on surface 0xa3e94520, error=EGL_SUCCESS
W/OpenGLRenderer( 3502): Incorrectly called buildLayer on View: ShortcutAndWidgetContainer, destroying layer...
W/OpenGLRenderer( 3502): Incorrectly called buildLayer on View: ShortcutAndWidgetContainer, destroying layer...
W/OpenGLRenderer( 3502): Incorrectly called buildLayer on View: ShortcutAndWidgetContainer, destroying layer...
W/AudioTrack( 3185): AUDIO_OUTPUT_FLAG_FAST denied by client
I/ActivityManager( 3185): START u0 {act=android.intent.action.MAIN cat=[android.intent.category.LAUNCHER] flg=0x10000000 cmp=hello.radek.washington.edu.activityspy/.MainActivity (has extras)} from uid 10008 on display 0
W/AudioTrack( 3185): AUDIO_OUTPUT_FLAG_FAST denied by client
I/art     ( 5502): Not late-enabling -Xcheck:jni (already on)
I/ActivityManager( 3185): Start proc hello.radek.washington.edu.activityspy for activity hello.radek.washington.edu.activityspy/.MainActivity: pid=5502 uid=10059 gids={50059, 9997} abi=x86
I/MainActivity( 5502): onCreate event fired
I/MainActivity( 5502): onStart event fired
I/MainActivity( 5502): onResume event fired
D/OpenGLRenderer( 5502): Render dirty regions requested: true
D/        ( 5502): HostConnection::get() New Host Connection established 0xa68414f0, tid 5502
D/Atlas   ( 5502): Validating map...
D/        ( 5502): HostConnection::get() New Host Connection established 0xa6841b50, tid 5517
I/OpenGLRenderer( 5502): Initialized EGL, version 1.4
D/OpenGLRenderer( 5502): Enabling debug mode 0
W/EGL_emulation( 5502): eglSurfaceAttrib not implemented
W/OpenGLRenderer( 5502): Failed to set EGL_SWAP_BEHAVIOR on surface 0xa681baa0, error=EGL_SUCCESS
I/ActivityManager( 3185): Displayed hello.radek.washington.edu.activityspy/.MainActivity: +448ms
W/AudioTrack( 3185): AUDIO_OUTPUT_FLAG_FAST denied by client
W/art     ( 5502): Before Android 4.1, method int android.support.v7.internal.widget.ListViewCompat.lookForSelectablePosition(int, boolean) would have incorrectly overridden the package-private method in android.widget.ListView
W/EGL_emulation( 5502): eglSurfaceAttrib not implemented
W/OpenGLRenderer( 5502): Failed to set EGL_SWAP_BEHAVIOR on surface 0xa68dd2e0, error=EGL_SUCCESS
W/AudioTrack( 3185): AUDIO_OUTPUT_FLAG_FAST denied by client
W/InputMethodManagerService( 3185): Window already focused, ignoring focus gain of: com.android.internal.view.IInputMethodClient$Stub$Proxy@14ab1bc7 attribute=null, token = android.os.BinderProxy@296a222e
W/AudioTrack( 3185): AUDIO_OUTPUT_FLAG_FAST denied by client
W/EGL_emulation( 5502): eglSurfaceAttrib not implemented
W/OpenGLRenderer( 5502): Failed to set EGL_SWAP_BEHAVIOR on surface 0xa5cdd740, error=EGL_SUCCESS
W/AudioTrack( 3185): AUDIO_OUTPUT_FLAG_FAST denied by client
W/InputEventReceiver( 5502): Attempted to finish an input event but the input event receiver has already been disposed.
W/InputMethodManagerService( 3185): Window already focused, ignoring focus gain of: com.android.internal.view.IInputMethodClient$Stub$Proxy@3c8fef92 attribute=null, token = android.os.BinderProxy@296a222e
W/AudioTrack( 3185): AUDIO_OUTPUT_FLAG_FAST denied by client
W/ResourceType( 3267): No package identifier when getting value for resource number 0x00000000
W/PackageManager( 3267): Failure retrieving resources for hello.radek.washington.edu.activityspy: Resource ID #0x0
I/ActivityManager( 3185): START u0 {act=com.android.systemui.recents.SHOW_RECENTS flg=0x10804000 cmp=com.android.systemui/.recents.RecentsActivity (has extras)} from uid 10013 on display 0
E/EGL_emulation(  920): tid 920: eglCreateSyncKHR(1237): error 0x3004 (EGL_BAD_ATTRIBUTE)
I/MainActivity( 5502): onPause event fired
I/MainActivity( 5502): onStop event fired
W/ResourceType( 3267): No package identifier when getting value for resource number 0x00000000
W/PackageManager( 3267): Failure retrieving resources for hello.radek.washington.edu.activityspy: Resource ID #0x0
I/art     ( 3185): Background partial concurrent mark sweep GC freed 3811(194KB) AllocSpace objects, 8(8MB) LOS objects, 20% free, 15MB/19MB, paused 1.734ms total 154.274ms
W/EGL_emulation( 3267): eglSurfaceAttrib not implemented
W/OpenGLRenderer( 3267): Failed to set EGL_SWAP_BEHAVIOR on surface 0xa31657a0, error=EGL_SUCCESS
I/art     ( 3185): Background sticky concurrent mark sweep GC freed 70(3KB) AllocSpace objects, 0(0B) LOS objects, 11% free, 15MB/17MB, paused 29.728ms total 93.587ms
W/art     ( 5502): Suspending all threads took: 8.631ms
W/SurfaceFlinger(  920): couldn't log to binary event log: overflow.
W/AudioTrack( 3185): AUDIO_OUTPUT_FLAG_FAST denied by client
I/ActivityManager( 3185): Killing 5502:hello.radek.washington.edu.activityspy/u0a59 (adj 9): remove task
I/WindowState( 3185): WIN DEATH: Window{162ec1cf u0 hello.radek.washington.edu.activityspy/hello.radek.washington.edu.activityspy.MainActivity}
W/libprocessgroup( 3185): failed to open /acct/uid_10059/pid_5502/cgroup.procs: No such file or directory
D/TaskPersister( 3185): removeObsoleteFile: deleting file=28_task.xml
D/TaskPersister( 3185): removeObsoleteFile: deleting file=28_task_thumbnail.png
W/AudioTrack( 3185): AUDIO_OUTPUT_FLAG_FAST denied by client
I/ActivityManager( 3185): START u0 {act=android.intent.action.MAIN cat=[android.intent.category.HOME] flg=0x10200000 cmp=com.android.launcher/com.android.launcher2.Launcher} from uid 10013 on display 0
W/EGL_emulation( 3502): eglSurfaceAttrib not implemented
W/OpenGLRenderer( 3502): Failed to set EGL_SWAP_BEHAVIOR on surface 0xa442bec0, error=EGL_SUCCESS
W/OpenGLRenderer( 3502): Incorrectly called buildLayer on View: ShortcutAndWidgetContainer, destroying layer...
W/OpenGLRenderer( 3502): Incorrectly called buildLayer on View: ShortcutAndWidgetContainer, destroying layer...
W/OpenGLRenderer( 3502): Incorrectly called buildLayer on View: ShortcutAndWidgetContainer, destroying layer...
W/AudioTrack( 3185): AUDIO_OUTPUT_FLAG_FAST denied by client
I/ActivityManager( 3185): START u0 {act=android.intent.action.MAIN cat=[android.intent.category.LAUNCHER] flg=0x10000000 cmp=hello.radek.washington.edu.activityspy/.MainActivity (has extras)} from uid 10008 on display 0
W/AudioTrack( 3185): AUDIO_OUTPUT_FLAG_FAST denied by client
I/ActivityManager( 3185): Start proc hello.radek.washington.edu.activityspy for activity hello.radek.washington.edu.activityspy/.MainActivity: pid=5533 uid=10059 gids={50059, 9997} abi=x86
I/art     ( 5533): Not late-enabling -Xcheck:jni (already on)
I/MainActivity( 5533): onCreate event fired
I/MainActivity( 5533): onStart event fired
I/MainActivity( 5533): onResume event fired
D/OpenGLRenderer( 5533): Render dirty regions requested: true
D/        ( 5533): HostConnection::get() New Host Connection established 0xa6c464e0, tid 5533
D/Atlas   ( 5533): Validating map...
D/        ( 5533): HostConnection::get() New Host Connection established 0xa6c46ab0, tid 5548
I/OpenGLRenderer( 5533): Initialized EGL, version 1.4
D/OpenGLRenderer( 5533): Enabling debug mode 0
W/EGL_emulation( 5533): eglSurfaceAttrib not implemented
W/OpenGLRenderer( 5533): Failed to set EGL_SWAP_BEHAVIOR on surface 0xa6c20900, error=EGL_SUCCESS
I/ActivityManager( 3185): Displayed hello.radek.washington.edu.activityspy/.MainActivity: +484ms
W/AudioTrack( 3185): AUDIO_OUTPUT_FLAG_FAST denied by client
W/ResourceType( 3267): No package identifier when getting value for resource number 0x00000000
W/PackageManager( 3267): Failure retrieving resources for hello.radek.washington.edu.activityspy: Resource ID #0x0
I/ActivityManager( 3185): START u0 {act=com.android.systemui.recents.SHOW_RECENTS flg=0x10804000 cmp=com.android.systemui/.recents.RecentsActivity (has extras)} from uid 10013 on display 0
D/        ( 3185): HostConnection::get() New Host Connection established 0x9fdfc230, tid 3576
E/EGL_emulation(  920): tid 920: eglCreateSyncKHR(1237): error 0x3004 (EGL_BAD_ATTRIBUTE)
I/MainActivity( 5533): onPause event fired
I/MainActivity( 5533): onStop event fired
W/ResourceType( 3267): No package identifier when getting value for resource number 0x00000000
W/PackageManager( 3267): Failure retrieving resources for hello.radek.washington.edu.activityspy: Resource ID #0x0
W/EGL_emulation( 3267): eglSurfaceAttrib not implemented
W/OpenGLRenderer( 3267): Failed to set EGL_SWAP_BEHAVIOR on surface 0xa3165ba0, error=EGL_SUCCESS
W/SurfaceFlinger(  920): couldn't log to binary event log: overflow.
W/AudioTrack( 3185): AUDIO_OUTPUT_FLAG_FAST denied by client
I/ActivityManager( 3185): Killing 5533:hello.radek.washington.edu.activityspy/u0a59 (adj 9): remove task
I/WindowState( 3185): WIN DEATH: Window{2b964f8e u0 hello.radek.washington.edu.activityspy/hello.radek.washington.edu.activityspy.MainActivity}
W/libprocessgroup( 3185): failed to open /acct/uid_10059/pid_5533/cgroup.procs: No such file or directory
D/TaskPersister( 3185): removeObsoleteFile: deleting file=29_task.xml
D/TaskPersister( 3185): removeObsoleteFile: deleting file=29_task_thumbnail.png
W/AudioTrack( 3185): AUDIO_OUTPUT_FLAG_FAST denied by client
I/ActivityManager( 3185): START u0 {act=android.intent.action.MAIN cat=[android.intent.category.HOME] flg=0x10200000 cmp=com.android.launcher/com.android.launcher2.Launcher} from uid 10013 on display 0
W/EGL_emulation( 3502): eglSurfaceAttrib not implemented
W/OpenGLRenderer( 3502): Failed to set EGL_SWAP_BEHAVIOR on surface 0xa3e949a0, error=EGL_SUCCESS
W/OpenGLRenderer( 3502): Incorrectly called buildLayer on View: ShortcutAndWidgetContainer, destroying layer...
W/OpenGLRenderer( 3502): Incorrectly called buildLayer on View: ShortcutAndWidgetContainer, destroying layer...
W/OpenGLRenderer( 3502): Incorrectly called buildLayer on View: ShortcutAndWidgetContainer, destroying layer...
W/AudioTrack( 3185): AUDIO_OUTPUT_FLAG_FAST denied by client
